Archive member included because of file (symbol)

C:\fehqt\Proteus/EWL/lib/armv7e-m\libm.a(fmaxf.o)
                              ..\main.o (fmaxf)
C:\fehqt\Proteus/EWL/lib/armv7e-m\libm.a(math_api.o)
                              C:\fehqt\Proteus/EWL/lib/armv7e-m\libm.a(fmaxf.o) (__fpclassifyf)
C:\fehqt\Proteus/EWL/lib/armv7e-m\libm.a(s_cos.o)
                              ..\main.o (cos)
C:\fehqt\Proteus/EWL/lib/armv7e-m\libm.a(s_sin.o)
                              ..\main.o (sin)
C:\fehqt\Proteus/EWL/lib/armv7e-m\libm.a(w_atan2f.o)
                              ..\main.o (atan2f)
C:\fehqt\Proteus/EWL/lib/armv7e-m\libm.a(w_powf.o)
                              ..\main.o (powf)
C:\fehqt\Proteus/EWL/lib/armv7e-m\libm.a(w_sqrtf.o)
                              ..\main.o (sqrtf)
C:\fehqt\Proteus/EWL/lib/armv7e-m\libm.a(e_atan2f.o)
                              C:\fehqt\Proteus/EWL/lib/armv7e-m\libm.a(w_atan2f.o) (__ieee754_atan2f)
C:\fehqt\Proteus/EWL/lib/armv7e-m\libm.a(e_powf.o)
                              C:\fehqt\Proteus/EWL/lib/armv7e-m\libm.a(w_powf.o) (__ieee754_powf)
C:\fehqt\Proteus/EWL/lib/armv7e-m\libm.a(e_rem_pio2.o)
                              C:\fehqt\Proteus/EWL/lib/armv7e-m\libm.a(s_cos.o) (__ieee754_rem_pio2)
C:\fehqt\Proteus/EWL/lib/armv7e-m\libm.a(e_sqrtf.o)
                              C:\fehqt\Proteus/EWL/lib/armv7e-m\libm.a(w_sqrtf.o) (__ieee754_sqrtf)
C:\fehqt\Proteus/EWL/lib/armv7e-m\libm.a(k_cos.o)
                              C:\fehqt\Proteus/EWL/lib/armv7e-m\libm.a(s_cos.o) (__kernel_cos)
C:\fehqt\Proteus/EWL/lib/armv7e-m\libm.a(k_rem_pio2.o)
                              C:\fehqt\Proteus/EWL/lib/armv7e-m\libm.a(e_rem_pio2.o) (__kernel_rem_pio2)
C:\fehqt\Proteus/EWL/lib/armv7e-m\libm.a(k_sin.o)
                              C:\fehqt\Proteus/EWL/lib/armv7e-m\libm.a(s_cos.o) (__kernel_sin)
C:\fehqt\Proteus/EWL/lib/armv7e-m\libm.a(s_atanf.o)
                              C:\fehqt\Proteus/EWL/lib/armv7e-m\libm.a(e_atan2f.o) (atanf)
C:\fehqt\Proteus/EWL/lib/armv7e-m\libm.a(s_floor.o)
                              C:\fehqt\Proteus/EWL/lib/armv7e-m\libm.a(k_rem_pio2.o) (floor)
C:\fehqt\Proteus/EWL/lib/armv7e-m\libm.a(s_scalbnf.o)
                              C:\fehqt\Proteus/EWL/lib/armv7e-m\libm.a(e_powf.o) (scalbnf)
C:\fehqt\Proteus/EWL/lib/armv7e-m\libm.a(scalbn.o)
                              C:\fehqt\Proteus/EWL/lib/armv7e-m\libm.a(k_rem_pio2.o) (scalbn)
C:\fehqt\Proteus/EWL/lib/armv7e-m\libm.a(s_frexp.o)
                              C:\fehqt\Proteus/EWL/lib/armv7e-m\libm.a(scalbn.o) (frexp)
C:\fehqt\Proteus/EWL/lib/armv7e-m\libm.a(s_ldexp.o)
                              C:\fehqt\Proteus/EWL/lib/armv7e-m\libm.a(scalbn.o) (ldexp)
C:\fehqt\Proteus/EWL/lib/armv7e-m\libc.a(errno.o)
                              C:\fehqt\Proteus/EWL/lib/armv7e-m\libm.a(e_atan2f.o) (errno)
C:\fehqt\Proteus/EWL/lib/armv7e-m\libc.a(sprintf.o)
                              Libraries\FEHLCD.o (sprintf)
C:\fehqt\Proteus/EWL/lib/armv7e-m\libc.a(vsnprintf.o)
                              C:\fehqt\Proteus/EWL/lib/armv7e-m\libc.a(sprintf.o) (vsnprintf)
C:\fehqt\Proteus/EWL/lib/armv7e-m\libc.a(exit.o)
                              Startup\__arm_start.o (exit)
C:\fehqt\Proteus/EWL/lib/armv7e-m\libc.a(memcpy.o)
                              C:\fehqt\Proteus/EWL/lib/armv7e-m\libc.a(vsnprintf.o) (memcpy)
C:\fehqt\Proteus/EWL/lib/armv7e-m\libc.a(memset.o)
                              ..\main.o (memset)
C:\fehqt\Proteus/EWL/lib/armv7e-m\libc.a(strcmp.o)
                              Libraries\FEHLCD.o (strcmp)
C:\fehqt\Proteus/EWL/lib/armv7e-m\libc.a(strcpy.o)
                              Libraries\FEHLCD.o (strcpy)
C:\fehqt\Proteus/EWL/lib/armv7e-m\libc.a(strlen.o)
                              Libraries\FEHLCD.o (strlen)
C:\fehqt\Proteus/EWL/lib/armv7e-m\libc.a(math_ARM.o)
                              C:\fehqt\Proteus/EWL/lib/armv7e-m\libm.a(math_api.o) (__ewl_count_bits32)
C:\fehqt\Proteus/EWL/lib/armv7e-m\libc.a(printformat_.o)
                              (__pformatter_)
C:\fehqt\Proteus/EWL/lib/armv7e-m\libc.a(scanformat_.o)
                              (__sformatter)
C:\fehqt\Proteus/EWL/lib/armv7e-m\libc.a(ctype_aeabi.o)
                              C:\fehqt\Proteus/EWL/lib/armv7e-m\libc.a(scanformat_.o) (isspace)
C:\fehqt\Proteus/EWL/lib/armv7e-m\libc.a(__strtoul.o)
                              C:\fehqt\Proteus/EWL/lib/armv7e-m\libc.a(scanformat_.o) (__strtoul)
C:\fehqt\Proteus/EWL/lib/armv7e-m\libc.a(__filll_mem.o)
                              C:\fehqt\Proteus/EWL/lib/armv7e-m\libc.a(memset.o) (__fill_mem)
C:\fehqt\Proteus/EWL/lib/armv7e-m\libc.a(memchr.o)
                              C:\fehqt\Proteus/EWL/lib/armv7e-m\libc.a(printformat_.o) (memchr)
C:\fehqt\Proteus/EWL/lib/armv7e-m\libc.a(strchr.o)
                              C:\fehqt\Proteus/EWL/lib/armv7e-m\libc.a(printformat_.o) (strchr)
c:/fehqt/proteus/gcc/bin/../lib/gcc/arm-none-eabi/4.6.2/armv7e-m\libgcc.a(_lshrdi3.o)
[...]
Memory Configuration

Name             Origin             Length             Attributes
m_interrupts     0x0000c000         0x00000400         xr
m_cfmprotrom     0x0000c400         0x00000010         xr
m_text           0x0000c410         0x00073bf0         xr
m_data           0x1fff0400         0x0000fc00         xrw
m_data2          0x20000000         0x00010000         xrw
*default*        0x00000000         0xffffffff

Linker script and memory map

LOAD ..\main.o
LOAD Startup\__arm_start.o
LOAD Startup\__arm_end.o
LOAD Startup\kinetis_sysinit.o
LOAD Libraries\FEHMotor.o
LOAD Drivers\mcg.o
LOAD Drivers\i2c.o
LOAD Drivers\spi.o
LOAD Drivers\uart.o
LOAD Drivers\ff.o
LOAD Drivers\SDHC.o
LOAD Drivers\lptmr.o
LOAD FEHProteus.o
LOAD Drivers\FEHPropeller.o
LOAD Libraries\FEHUtility.o
LOAD Libraries\FEHIO.o
LOAD Drivers\adc16.o
LOAD Libraries\FEHBuzzer.o
LOAD Libraries\FEHServo.o
LOAD Libraries\FEHLCD.o
LOAD Libraries\FEHAccel.o
LOAD Libraries\FEHBattery.o
LOAD Drivers\FEHXBee.o
LOAD Libraries\FEHRPS.o
LOAD Libraries\FEHSD.o
                0x000169cc                __pformatter = __pformatter_
                [0x00016dc4]                __sformatter = __sformatter
LOAD C:\fehqt\Proteus/EWL/lib/armv7e-m\libstdc++.a
LOAD C:\fehqt\Proteus/EWL/lib/armv7e-m\libm.a
START GROUP
LOAD C:\fehqt\Proteus/EWL/lib/armv7e-m\libc.a
LOAD C:\fehqt\Proteus/EWL/lib/armv7e-m\libc++.a
LOAD C:\fehqt\Proteus/EWL/lib/armv7e-m\libm.a
LOAD c:/fehqt/proteus/gcc/bin/../lib/gcc/arm-none-eabi/4.6.2/armv7e-m\libgcc.a
LOAD C:\fehqt\Proteus/EWL/lib/armv7e-m\librt.a
LOAD c:/fehqt/proteus/gcc/bin/../lib/gcc/arm-none-eabi/4.6.2/../../../../arm-none-eabi/lib/armv7e-m\libsupc++.a
END GROUP
                0x20000000                _estack = 0x20000000
                0x20000000                __SP_INIT = _estack
                0x00000800                __heap_size = 0x800
                0x00000800                __stack_size = 0x800

.interrupts     0x0000c000      0x1e0
                0x0000c000                __vector_table = .
                0x0000c000                . = ALIGN (0x4)
 *(.vectortable)
 .vectortable   0x0000c000      0x1e0 Startup\kinetis_sysinit.o
                0x0000c1e0                . = ALIGN (0x4)

.cfmprotect     0x0000c400        0x0
                0x0000c400                . = ALIGN (0x4)
 *(.cfmconfig)
                0x0000c400                . = ALIGN (0x4)

.text           0x0000c410     0xbb2c
                0x0000c410                . = ALIGN (0x4)
 *(.text)
 .text          0x0000c410      0x370 c:/fehqt/proteus/gcc/bin/../lib/gcc/arm-none-eabi/4.6.2/armv7e-m\libgcc.a(_arm_addsubdf3.o)
                0x0000c410                __aeabi_drsub
                0x0000c418                __aeabi_dsub
                0x0000c418                __subdf3
                0x0000c41c                __aeabi_dadd
                0x0000c41c                __adddf3
                0x0000c694                __floatunsidf
                0x0000c694                __aeabi_ui2d
                0x0000c6b4                __floatsidf
                0x0000c6b4                __aeabi_i2d
                0x0000c6d8                __aeabi_f2d
                0x0000c6d8                __extendsfdf2
                0x0000c714                __floatundidf
                0x0000c714                __aeabi_ul2d
                0x0000c724                __floatdidf
                0x0000c724                __aeabi_l2d
 .text          0x0000c780      0x424 c:/fehqt/proteus/gcc/bin/../lib/gcc/arm-none-eabi/4.6.2/armv7e-m\libgcc.a(_arm_muldivdf3.o)
                0x0000c780                __aeabi_dmul
                0x0000c780                __muldf3
                0x0000c9d4                __divdf3
                0x0000c9d4                __aeabi_ddiv
 .text          0x0000cba4      0x110 c:/fehqt/proteus/gcc/bin/../lib/gcc/arm-none-eabi/4.6.2/armv7e-m\libgcc.a(_arm_cmpdf2.o)
                0x0000cba4                __gtdf2
                0x0000cba4                __gedf2
                0x0000cbac                __ltdf2
                0x0000cbac                __ledf2
                0x0000cbb4                __nedf2
                0x0000cbb4                __eqdf2
                0x0000cbb4                __cmpdf2
                0x0000cc30                __aeabi_cdrcmple
                0x0000cc40                __aeabi_cdcmpeq
                0x0000cc40                __aeabi_cdcmple
                0x0000cc50                __aeabi_dcmpeq
                0x0000cc64                __aeabi_dcmplt
                0x0000cc78                __aeabi_dcmple
                0x0000cc8c                __aeabi_dcmpge
                0x0000cca0                __aeabi_dcmpgt
 .text          0x0000ccb4       0x50 c:/fehqt/proteus/gcc/bin/../lib/gcc/arm-none-eabi/4.6.2/armv7e-m\libgcc.a(_arm_fixdfsi.o)
                0x0000ccb4                __aeabi_d2iz
                0x0000ccb4                __fixdfsi
 .text          0x0000cd04       0x40 c:/fehqt/proteus/gcc/bin/../lib/gcc/arm-none-eabi/4.6.2/armv7e-m\libgcc.a(_arm_fixunsdfsi.o)
                0x0000cd04                __aeabi_d2uiz
                0x0000cd04                __fixunsdfsi
 .text          0x0000cd44       0xa0 c:/fehqt/proteus/gcc/bin/../lib/gcc/arm-none-eabi/4.6.2/armv7e-m\libgcc.a(_arm_truncdfsf2.o)
                0x0000cd44                __truncdfsf2
                0x0000cd44                __aeabi_d2f
 .text          0x0000cde4      0x21c c:/fehqt/proteus/gcc/bin/../lib/gcc/arm-none-eabi/4.6.2/armv7e-m\libgcc.a(_arm_addsubsf3.o)
                0x0000cde4                __aeabi_frsub
                0x0000cdec                __subsf3
                0x0000cdec                __aeabi_fsub
                0x0000cdf0                __aeabi_fadd
                0x0000cdf0                __addsf3
                0x0000cf50                __aeabi_ui2f
                0x0000cf50                __floatunsisf
                0x0000cf58                __aeabi_i2f
                0x0000cf58                __floatsisf
                0x0000cf74                __aeabi_ul2f
                0x0000cf74                __floatundisf
                0x0000cf84                __aeabi_l2f
                0x0000cf84                __floatdisf
 .text          0x0000d000      0x2a0 c:/fehqt/proteus/gcc/bin/../lib/gcc/arm-none-eabi/4.6.2/armv7e-m\libgcc.a(_arm_muldivsf3.o)
                0x0000d000                __mulsf3
                0x0000d000                __aeabi_fmul
                0x0000d168                __aeabi_fdiv
                0x0000d168                __divsf3
 .text          0x0000d2a0       0xec c:/fehqt/proteus/gcc/bin/../lib/gcc/arm-none-eabi/4.6.2/armv7e-m\libgcc.a(_arm_cmpsf2.o)
                0x0000d2a0                __gesf2
                0x0000d2a0                __gtsf2
                0x0000d2a8                __lesf2
                0x0000d2a8                __ltsf2
                0x0000d2b0                __nesf2
                0x0000d2b0                __eqsf2
                0x0000d2b0                __cmpsf2
                0x0000d310                __aeabi_cfrcmple
                0x0000d318                __aeabi_cfcmpeq
                0x0000d318                __aeabi_cfcmple
                0x0000d328                __aeabi_fcmpeq
                0x0000d33c                __aeabi_fcmplt
                0x0000d350                __aeabi_fcmple
                0x0000d364                __aeabi_fcmpge
                0x0000d378                __aeabi_fcmpgt
 .text          0x0000d38c       0x4c c:/fehqt/proteus/gcc/bin/../lib/gcc/arm-none-eabi/4.6.2/armv7e-m\libgcc.a(_arm_fixsfsi.o)
                0x0000d38c                __aeabi_f2iz
                0x0000d38c                __fixsfsi
 *(.text*)
 .text.main     0x0000d3d8       0xb8 ..\main.o
                0x0000d3d8                main
 .text._Z8setupRunv
                0x0000d490       0x4c ..\main.o
                0x0000d490                setupRun()
 .text._Z12calibrateCdsv
                0x0000d4dc       0xb8 ..\main.o
                0x0000d4dc                calibrateCds()
 .text._Z12waitForTouchv
                0x0000d594       0xa4 ..\main.o
                0x0000d594                waitForTouch()
 .text._Z12startWithCdsv
                0x0000d638      0x1b0 ..\main.o
                0x0000d638                startWithCds()
 .text._Z3docPKc
                0x0000d7e8       0x6c ..\main.o
                0x0000d7e8                doc(char const*)
 .text._Z3docPKcf
                0x0000d854       0x9c ..\main.o
                0x0000d854                doc(char const*, float)
 .text._Z41__static_initialization_and_destruction_0ii
                0x0000d8f0       0xa0 ..\main.o
 .text._GLOBAL__sub_I_Robot
                0x0000d990       0x14 ..\main.o
 .text.zero_fill_bss
                0x0000d9a4       0x34 Startup\__arm_start.o
 .text.__thumb_startup
                0x0000d9d8       0x34 Startup\__arm_start.o
                0x0000d9d8                __thumb_startup
 .text.InitFEHProteus
                0x0000da0c      0x15c Startup\__arm_start.o
                0x0000da0c                InitFEHProteus
 .text.pll_init_bl
                0x0000db68      0x130 Startup\__arm_start.o
 .text.InitPowerButton
                0x0000dc98       0x90 Startup\__arm_start.o
                0x0000dc98                InitPowerButton
 .text._ExitProcess
                0x0000dd28        0xc Startup\__arm_end.o
                0x0000dd28                _ExitProcess
 .text.Default_Handler
                0x0000dd34        0xc Startup\kinetis_sysinit.o
                0x0000dd34                BusFault_Handler()
                0x0000dd34                HardFault_Handler()
                0x0000dd34                SysTick_Handler()
                0x0000dd34                PendSV_Handler()
                0x0000dd34                DebugMonitor_Handler()
                0x0000dd34                MemManage_Handler()
                0x0000dd34                NMI_Handler()
                0x0000dd34                SVC_Handler()
                0x0000dd34                Default_Handler
                0x0000dd34                UsageFault_Handler()
 .text.__init_hardware
                0x0000dd40       0x44 Startup\kinetis_sysinit.o
                0x0000dd40                __init_hardware
 .text._Z8PortDISRv
                0x0000dd84       0x64 Startup\kinetis_sysinit.o
                0x0000dd84                PortDISR()
 .text._ZN8FEHMotorC2ENS_12FEHMotorPortEf
                0x0000dde8       0xb0 Libraries\FEHMotor.o
                0x0000dde8                FEHMotor::FEHMotor(FEHMotor::FEHMotorPort, float)
                0x0000dde8                FEHMotor::FEHMotor(FEHMotor::FEHMotorPort, float)
 .text._Z21IIC_StartTransmissionhh
                0x0000de98       0x98 Drivers\i2c.o
                0x0000de98                IIC_StartTransmission(unsigned char, unsigned char)
 .text._Z5Pausev
                0x0000df30       0x34 Drivers\i2c.o
                0x0000df30                Pause()
 .text._Z21MMA8451QWriteRegisterhh
                0x0000df64      0x12c Drivers\i2c.o
                0x0000df64                MMA8451QWriteRegister(unsigned char, unsigned char)
 .text._Z12SPI_SendCharh
                0x0000e090       0x1c Drivers\spi.o
                0x0000e090                SPI_SendChar(unsigned char)
 .text._Z16SPI_WriteCommandhh
                0x0000e0ac       0x34 Drivers\spi.o
                0x0000e0ac                SPI_WriteCommand(unsigned char, unsigned char)
 .text._Z11SPI_GetCharv
                0x0000e0e0       0x14 Drivers\spi.o
                0x0000e0e0                SPI_GetChar()
 .text._Z15SPI_ReadCommandh
                0x0000e0f4       0x3c Drivers\spi.o
                0x0000e0f4                SPI_ReadCommand(unsigned char)
 .text._Z13SPI_CS_Assertv
                0x0000e130       0x24 Drivers\spi.o
                0x0000e130                SPI_CS_Assert()
 .text._Z15SPI_CS_Deassertv
                0x0000e154       0x24 Drivers\spi.o
                0x0000e154                SPI_CS_Deassert()
 .text._Z12SPI_Transferh
                0x0000e178       0x88 Drivers\spi.o
                0x0000e178                SPI_Transfer(unsigned char)
 .text._Z8SPI_Initv
                0x0000e200       0xe8 Drivers\spi.o
                0x0000e200                SPI_Init()
 .text._Z9uart_initPV11UART_MemMapii
                0x0000e2e8      0x20c Drivers\uart.o
                0x0000e2e8                uart_init(UART_MemMap volatile*, int, int)
 .text._Z12uart_getcharPV11UART_MemMap
                0x0000e4f4       0x34 Drivers\uart.o
                0x0000e4f4                uart_getchar(UART_MemMap volatile*)
 .text._Z12uart_putcharPV11UART_MemMapc
                0x0000e528       0x38 Drivers\uart.o
                0x0000e528                uart_putchar(UART_MemMap volatile*, char)
 .text._ZL7mem_cpyPvPKvj
                0x0000e560       0x50 Drivers\ff.o
 .text._ZL7mem_setPvij
                0x0000e5b0       0x44 Drivers\ff.o
 .text._ZL7mem_cmpPKvS0_j
                0x0000e5f4       0x7c Drivers\ff.o
 .text._ZL7chk_chrPKci
                0x0000e670       0x48 Drivers\ff.o
 .text._ZL11move_windowP5FATFSm
                0x0000e6b8       0xf0 Drivers\ff.o
 .text._ZL4syncP5FATFS
                0x0000e7a8      0x188 Drivers\ff.o
 .text._Z10clust2sectP5FATFSm
                0x0000e930       0x44 Drivers\ff.o
                0x0000e930                clust2sect(FATFS*, unsigned long)
 .text._Z7get_fatP5FATFSm
                0x0000e974      0x1d4 Drivers\ff.o
                0x0000e974                get_fat(FATFS*, unsigned long)
 .text._Z7put_fatP5FATFSmm
                0x0000eb48      0x268 Drivers\ff.o
                0x0000eb48                put_fat(FATFS*, unsigned long, unsigned long)
 .text._ZL12remove_chainP5FATFSm
                0x0000edb0       0xbc Drivers\ff.o
 .text._ZL12create_chainP5FATFSm
                0x0000ee6c      0x130 Drivers\ff.o
 .text._ZL10clmt_clustP3FILm
                0x0000ef9c       0x70 Drivers\ff.o
 .text._ZL7dir_sdiP3DIRt
                0x0000f00c      0x124 Drivers\ff.o
 .text._ZL8dir_nextP3DIRi
                0x0000f130      0x1fc Drivers\ff.o
 .text._ZL8dir_findP3DIR
                0x0000f32c       0xbc Drivers\ff.o
 .text._ZL12dir_registerP3DIR
                0x0000f3e8       0xcc Drivers\ff.o
 .text._ZL11create_nameP3DIRPPKc
                0x0000f4b4      0x250 Drivers\ff.o
 .text._ZL11follow_pathP3DIRPKc
                0x0000f704      0x150 Drivers\ff.o
 .text._ZL8check_fsP5FATFSm
                0x0000f854       0xf0 Drivers\ff.o
 .text._ZL11chk_mountedPPKcPP5FATFSh
                0x0000f944      0x5f8 Drivers\ff.o
 .text._ZL8validateP5FATFSt
                0x0000ff3c       0x54 Drivers\ff.o
 .text._Z7f_mounthP5FATFS
                0x0000ff90       0x64 Drivers\ff.o
                0x0000ff90                f_mount(unsigned char, FATFS*)
 .text._Z6f_openP3FILPKch
                0x0000fff4      0x358 Drivers\ff.o
                0x0000fff4                f_open(FIL*, char const*, unsigned char)
 .text._Z7f_writeP3FILPKvjPj
                0x0001034c      0x39c Drivers\ff.o
                0x0001034c                f_write(FIL*, void const*, unsigned int, unsigned int*)
 .text._Z6f_syncP3FIL
                0x000106e8      0x1c0 Drivers\ff.o
                0x000106e8                f_sync(FIL*)
 .text._Z7f_closeP3FIL
                0x000108a8       0x2c Drivers\ff.o
                0x000108a8                f_close(FIL*)
 .text._Z6f_putccP3FIL
                0x000108d4       0x44 Drivers\ff.o
                0x000108d4                f_putc(char, FIL*)
 .text._Z6f_putsPKcP3FIL
                0x00010918       0x64 Drivers\ff.o
                0x00010918                f_puts(char const*, FIL*)
 .text._Z5powerii
                0x0001097c       0x50 Drivers\ff.o
                0x0001097c                power(int, int)
 .text._Z8f_printfP3FILPKcSt9__va_list
                0x000109cc      0x76c Drivers\ff.o
                0x000109cc                f_printf(FIL*, char const*, std::__va_list)
 .text._ZL17SDHC_set_baudratemm
                0x00011138      0x14c Drivers\SDHC.o
 .text._Z9SDHC_initP17esdhc_info_structPK17esdhc_init_struct
                0x00011284      0x1c4 Drivers\SDHC.o
                0x00011284                SDHC_init(esdhc_info_struct*, esdhc_init_struct const*)
 .text._ZL15SDHC_is_runningv
                0x00011448       0x28 Drivers\SDHC.o
 .text._ZL16SDHC_status_waitm
                0x00011470       0x38 Drivers\SDHC.o
 .text._ZL17SDHC_send_commandP20esdhc_command_struct
                0x000114a8      0x2a0 Drivers\SDHC.o
 .text._Z10SDHC_ioctlmPv
                0x00011748      0x978 Drivers\SDHC.o
                0x00011748                SDHC_ioctl(unsigned long, void*)
 .text._Z15disk_initializeh
                0x000120c0      0x448 Drivers\SDHC.o
                0x000120c0                disk_initialize(unsigned char)
 .text._ZL14rcvr_datablockPhm
                0x00012508      0x134 Drivers\SDHC.o
 .text._Z9disk_readhPhmh
                0x0001263c      0x13c Drivers\SDHC.o
                0x0001263c                disk_read(unsigned char, unsigned char*, unsigned long, unsigned char)
 .text._ZL14xmit_datablockPKhm
                0x00012778       0xe0 Drivers\SDHC.o
 .text._Z10disk_writehPKhmh
                0x00012858      0x1cc Drivers\SDHC.o
                0x00012858                disk_write(unsigned char, unsigned char const*, unsigned long, unsigned char)
 .text._Z10disk_ioctlhhPv
                0x00012a24      0x128 Drivers\SDHC.o
                0x00012a24                disk_ioctl(unsigned char, unsigned char, void*)
 .text._Z11disk_statush
                0x00012b4c       0x30 Drivers\SDHC.o
                0x00012b4c                disk_status(unsigned char)
 .text._Z13time_delay_msm
                0x00012b7c       0xa4 Drivers\lptmr.o
                0x00012b7c                time_delay_ms(unsigned long)
 .text._Z41__static_initialization_and_destruction_0ii
                0x00012c20       0x30 FEHProteus.o
 .text._GLOBAL__sub_I_Propeller
                0x00012c50       0x14 FEHProteus.o
 .text._ZN12FEHPropellerC2Ev
                0x00012c64       0x20 Drivers\FEHPropeller.o
                0x00012c64                FEHPropeller::FEHPropeller()
                0x00012c64                FEHPropeller::FEHPropeller()
 .text._ZN12FEHPropeller10InitializeEv
                0x00012c84       0x94 Drivers\FEHPropeller.o
                0x00012c84                FEHPropeller::Initialize()
 .text._ZL5Delaymjj
                0x00012d18       0xc4 Libraries\FEHUtility.o
 .text._Z5Sleepi
                0x00012ddc       0x34 Libraries\FEHUtility.o
                0x00012ddc                Sleep(int)
 .text._Z5Sleepd
                0x00012e10       0x58 Libraries\FEHUtility.o
                0x00012e10                Sleep(double)
 .text._Z7TimeNowv
                0x00012e68       0x70 Libraries\FEHUtility.o
                0x00012e68                TimeNow()
 .text._Z9portB_isrv
                0x00012ed8       0xd4 Libraries\FEHIO.o
                0x00012ed8                portB_isr()
 .text._Z9portC_isrv
                0x00012fac       0xd8 Libraries\FEHIO.o
                0x00012fac                portC_isr()
 .text._Z9portA_isrv
                0x00013084       0xd8 Libraries\FEHIO.o
                0x00013084                portA_isr()
 .text._Z9portE_isrv
                0x0001315c       0xd0 Libraries\FEHIO.o
                0x0001315c                portE_isr()
 .text._ZN14AnalogInputPinC2EN5FEHIO8FEHIOPinE
                0x0001322c       0x20 Libraries\FEHIO.o
                0x0001322c                AnalogInputPin::AnalogInputPin(FEHIO::FEHIOPin)
                0x0001322c                AnalogInputPin::AnalogInputPin(FEHIO::FEHIOPin)
 *fill*         0x0001324c        0x4 00
 .text._ZN14AnalogInputPin5ValueEv
                0x00013250      0x180 Libraries\FEHIO.o
                0x00013250                AnalogInputPin::Value()
 .text._ZN13AnalogEncoder12EncoderValueEv
                0x000133d0       0xe4 Libraries\FEHIO.o
                0x000133d0                AnalogEncoder::EncoderValue()
 .text._ZN14AnalogInputPin8InitADCsEv
                0x000134b4      0x120 Libraries\FEHIO.o
                0x000134b4                AnalogInputPin::InitADCs()
 .text._Z8pit0_isrv
                0x000135d4       0x34 Libraries\FEHIO.o
                0x000135d4                pit0_isr()
 .text._ZN13AnalogEncoder4InitEv
                0x00013608       0x64 Libraries\FEHIO.o
                0x00013608                AnalogEncoder::Init()
 .text._ZN13AnalogEncoder14SetCounterInitEj
                0x0001366c       0x20 Libraries\FEHIO.o
                0x0001366c                AnalogEncoder::SetCounterInit(unsigned int)
 .text._ZN13AnalogEncoder10ProcessIntEv
                0x0001368c       0x80 Libraries\FEHIO.o
                0x0001368c                AnalogEncoder::ProcessInt()
 .text._ZN13AnalogEncoder14ProcessIntSelfEv
                0x0001370c       0x80 Libraries\FEHIO.o
                0x0001370c                AnalogEncoder::ProcessIntSelf()
 .text._Z7ADC_CalPV10ADC_MemMap
                0x0001378c      0x14c Drivers\adc16.o
                0x0001378c                ADC_Cal(ADC_MemMap volatile*)
 .text._Z14ADC_Config_AltPV10ADC_MemMapP7adc_cfg
                0x000138d8       0x6c Drivers\adc16.o
                0x000138d8                ADC_Config_Alt(ADC_MemMap volatile*, adc_cfg*)
 .text._ZN9FEHBuzzer4BeepEv
                0x00013944       0x20 Libraries\FEHBuzzer.o
                0x00013944                FEHBuzzer::Beep()
 .text._ZN9FEHBuzzer4ToneEii
                0x00013964       0xa8 Libraries\FEHBuzzer.o
                0x00013964                FEHBuzzer::Tone(int, int)
 .text._ZN9FEHBuzzerC2Ev
                0x00013a0c       0x18 Libraries\FEHBuzzer.o
                0x00013a0c                FEHBuzzer::FEHBuzzer()
                0x00013a0c                FEHBuzzer::FEHBuzzer()
 .text._Z41__static_initialization_and_destruction_0ii
                0x00013a24       0x30 Libraries\FEHBuzzer.o
 .text._GLOBAL__sub_I_Buzzer
                0x00013a54       0x14 Libraries\FEHBuzzer.o
 .text._ZN8FEHServoC2ENS_12FEHServoPortE
                0x00013a68       0x3c Libraries\FEHServo.o
                0x00013a68                FEHServo::FEHServo(FEHServo::FEHServoPort)
                0x00013a68                FEHServo::FEHServo(FEHServo::FEHServoPort)
 .text._ZN6FEHLCD11_InitializeEv
                0x00013aa4      0x5dc Libraries\FEHLCD.o
                0x00013aa4                FEHLCD::_Initialize()
 .text._ZN6FEHLCDC2Ev
                0x00014080       0x64 Libraries\FEHLCD.o
                0x00014080                FEHLCD::FEHLCD()
                0x00014080                FEHLCD::FEHLCD()
 .text._ZN6FEHLCD10InitializeEv
                0x000140e4       0x38 Libraries\FEHLCD.o
                0x000140e4                FEHLCD::Initialize()
 .text._ZN6FEHLCD10PrintImageEii
                0x0001411c      0x100 Libraries\FEHLCD.o
                0x0001411c                FEHLCD::PrintImage(int, int)
 .text._ZN6FEHLCD9PrintLogoEii
                0x0001421c      0x100 Libraries\FEHLCD.o
                0x0001421c                FEHLCD::PrintLogo(int, int)
 .text._ZN6FEHLCD22ConvertFEHColorTo24BitENS_11FEHLCDColorE
                0x0001431c       0x80 Libraries\FEHLCD.o
                0x0001431c                FEHLCD::ConvertFEHColorTo24Bit(FEHLCD::FEHLCDColor)
 .text._ZN6FEHLCD24Convert24BitColorTo16BitEj
                0x0001439c       0x40 Libraries\FEHLCD.o
                0x0001439c                FEHLCD::Convert24BitColorTo16Bit(unsigned int)
 .text._ZN6FEHLCD22ConvertRGBColorTo16BitEhhh
                0x000143dc       0x44 Libraries\FEHLCD.o
                0x000143dc                FEHLCD::ConvertRGBColorTo16Bit(unsigned char, unsigned char, unsigned char)
 .text._ZN6FEHLCD5ClearENS_11FEHLCDColorE
                0x00014420       0x28 Libraries\FEHLCD.o
                0x00014420                FEHLCD::Clear(FEHLCD::FEHLCDColor)
 .text._ZN6FEHLCD5ClearEj
                0x00014448       0x2c Libraries\FEHLCD.o
                0x00014448                FEHLCD::Clear(unsigned int)
 .text._ZN6FEHLCD18SetBackgroundColorENS_11FEHLCDColorE
                0x00014474       0x28 Libraries\FEHLCD.o
                0x00014474                FEHLCD::SetBackgroundColor(FEHLCD::FEHLCDColor)
 .text._ZN6FEHLCD18SetBackgroundColorEj
                0x0001449c       0x28 Libraries\FEHLCD.o
                0x0001449c                FEHLCD::SetBackgroundColor(unsigned int)
 .text._ZN6FEHLCD12SetFontColorENS_11FEHLCDColorE
                0x000144c4       0x28 Libraries\FEHLCD.o
                0x000144c4                FEHLCD::SetFontColor(FEHLCD::FEHLCDColor)
 .text._ZN6FEHLCD12SetFontColorEj
                0x000144ec       0x28 Libraries\FEHLCD.o
                0x000144ec                FEHLCD::SetFontColor(unsigned int)
 .text._ZN6FEHLCD7WriteAtEPKcii
                0x00014514       0x58 Libraries\FEHLCD.o
                0x00014514                FEHLCD::WriteAt(char const*, int, int)
 .text._ZN6FEHLCD11TS_SPI_InitEv
                0x0001456c       0xa8 Libraries\FEHLCD.o
                0x0001456c                FEHLCD::TS_SPI_Init()
 *fill*         0x00014614        0x4 00
 .text._ZN6FEHLCD5TouchEPfS0_
                0x00014618      0x240 Libraries\FEHLCD.o
                0x00014618                FEHLCD::Touch(float*, float*)
 .text._ZN6FEHLCD3absEi
                0x00014858       0x28 Libraries\FEHLCD.o
                0x00014858                FEHLCD::abs(int)
 .text._ZN6FEHLCD7WriteRCEPKcii
                0x00014880       0x40 Libraries\FEHLCD.o
                0x00014880                FEHLCD::WriteRC(char const*, int, int)
 .text._ZN6FEHLCD5WriteEPKc
                0x000148c0       0x5c Libraries\FEHLCD.o
                0x000148c0                FEHLCD::Write(char const*)
 .text._ZN6FEHLCD5WriteEi
                0x0001491c       0x34 Libraries\FEHLCD.o
                0x0001491c                FEHLCD::Write(int)
 .text._ZN6FEHLCD5WriteEf
                0x00014950       0xdc Libraries\FEHLCD.o
                0x00014950                FEHLCD::Write(float)
 .text._ZN6FEHLCD5WriteEc
                0x00014a2c       0x30 Libraries\FEHLCD.o
                0x00014a2c                FEHLCD::Write(char)
 .text._ZN6FEHLCD9WriteLineEPKc
                0x00014a5c       0x28 Libraries\FEHLCD.o
                0x00014a5c                FEHLCD::WriteLine(char const*)
 .text._ZN6FEHLCD9WriteLineEf
                0x00014a84       0x28 Libraries\FEHLCD.o
                0x00014a84                FEHLCD::WriteLine(float)
 .text._ZN6FEHLCD10WriteIndexEh
                0x00014aac      0x288 Libraries\FEHLCD.o
                0x00014aac                FEHLCD::WriteIndex(unsigned char)
 .text._ZN6FEHLCD14WriteParameterEh
                0x00014d34      0x254 Libraries\FEHLCD.o
                0x00014d34                FEHLCD::WriteParameter(unsigned char)
 .text._ZN6FEHLCD6_ClearEv
                0x00014f88      0x228 Libraries\FEHLCD.o
                0x00014f88                FEHLCD::_Clear()
 .text._ZN6FEHLCD8NextLineEv
                0x000151b0       0x30 Libraries\FEHLCD.o
                0x000151b0                FEHLCD::NextLine()
 .text._ZN6FEHLCD9CheckLineEv
                0x000151e0       0x2c Libraries\FEHLCD.o
                0x000151e0                FEHLCD::CheckLine()
 .text._ZN6FEHLCD8NextCharEv
                0x0001520c       0x34 Libraries\FEHLCD.o
                0x0001520c                FEHLCD::NextChar()
 .text._ZN6FEHLCD13SetDrawRegionEiiii
                0x00015240      0x10c Libraries\FEHLCD.o
                0x00015240                FEHLCD::SetDrawRegion(int, int, int, int)
 .text._ZN6FEHLCD9WriteCharEiic
                0x0001534c       0x40 Libraries\FEHLCD.o
                0x0001534c                FEHLCD::WriteChar(int, int, char)
 .text._ZN6FEHLCD11WriteCharAtEiic
                0x0001538c      0x278 Libraries\FEHLCD.o
                0x0001538c                FEHLCD::WriteCharAt(int, int, char)
 .text._ZN6FEHLCD11RepeatColorEv
                0x00015604       0xbc Libraries\FEHLCD.o
                0x00015604                FEHLCD::RepeatColor()
 .text._ZN6FEHLCD10_ForePixelEv
                0x000156c0      0x160 Libraries\FEHLCD.o
                0x000156c0                FEHLCD::_ForePixel()
 .text._ZN6FEHLCD10_BackPixelEv
                0x00015820      0x160 Libraries\FEHLCD.o
                0x00015820                FEHLCD::_BackPixel()
 .text._ZN6FEHLCD22SetRegisterColorValuesEv
                0x00015980      0x4c0 Libraries\FEHLCD.o
                0x00015980                FEHLCD::SetRegisterColorValues()
 .text._Z41__static_initialization_and_destruction_0ii
                0x00015e40       0x30 Libraries\FEHLCD.o
 .text._GLOBAL__sub_I_image
                0x00015e70       0x14 Libraries\FEHLCD.o
 .text._ZN8FEHAccelC2Ev
                0x00015e84       0x8c Libraries\FEHAccel.o
                0x00015e84                FEHAccel::FEHAccel()
                0x00015e84                FEHAccel::FEHAccel()
 .text._Z41__static_initialization_and_destruction_0ii
                0x00015f10       0x30 Libraries\FEHAccel.o
 .text._GLOBAL__sub_I_Accel
                0x00015f40       0x14 Libraries\FEHAccel.o
 .text._ZN10FEHBatteryC2EN5FEHIO8FEHIOPinE
                0x00015f54       0x24 Libraries\FEHBattery.o
                0x00015f54                FEHBattery::FEHBattery(FEHIO::FEHIOPin)
                0x00015f54                FEHBattery::FEHBattery(FEHIO::FEHIOPin)
 .text._Z41__static_initialization_and_destruction_0ii
                0x00015f78       0x34 Libraries\FEHBattery.o
 .text._GLOBAL__sub_I_Battery
                0x00015fac       0x14 Libraries\FEHBattery.o
 .text._ZN7FEHXBeeC2Ev
                0x00015fc0       0x20 Drivers\FEHXBee.o
                0x00015fc0                FEHXBee::FEHXBee()
                0x00015fc0                FEHXBee::FEHXBee()
 .text._ZN7FEHXBee17SetPacketCallBackEPFvPhhE
                0x00015fe0       0x20 Drivers\FEHXBee.o
                0x00015fe0                FEHXBee::SetPacketCallBack(void (*)(unsigned char*, unsigned char))
 .text._Z9UART0_ISRv
                0x00016000      0x174 Drivers\FEHXBee.o
                0x00016000                UART0_ISR()
 .text._ZN6FEHRPSC2Ev
                0x00016174       0x88 Libraries\FEHRPS.o
                0x00016174                FEHRPS::FEHRPS()
                0x00016174                FEHRPS::FEHRPS()
 .text._Z14RPSDataProcessPhh
                0x000161fc      0x18c Libraries\FEHRPS.o
                0x000161fc                RPSDataProcess(unsigned char*, unsigned char)
 .text._Z41__static_initialization_and_destruction_0ii
                0x00016388       0x30 Libraries\FEHRPS.o
 .text._GLOBAL__sub_I_RPS
                0x000163b8       0x14 Libraries\FEHRPS.o
 .text._ZN5FEHSDC2Ev
                0x000163cc       0x24 Libraries\FEHSD.o
                0x000163cc                FEHSD::FEHSD()
                0x000163cc                FEHSD::FEHSD()
 .text._ZN5FEHSD7OpenLogEv
                0x000163f0      0x1a4 Libraries\FEHSD.o
                0x000163f0                FEHSD::OpenLog()
 .text._ZN5FEHSD8CloseLogEv
                0x00016594       0x38 Libraries\FEHSD.o
                0x00016594                FEHSD::CloseLog()
 .text._ZN5FEHSD6PrintfEPKcz
                0x000165cc       0x30 Libraries\FEHSD.o
                0x000165cc                FEHSD::Printf(char const*, ...)
 .text._ZN5FEHSD10InitializeEv
                0x000165fc      0x118 Libraries\FEHSD.o
                0x000165fc                FEHSD::Initialize()
 .text._Z41__static_initialization_and_destruction_0ii
                0x00016714       0x30 Libraries\FEHSD.o
 .text._GLOBAL__sub_I_SD
                0x00016744       0x14 Libraries\FEHSD.o
 .text.sprintf  0x00016758       0x1c C:\fehqt\Proteus/EWL/lib/armv7e-m\libc.a(sprintf.o)
                0x00016758                sprintf
 .text.__StringWrite
                0x00016774       0x28 C:\fehqt\Proteus/EWL/lib/armv7e-m\libc.a(vsnprintf.o)
                0x00016774                __StringWrite
 .text.vsnprintf
                0x0001679c       0x34 C:\fehqt\Proteus/EWL/lib/armv7e-m\libc.a(vsnprintf.o)
                0x0001679c                vsnprintf
 .text.exit     0x000167d0       0x38 C:\fehqt\Proteus/EWL/lib/armv7e-m\libc.a(exit.o)
                0x000167d0                exit
 .text.memcpy   0x00016808       0x12 C:\fehqt\Proteus/EWL/lib/armv7e-m\libc.a(memcpy.o)
                0x00016808                memcpy
 .text.memset   0x0001681a        0xc C:\fehqt\Proteus/EWL/lib/armv7e-m\libc.a(memset.o)
                0x0001681a                memset
 .text.strlen   0x00016826       0x10 C:\fehqt\Proteus/EWL/lib/armv7e-m\libc.a(strlen.o)
                0x00016826                strlen
 .text.long2str.isra.0
                0x00016836      0x196 C:\fehqt\Proteus/EWL/lib/armv7e-m\libc.a(printformat_.o)
 .text.__pformatter_
                0x000169cc      0x3f8 C:\fehqt\Proteus/EWL/lib/armv7e-m\libc.a(printformat_.o)
                0x000169cc                __pformatter_
 .text.__sformatter
                0x00016dc4      0x74e C:\fehqt\Proteus/EWL/lib/armv7e-m\libc.a(scanformat_.o)
                0x00016dc4                __sformatter
 *fill*         0x00017512        0x2 00
 .text.isalpha  0x00017514       0x1c C:\fehqt\Proteus/EWL/lib/armv7e-m\libc.a(ctype_aeabi.o)
                0x00017514                isalpha
 .text.isspace  0x00017530       0x1c C:\fehqt\Proteus/EWL/lib/armv7e-m\libc.a(ctype_aeabi.o)
                0x00017530                isspace
 .text.toupper  0x0001754c        0xc C:\fehqt\Proteus/EWL/lib/armv7e-m\libc.a(ctype_aeabi.o)
                0x0001754c                toupper
 .text.__strtoul
                0x00017558      0x1dc C:\fehqt\Proteus/EWL/lib/armv7e-m\libc.a(__strtoul.o)
                0x00017558                __strtoul
 .text.__fill_mem
                0x00017734       0x76 C:\fehqt\Proteus/EWL/lib/armv7e-m\libc.a(__filll_mem.o)
                0x00017734                __fill_mem
 .text.memchr   0x000177aa       0x1a C:\fehqt\Proteus/EWL/lib/armv7e-m\libc.a(memchr.o)
                0x000177aa                memchr
 .text.strchr   0x000177c4       0x1c C:\fehqt\Proteus/EWL/lib/armv7e-m\libc.a(strchr.o)
                0x000177c4                strchr
 .text.__init_cpp
                0x000177e0       0x4c C:\fehqt\Proteus/EWL/lib/armv7e-m\librt.a(gcc_ctor_dtor.o)
                0x000177e0                __init_cpp
 .text.__fini_cpp
                0x0001782c       0x34 C:\fehqt\Proteus/EWL/lib/armv7e-m\librt.a(gcc_ctor_dtor.o)
                0x0001782c                __fini_cpp
 .text.__copy_rom_section
                0x00017860       0x44 C:\fehqt\Proteus/EWL/lib/armv7e-m\librt.a(ROMCopy.o)
                0x00017860                __copy_rom_section
 .text.__copy_rom_sections_to_ram
                0x000178a4       0x34 C:\fehqt\Proteus/EWL/lib/armv7e-m\librt.a(ROMCopy.o)
                0x000178a4                __copy_rom_sections_to_ram
 .text.__destroy_global_chain
                0x000178d8       0x1c C:\fehqt\Proteus/EWL/lib/armv7e-m\librt.a(__arm_eabi_init.o)
                0x000178d8                __destroy_global_chain
 .text.__init_registers
                0x000178f4       0x20 C:\fehqt\Proteus/EWL/lib/armv7e-m\librt.a(__arm_eabi_init.o)
                0x000178f4                __init_registers
 .text.__init_user
                0x00017914        0x4 C:\fehqt\Proteus/EWL/lib/armv7e-m\librt.a(__arm_eabi_init.o)
                0x00017914                __init_user
 *(.rodata)
 .rodata        0x00017918      0x154 ..\main.o
 .rodata        0x00017a6c       0x10 Drivers\ff.o
 .rodata        0x00017a7c       0x78 Libraries\FEHIO.o
 .rodata        0x00017af4       0x34 Libraries\FEHLCD.o
 .rodata        0x00017b28       0xdc Libraries\FEHSD.o
 *(.rodata*)
 .rodata._ZZL11create_nameP3DIRPPKcE5excvt
                0x00017c04       0x80 Drivers\ff.o
 .rodata.K60_SDHC0_init
                0x00017c84        0xc Drivers\SDHC.o
                0x00017c84                K60_SDHC0_init
 .rodata._ZL21ESDHC_COMMAND_XFERTYP
                0x00017c90      0x100 Drivers\SDHC.o
 .rodata._ZL10ADCNumbers
                0x00017d90       0x24 Libraries\FEHIO.o
 .rodata._ZL16AnalogPinNumbers
                0x00017db4       0x84 Libraries\FEHIO.o
 .rodata.str1.1
                0x00017e38        0x1 C:\fehqt\Proteus/EWL/lib/armv7e-m\libc.a(printformat_.o)
 .rodata.__aeabi_ctype_table_C
                0x00017e39      0x101 C:\fehqt\Proteus/EWL/lib/armv7e-m\libc.a(ctype_aeabi.o)
                0x00017e39                __aeabi_ctype_table_C
 *(.glue_7)
 .glue_7        0x00000000        0x0 linker stubs
 *(.glue_7t)
 .glue_7t       0x00000000        0x0 linker stubs
 *(.eh_frame)
 *(.init)
 *(.fini)
                0x00017f3c                . = ALIGN (0x4)
 *fill*         0x00017f3a        0x2 00
                0x00017f3c                _etext = .

.vfp11_veneer   0x00017f3c        0x0
 .vfp11_veneer  0x00000000        0x0 linker stubs

.v4_bx          0x00017f3c        0x0
 .v4_bx         0x00000000        0x0 linker stubs

.ARM.extab
 *(.ARM.extab* .gnu.linkonce.armextab.*)

.ARM            0x00017f3c        0x0
                0x00017f3c                __exidx_start = .
 *(.ARM.exidx*)
                0x00017f3c                __exidx_end = .

.ctors          0x00017f3c        0x0
                0x00017f3c                __CTOR_LIST__ = .
 *crtbegin.o(.ctors)
 *(EXCLUDE_FILE(*crtend.o) .ctors)
 *(SORT(.ctors.*))
 *(.ctors)
                0x00017f3c                __CTOR_END__ = .

.dtors          0x00017f3c        0x0
                0x00017f3c                __DTOR_LIST__ = .
 *crtbegin.o(.dtors)
 *(EXCLUDE_FILE(*crtend.o) .dtors)
 *(SORT(.dtors.*))
 *(.dtors)
                0x00017f3c                __DTOR_END__ = .

.preinit_array  0x00017f3c        0x0
                0x00017f3c                PROVIDE (__preinit_array_start, .)
 *(.preinit_array*)
                0x00017f3c                PROVIDE (__preinit_array_end, .)

.init_array     0x00017f3c       0x20
                0x00017f3c                PROVIDE (__init_array_start, .)
 *(SORT(.init_array.*))
 *(.init_array*)
 .init_array    0x00017f3c        0x4 ..\main.o
 .init_array    0x00017f40        0x4 FEHProteus.o
 .init_array    0x00017f44        0x4 Libraries\FEHBuzzer.o
 .init_array    0x00017f48        0x4 Libraries\FEHLCD.o
 .init_array    0x00017f4c        0x4 Libraries\FEHAccel.o
 .init_array    0x00017f50        0x4 Libraries\FEHBattery.o
 .init_array    0x00017f54        0x4 Libraries\FEHRPS.o
 .init_array    0x00017f58        0x4 Libraries\FEHSD.o
                0x00017f5c                PROVIDE (__init_array_end, .)

.fini_array     0x00017f5c        0x0
                0x00017f5c                PROVIDE (__fini_array_start, .)
 *(SORT(.fini_array.*))
 *(.fini_array*)
                0x00017f5c                PROVIDE (__fini_array_end, .)
                0x00017f5c                ___ROM_AT = .

.data           0x1fff0400      0xd1c load address 0x00017f5c
                0x1fff0400                . = ALIGN (0x4)
                0x1fff0400                _sdata = .
 *(.data)
 *(.data*)
 .data._ZL4Stat
                0x1fff0400        0x1 Drivers\SDHC.o
 *fill*         0x1fff0401        0x3 00
 .data.image    0x1fff0404      0x750 Libraries\FEHLCD.o
                0x1fff0404                image
 .data.logo     0x1fff0b54      0x3e8 Libraries\FEHLCD.o
                0x1fff0b54                logo
 .data._ZN6FEHLCD8fontDataE
                0x1fff0f3c      0x1e0 Libraries\FEHLCD.o
                0x1fff0f3c                FEHLCD::fontData
                0x1fff111c                . = ALIGN (0x4)
                0x1fff111c                _edata = .
                0x00000d1c                ___data_size = (_edata - _sdata)
                0x00018c78                ___m_data2_ROMStart = (___ROM_AT + SIZEOF (.data))

.user_data2     0x20000000        0x0 load address 0x00018c78
                0x20000000                . = ALIGN (0x4)
                0x20000000                ___m_data2_RAMStart = .
 *(.data2)
                0x20000000                ___m_data2_RAMEnd = .
                0x20000000                . = ALIGN (0x4)
                0x00000000                ___m_data2_ROMSize = (___m_data2_RAMEnd - ___m_data2_RAMStart)
                0x20000000                . = ALIGN (0x4)

.bss            0x1fff111c      0x844 load address 0x00018c78
                0x1fff111c                __START_BSS = .
                0x1fff111c                PROVIDE (__bss_start__, __START_BSS)
 *(.bss)
 *(.bss*)
 .bss.Robot     0x1fff111c       0x10 ..\main.o
                0x1fff111c                Robot
 .bss.cdsControl
                0x1fff112c        0x4 ..\main.o
                0x1fff112c                cdsControl
 .bss.motorFL   0x1fff1130        0x8 ..\main.o
                0x1fff1130                motorFL
 .bss.motorFR   0x1fff1138        0x8 ..\main.o
                0x1fff1138                motorFR
 .bss.motorBL   0x1fff1140        0x8 ..\main.o
                0x1fff1140                motorBL
 .bss.motorBR   0x1fff1148        0x8 ..\main.o
                0x1fff1148                motorBR
 .bss.cds       0x1fff1150        0x4 ..\main.o
                0x1fff1150                cds
 .bss.crankyBoi
                0x1fff1154        0xc ..\main.o
                0x1fff1154                crankyBoi
 .bss.forkLift  0x1fff1160        0xc ..\main.o
                0x1fff1160                forkLift
 .bss._ZL4argv  0x1fff116c        0x4 Startup\__arm_start.o
 .bss.MasterTransmission
                0x1fff1170        0x1 Drivers\i2c.o
                0x1fff1170                MasterTransmission
 .bss.SlaveID   0x1fff1171        0x1 Drivers\i2c.o
                0x1fff1171                SlaveID
 *fill*         0x1fff1172        0x2 00
 .bss._ZL5FatFs
                0x1fff1174        0x4 Drivers\ff.o
 .bss._ZL4Fsid  0x1fff1178        0x2 Drivers\ff.o
 .bss._ZL7CurrVol
                0x1fff117a        0x1 Drivers\ff.o
 *fill*         0x1fff117b        0x1 00
 .bss.SDHC_Card
                0x1fff117c       0x14 Drivers\SDHC.o
                0x1fff117c                SDHC_Card
 .bss.SDHC_Init
                0x1fff1190        0x4 Drivers\SDHC.o
                0x1fff1190                SDHC_Init
 .bss.SDHC_Info
                0x1fff1194      0x204 Drivers\SDHC.o
                0x1fff1194                SDHC_Info
 .bss.SDHC_Device
                0x1fff1398        0x8 Drivers\SDHC.o
                0x1fff1398                SDHC_Device
 .bss.Propeller
                0x1fff13a0        0x4 FEHProteus.o
                0x1fff13a0                Propeller
 .bss.CoreClockKHz
                0x1fff13a4        0x4 FEHProteus.o
                0x1fff13a4                CoreClockKHz
 .bss.CoreClockMHz
                0x1fff13a8        0x4 FEHProteus.o
                0x1fff13a8                CoreClockMHz
 .bss.PeripheralClockKHz
                0x1fff13ac        0x4 FEHProteus.o
                0x1fff13ac                PeripheralClockKHz
 .bss._ZN14AnalogInputPin17Master_Adc_ConfigE
                0x1fff13b0       0x10 Libraries\FEHIO.o
                0x1fff13b0                AnalogInputPin::Master_Adc_Config
 .bss._ZN14AnalogInputPin18Encoder_Adc_ConfigE
                0x1fff13c0       0x10 Libraries\FEHIO.o
                0x1fff13c0                AnalogInputPin::Encoder_Adc_Config
 .bss.interrupt_counts
                0x1fff13d0       0x80 Libraries\FEHIO.o
                0x1fff13d0                interrupt_counts
 .bss._ZN13AnalogEncoder7pinListE
                0x1fff1450        0x4 Libraries\FEHIO.o
                0x1fff1450                AnalogEncoder::pinList
 .bss.__interrupt_counter
                0x1fff1454        0x4 Libraries\FEHIO.o
                0x1fff1454                __interrupt_counter
 .bss.Buzzer    0x1fff1458        0x4 Libraries\FEHBuzzer.o
                0x1fff1458                Buzzer
 .bss.LCD       0x1fff145c       0x44 Libraries\FEHLCD.o
                0x1fff145c                LCD
 .bss.initialized
                0x1fff14a0        0x1 Libraries\FEHLCD.o
                0x1fff14a0                initialized
 *fill*         0x1fff14a1        0x3 00
 .bss.Accel     0x1fff14a4        0x4 Libraries\FEHAccel.o
                0x1fff14a4                Accel
 .bss.Battery   0x1fff14a8        0x4 Libraries\FEHBattery.o
                0x1fff14a8                Battery
 .bss.XBeeDataProcess
                0x1fff14ac        0x4 Drivers\FEHXBee.o
                0x1fff14ac                XBeeDataProcess
 .bss._xbeebuffer
                0x1fff14b0       0x10 Drivers\FEHXBee.o
                0x1fff14b0                _xbeebuffer
 .bss._xbeebufferindex
                0x1fff14c0        0x1 Drivers\FEHXBee.o
                0x1fff14c0                _xbeebufferindex
 .bss._xbeestate
                0x1fff14c1        0x1 Drivers\FEHXBee.o
                0x1fff14c1                _xbeestate
 .bss._xbeebytereceived
                0x1fff14c2        0x1 Drivers\FEHXBee.o
                0x1fff14c2                _xbeebytereceived
 .bss._xbeebyte
                0x1fff14c3        0x1 Drivers\FEHXBee.o
                0x1fff14c3                _xbeebyte
 .bss.RPS       0x1fff14c4        0x8 Libraries\FEHRPS.o
                0x1fff14c4                RPS
 .bss._enabled  0x1fff14cc        0x1 Libraries\FEHRPS.o
                0x1fff14cc                _enabled
 *fill*         0x1fff14cd        0x3 00
 .bss._RPS_x    0x1fff14d0        0x4 Libraries\FEHRPS.o
                0x1fff14d0                _RPS_x
 .bss._RPS_y    0x1fff14d4        0x4 Libraries\FEHRPS.o
                0x1fff14d4                _RPS_y
 .bss._RPS_heading
                0x1fff14d8        0x4 Libraries\FEHRPS.o
                0x1fff14d8                _RPS_heading
 .bss._RPS_objective
                0x1fff14dc        0x4 Libraries\FEHRPS.o
                0x1fff14dc                _RPS_objective
 .bss._RPS_time
                0x1fff14e0        0x1 Libraries\FEHRPS.o
                0x1fff14e0                _RPS_time
 .bss._RPS_stop
                0x1fff14e1        0x1 Libraries\FEHRPS.o
                0x1fff14e1                _RPS_stop
 .bss._RPS_foundpacket
                0x1fff14e2        0x1 Libraries\FEHRPS.o
                0x1fff14e2                _RPS_foundpacket
 *fill*         0x1fff14e3        0x1 00
 .bss.SD        0x1fff14e4        0x4 Libraries\FEHSD.o
                0x1fff14e4                SD
 .bss.logfil    0x1fff14e8      0x228 Libraries\FEHSD.o
                0x1fff14e8                logfil
 .bss._ZL9FATFS_Obj
                0x1fff1710      0x234 Libraries\FEHSD.o
 .bss.f_res     0x1fff1944        0x1 Libraries\FEHSD.o
                0x1fff1944                f_res
 *fill*         0x1fff1945        0x3 00
 .bss.__stdio_exit
                0x1fff1948        0x4 C:\fehqt\Proteus/EWL/lib/armv7e-m\libc.a(exit.o)
                0x1fff1948                __stdio_exit
 .bss.__console_exit
                0x1fff194c        0x4 C:\fehqt\Proteus/EWL/lib/armv7e-m\libc.a(exit.o)
                0x1fff194c                __console_exit
 .bss.__S_romp  0x1fff1950        0xc C:\fehqt\Proteus/EWL/lib/armv7e-m\librt.a(ROMCopy.o)
 .bss.__global_destructor_chain
                0x1fff195c        0x4 C:\fehqt\Proteus/EWL/lib/armv7e-m\librt.a(__arm_eabi_init.o)
                0x1fff195c                __global_destructor_chain
 *(COMMON)
                0x1fff1960                . = ALIGN (0x4)
                0x1fff1960                __END_BSS = .
                0x1fff1960                PROVIDE (__bss_end__, __END_BSS)

._user_heap_stack
                0x1fff1960     0x1000 load address 0x000194bc
                0x1fff1960                . = ALIGN (0x4)
                0x1fff1960                PROVIDE (end, .)
                0x1fff1960                PROVIDE (_end, .)
                0x1fff1960                __heap_addr = .
                0x1fff2160                . = (. + __heap_size)
 *fill*         0x1fff1960      0x800 00
                0x1fff2960                . = (. + __stack_size)
 *fill*         0x1fff2160      0x800 00
                0x1fff2960                . = ALIGN (0x4)
                0x00018c78                _romp_at = ((___ROM_AT + SIZEOF (.data)) + SIZEOF (.user_data2))

.romp           0x20000000       0x24 load address 0x00018c78
                0x00018c78                __S_romp = _romp_at
                0x20000000        0x4 LONG 0x17f5c ___ROM_AT
                0x20000004        0x4 LONG 0x1fff0400 _sdata
                0x20000008        0x4 LONG 0xd1c ___data_size
                0x2000000c        0x4 LONG 0x18c78 ___m_data2_ROMStart
                0x20000010        0x4 LONG 0x20000000 ___m_data2_RAMStart
                0x20000014        0x4 LONG 0x0 ___m_data2_ROMSize
                0x20000018        0x4 LONG 0x0
                0x2000001c        0x4 LONG 0x0
                0x20000020        0x4 LONG 0x0

.ARM.attributes
                0x00000000       0x33
 *(.ARM.attributes)
 .ARM.attributes
                0x00000000       0x33 ..\main.o
 .ARM.attributes
                0x00000033       0x33 Startup\__arm_start.o
 .ARM.attributes
                0x00000066       0x33 Startup\__arm_end.o
 .ARM.attributes
                0x00000099       0x33 Startup\kinetis_sysinit.o
 .ARM.attributes
                0x000000cc       0x33 Libraries\FEHMotor.o
 .ARM.attributes
                0x000000ff       0x33 Drivers\i2c.o
 .ARM.attributes
                0x00000132       0x33 Drivers\spi.o
 .ARM.attributes
                0x00000165       0x33 Drivers\uart.o
 .ARM.attributes
                0x00000198       0x33 Drivers\ff.o
 .ARM.attributes
                0x000001cb       0x33 Drivers\SDHC.o
 .ARM.attributes
                0x000001fe       0x33 Drivers\lptmr.o
 .ARM.attributes
                0x00000231       0x33 FEHProteus.o
 .ARM.attributes
                0x00000264       0x33 Drivers\FEHPropeller.o
 .ARM.attributes
                0x00000297       0x33 Libraries\FEHUtility.o
 .ARM.attributes
                0x000002ca       0x33 Libraries\FEHIO.o
 .ARM.attributes
                0x000002fd       0x33 Drivers\adc16.o
 .ARM.attributes
                0x00000330       0x33 Libraries\FEHBuzzer.o
 .ARM.attributes
                0x00000363       0x33 Libraries\FEHServo.o
 .ARM.attributes
                0x00000396       0x33 Libraries\FEHLCD.o
 .ARM.attributes
                0x000003c9       0x33 Libraries\FEHAccel.o
 .ARM.attributes
                0x000003fc       0x33 Libraries\FEHBattery.o
 .ARM.attributes
                0x0000042f       0x33 Drivers\FEHXBee.o
 .ARM.attributes
                0x00000462       0x33 Libraries\FEHRPS.o
 .ARM.attributes
                0x00000495       0x33 Libraries\FEHSD.o
 .ARM.attributes
                0x000004c8       0x33 C:\fehqt\Proteus/EWL/lib/armv7e-m\libc.a(sprintf.o)
 .ARM.attributes
                0x000004fb       0x33 C:\fehqt\Proteus/EWL/lib/armv7e-m\libc.a(vsnprintf.o)
 .ARM.attributes
                0x0000052e       0x33 C:\fehqt\Proteus/EWL/lib/armv7e-m\libc.a(exit.o)
 .ARM.attributes
                0x00000561       0x33 C:\fehqt\Proteus/EWL/lib/armv7e-m\libc.a(memcpy.o)
 .ARM.attributes
                0x00000594       0x33 C:\fehqt\Proteus/EWL/lib/armv7e-m\libc.a(memset.o)
 .ARM.attributes
                0x000005c7       0x33 C:\fehqt\Proteus/EWL/lib/armv7e-m\libc.a(strlen.o)
 .ARM.attributes
                0x000005fa       0x33 C:\fehqt\Proteus/EWL/lib/armv7e-m\libc.a(printformat_.o)
 .ARM.attributes
                0x0000062d       0x33 C:\fehqt\Proteus/EWL/lib/armv7e-m\libc.a(scanformat_.o)
 .ARM.attributes
                0x00000660       0x33 C:\fehqt\Proteus/EWL/lib/armv7e-m\libc.a(ctype_aeabi.o)
 .ARM.attributes
                0x00000693       0x33 C:\fehqt\Proteus/EWL/lib/armv7e-m\libc.a(__strtoul.o)
 .ARM.attributes
                0x000006c6       0x33 C:\fehqt\Proteus/EWL/lib/armv7e-m\libc.a(__filll_mem.o)
 .ARM.attributes
                0x000006f9       0x33 C:\fehqt\Proteus/EWL/lib/armv7e-m\libc.a(memchr.o)
 .ARM.attributes
                0x0000072c       0x33 C:\fehqt\Proteus/EWL/lib/armv7e-m\libc.a(strchr.o)
 .ARM.attributes
                0x0000075f       0x1e c:/fehqt/proteus/gcc/bin/../lib/gcc/arm-none-eabi/4.6.2/armv7e-m\libgcc.a(_arm_addsubdf3.o)
 .ARM.attributes
                0x0000077d       0x1e c:/fehqt/proteus/gcc/bin/../lib/gcc/arm-none-eabi/4.6.2/armv7e-m\libgcc.a(_arm_muldivdf3.o)
 .ARM.attributes
                0x0000079b       0x1e c:/fehqt/proteus/gcc/bin/../lib/gcc/arm-none-eabi/4.6.2/armv7e-m\libgcc.a(_arm_cmpdf2.o)
 .ARM.attributes
                0x000007b9       0x1e c:/fehqt/proteus/gcc/bin/../lib/gcc/arm-none-eabi/4.6.2/armv7e-m\libgcc.a(_arm_fixdfsi.o)
 .ARM.attributes
                0x000007d7       0x1e c:/fehqt/proteus/gcc/bin/../lib/gcc/arm-none-eabi/4.6.2/armv7e-m\libgcc.a(_arm_fixunsdfsi.o)
 .ARM.attributes
                0x000007f5       0x1e c:/fehqt/proteus/gcc/bin/../lib/gcc/arm-none-eabi/4.6.2/armv7e-m\libgcc.a(_arm_truncdfsf2.o)
 .ARM.attributes
                0x00000813       0x1e c:/fehqt/proteus/gcc/bin/../lib/gcc/arm-none-eabi/4.6.2/armv7e-m\libgcc.a(_arm_addsubsf3.o)
 .ARM.attributes
                0x00000831       0x1e c:/fehqt/proteus/gcc/bin/../lib/gcc/arm-none-eabi/4.6.2/armv7e-m\libgcc.a(_arm_muldivsf3.o)
 .ARM.attributes
                0x0000084f       0x1e c:/fehqt/proteus/gcc/bin/../lib/gcc/arm-none-eabi/4.6.2/armv7e-m\libgcc.a(_arm_cmpsf2.o)
 .ARM.attributes
                0x0000086d       0x1e c:/fehqt/proteus/gcc/bin/../lib/gcc/arm-none-eabi/4.6.2/armv7e-m\libgcc.a(_arm_fixsfsi.o)
 .ARM.attributes
                0x0000088b       0x33 C:\fehqt\Proteus/EWL/lib/armv7e-m\librt.a(gcc_ctor_dtor.o)
 .ARM.attributes
                0x000008be       0x33 C:\fehqt\Proteus/EWL/lib/armv7e-m\librt.a(ROMCopy.o)
 .ARM.attributes
                0x000008f1       0x33 C:\fehqt\Proteus/EWL/lib/armv7e-m\librt.a(__arm_eabi_init.o)
OUTPUT(../untitled.elf elf32-littlearm)

.debug_info     0x00000000    0x151f0
 .debug_info    0x00000000     0x2224 ..\main.o
 .debug_info    0x00002224     0x12c5 Startup\__arm_start.o
 .debug_info    0x000034e9       0x58 Startup\__arm_end.o
 .debug_info    0x00003541      0x57d Startup\kinetis_sysinit.o
 .debug_info    0x00003abe      0x335 Libraries\FEHMotor.o
 .debug_info    0x00003df3      0x250 Drivers\i2c.o
 .debug_info    0x00004043      0x6cf Drivers\spi.o
 .debug_info    0x00004712      0x59c Drivers\uart.o
 .debug_info    0x00004cae     0x1da0 Drivers\ff.o
 .debug_info    0x00006a4e      0xf1d Drivers\SDHC.o
 .debug_info    0x0000796b      0x2de Drivers\lptmr.o
 .debug_info    0x00007c49      0x1a7 FEHProteus.o
 .debug_info    0x00007df0      0x722 Drivers\FEHPropeller.o
 .debug_info    0x00008512      0x36c Libraries\FEHUtility.o
 .debug_info    0x0000887e     0x1c6a Libraries\FEHIO.o
 .debug_info    0x0000a4e8      0x4ab Drivers\adc16.o
 .debug_info    0x0000a993      0xa42 Libraries\FEHBuzzer.o
 .debug_info    0x0000b3d5     0x1500 Libraries\FEHServo.o
 .debug_info    0x0000c8d5     0x2c25 Libraries\FEHLCD.o
 .debug_info    0x0000f4fa      0x26a Libraries\FEHAccel.o
 .debug_info    0x0000f764      0x3a9 Libraries\FEHBattery.o
 .debug_info    0x0000fb0d      0xac3 Drivers\FEHXBee.o
 .debug_info    0x000105d0     0x1985 Libraries\FEHRPS.o
 .debug_info    0x00011f55     0x1242 Libraries\FEHSD.o
 .debug_info    0x00013197      0x11f C:\fehqt\Proteus/EWL/lib/armv7e-m\libc.a(sprintf.o)
 .debug_info    0x000132b6      0x206 C:\fehqt\Proteus/EWL/lib/armv7e-m\libc.a(vsnprintf.o)
 .debug_info    0x000134bc      0x103 C:\fehqt\Proteus/EWL/lib/armv7e-m\libc.a(exit.o)
 .debug_info    0x000135bf      0x113 C:\fehqt\Proteus/EWL/lib/armv7e-m\libc.a(memcpy.o)
 .debug_info    0x000136d2       0xf4 C:\fehqt\Proteus/EWL/lib/armv7e-m\libc.a(memset.o)
 .debug_info    0x000137c6       0xf3 C:\fehqt\Proteus/EWL/lib/armv7e-m\libc.a(strlen.o)
 .debug_info    0x000138b9      0x512 C:\fehqt\Proteus/EWL/lib/armv7e-m\libc.a(printformat_.o)
 .debug_info    0x00013dcb      0x564 C:\fehqt\Proteus/EWL/lib/armv7e-m\libc.a(scanformat_.o)
 .debug_info    0x0001432f      0x32a C:\fehqt\Proteus/EWL/lib/armv7e-m\libc.a(ctype_aeabi.o)
 .debug_info    0x00014659      0x1d7 C:\fehqt\Proteus/EWL/lib/armv7e-m\libc.a(__strtoul.o)
 .debug_info    0x00014830      0x13d C:\fehqt\Proteus/EWL/lib/armv7e-m\libc.a(__filll_mem.o)
 .debug_info    0x0001496d      0x129 C:\fehqt\Proteus/EWL/lib/armv7e-m\libc.a(memchr.o)
 .debug_info    0x00014a96      0x110 C:\fehqt\Proteus/EWL/lib/armv7e-m\libc.a(strchr.o)
 .debug_info    0x00014ba6      0x1c0 C:\fehqt\Proteus/EWL/lib/armv7e-m\librt.a(gcc_ctor_dtor.o)
 .debug_info    0x00014d66      0x1b8 C:\fehqt\Proteus/EWL/lib/armv7e-m\librt.a(ROMCopy.o)
 .debug_info    0x00014f1e      0x2d2 C:\fehqt\Proteus/EWL/lib/armv7e-m\librt.a(__arm_eabi_init.o)

.debug_abbrev   0x00000000     0x3ef5
 .debug_abbrev  0x00000000      0x41c ..\main.o
 .debug_abbrev  0x0000041c      0x28f Startup\__arm_start.o
 .debug_abbrev  0x000006ab       0x45 Startup\__arm_end.o
 .debug_abbrev  0x000006f0      0x18a Startup\kinetis_sysinit.o
 .debug_abbrev  0x0000087a      0x18c Libraries\FEHMotor.o
 .debug_abbrev  0x00000a06       0xfc Drivers\i2c.o
 .debug_abbrev  0x00000b02      0x18b Drivers\spi.o
 .debug_abbrev  0x00000c8d      0x15f Drivers\uart.o
 .debug_abbrev  0x00000dec      0x18f Drivers\ff.o
 .debug_abbrev  0x00000f7b      0x223 Drivers\SDHC.o
 .debug_abbrev  0x0000119e       0xd2 Drivers\lptmr.o
 .debug_abbrev  0x00001270      0x101 FEHProteus.o
 .debug_abbrev  0x00001371      0x1c6 Drivers\FEHPropeller.o
 .debug_abbrev  0x00001537      0x154 Libraries\FEHUtility.o
 .debug_abbrev  0x0000168b      0x448 Libraries\FEHIO.o
 .debug_abbrev  0x00001ad3      0x12a Drivers\adc16.o
 .debug_abbrev  0x00001bfd      0x1da Libraries\FEHBuzzer.o
 .debug_abbrev  0x00001dd7      0x312 Libraries\FEHServo.o
 .debug_abbrev  0x000020e9      0x38c Libraries\FEHLCD.o
 .debug_abbrev  0x00002475      0x13b Libraries\FEHAccel.o
 .debug_abbrev  0x000025b0      0x1cb Libraries\FEHBattery.o
 .debug_abbrev  0x0000277b      0x231 Drivers\FEHXBee.o
 .debug_abbrev  0x000029ac      0x37f Libraries\FEHRPS.o
 .debug_abbrev  0x00002d2b      0x33a Libraries\FEHSD.o
 .debug_abbrev  0x00003065       0xb5 C:\fehqt\Proteus/EWL/lib/armv7e-m\libc.a(sprintf.o)
 .debug_abbrev  0x0000311a       0xf4 C:\fehqt\Proteus/EWL/lib/armv7e-m\libc.a(vsnprintf.o)
 .debug_abbrev  0x0000320e       0x8f C:\fehqt\Proteus/EWL/lib/armv7e-m\libc.a(exit.o)
 .debug_abbrev  0x0000329d       0x97 C:\fehqt\Proteus/EWL/lib/armv7e-m\libc.a(memcpy.o)
 .debug_abbrev  0x00003334       0x66 C:\fehqt\Proteus/EWL/lib/armv7e-m\libc.a(memset.o)
 .debug_abbrev  0x0000339a       0x7e C:\fehqt\Proteus/EWL/lib/armv7e-m\libc.a(strlen.o)
 .debug_abbrev  0x00003418      0x204 C:\fehqt\Proteus/EWL/lib/armv7e-m\libc.a(printformat_.o)
 .debug_abbrev  0x0000361c      0x1fb C:\fehqt\Proteus/EWL/lib/armv7e-m\libc.a(scanformat_.o)
 .debug_abbrev  0x00003817       0x9a C:\fehqt\Proteus/EWL/lib/armv7e-m\libc.a(ctype_aeabi.o)
 .debug_abbrev  0x000038b1       0xc6 C:\fehqt\Proteus/EWL/lib/armv7e-m\libc.a(__strtoul.o)
 .debug_abbrev  0x00003977       0x8b C:\fehqt\Proteus/EWL/lib/armv7e-m\libc.a(__filll_mem.o)
 .debug_abbrev  0x00003a02       0x99 C:\fehqt\Proteus/EWL/lib/armv7e-m\libc.a(memchr.o)
 .debug_abbrev  0x00003a9b       0x8d C:\fehqt\Proteus/EWL/lib/armv7e-m\libc.a(strchr.o)
 .debug_abbrev  0x00003b28       0x9d C:\fehqt\Proteus/EWL/lib/armv7e-m\librt.a(gcc_ctor_dtor.o)
 .debug_abbrev  0x00003bc5      0x160 C:\fehqt\Proteus/EWL/lib/armv7e-m\librt.a(ROMCopy.o)
 .debug_abbrev  0x00003d25      0x1d0 C:\fehqt\Proteus/EWL/lib/armv7e-m\librt.a(__arm_eabi_init.o)

.debug_loc      0x00000000     0x6bca
 .debug_loc     0x00000000      0x742 ..\main.o
 .debug_loc     0x00000742       0xb0 Startup\__arm_start.o
 .debug_loc     0x000007f2       0x38 Startup\__arm_end.o
 .debug_loc     0x0000082a       0x84 Startup\kinetis_sysinit.o
 .debug_loc     0x000008ae       0xe0 Libraries\FEHMotor.o
 .debug_loc     0x0000098e       0xe0 Drivers\i2c.o
 .debug_loc     0x00000a6e      0x19c Drivers\spi.o
 .debug_loc     0x00000c0a       0xe0 Drivers\uart.o
 .debug_loc     0x00000cea      0xa96 Drivers\ff.o
 .debug_loc     0x00001780      0x370 Drivers\SDHC.o
 .debug_loc     0x00001af0       0x38 Drivers\lptmr.o
 .debug_loc     0x00001b28       0x64 FEHProteus.o
 .debug_loc     0x00001b8c      0x118 Drivers\FEHPropeller.o
 .debug_loc     0x00001ca4      0x1a8 Libraries\FEHUtility.o
 .debug_loc     0x00001e4c      0x8d6 Libraries\FEHIO.o
 .debug_loc     0x00002722       0xa8 Drivers\adc16.o
 .debug_loc     0x000027ca      0x304 Libraries\FEHBuzzer.o
 .debug_loc     0x00002ace      0x1fa Libraries\FEHServo.o
 .debug_loc     0x00002cc8     0x1147 Libraries\FEHLCD.o
 .debug_loc     0x00003e0f      0x144 Libraries\FEHAccel.o
 .debug_loc     0x00003f53       0xd4 Libraries\FEHBattery.o
 .debug_loc     0x00004027      0x1c0 Drivers\FEHXBee.o
 .debug_loc     0x000041e7      0x3b0 Libraries\FEHRPS.o
 .debug_loc     0x00004597      0x188 Libraries\FEHSD.o
 .debug_loc     0x0000471f       0x3f C:\fehqt\Proteus/EWL/lib/armv7e-m\libc.a(sprintf.o)
 .debug_loc     0x0000475e      0x105 C:\fehqt\Proteus/EWL/lib/armv7e-m\libc.a(vsnprintf.o)
 .debug_loc     0x00004863       0x3e C:\fehqt\Proteus/EWL/lib/armv7e-m\libc.a(exit.o)
 .debug_loc     0x000048a1       0x46 C:\fehqt\Proteus/EWL/lib/armv7e-m\libc.a(memcpy.o)
 .debug_loc     0x000048e7       0x64 C:\fehqt\Proteus/EWL/lib/armv7e-m\libc.a(memset.o)
 .debug_loc     0x0000494b       0x31 C:\fehqt\Proteus/EWL/lib/armv7e-m\libc.a(strlen.o)
 .debug_loc     0x0000497c     0x106f C:\fehqt\Proteus/EWL/lib/armv7e-m\libc.a(printformat_.o)
 .debug_loc     0x000059eb      0x8cb C:\fehqt\Proteus/EWL/lib/armv7e-m\libc.a(scanformat_.o)
 .debug_loc     0x000062b6      0x18e C:\fehqt\Proteus/EWL/lib/armv7e-m\libc.a(ctype_aeabi.o)
 .debug_loc     0x00006444      0x2ad C:\fehqt\Proteus/EWL/lib/armv7e-m\libc.a(__strtoul.o)
 .debug_loc     0x000066f1      0x12c C:\fehqt\Proteus/EWL/lib/armv7e-m\libc.a(__filll_mem.o)
 .debug_loc     0x0000681d       0x82 C:\fehqt\Proteus/EWL/lib/armv7e-m\libc.a(memchr.o)
 .debug_loc     0x0000689f       0x78 C:\fehqt\Proteus/EWL/lib/armv7e-m\libc.a(strchr.o)
 .debug_loc     0x00006917       0xbe C:\fehqt\Proteus/EWL/lib/armv7e-m\librt.a(gcc_ctor_dtor.o)
 .debug_loc     0x000069d5       0x9b C:\fehqt\Proteus/EWL/lib/armv7e-m\librt.a(ROMCopy.o)
 .debug_loc     0x00006a70      0x15a C:\fehqt\Proteus/EWL/lib/armv7e-m\librt.a(__arm_eabi_init.o)

.debug_aranges  0x00000000      0xf68
 .debug_aranges
                0x00000000      0x128 ..\main.o
 .debug_aranges
                0x00000128       0x48 Startup\__arm_start.o
 .debug_aranges
                0x00000170       0x20 Startup\__arm_end.o
 .debug_aranges
                0x00000190       0x30 Startup\kinetis_sysinit.o
 .debug_aranges
                0x000001c0       0x38 Libraries\FEHMotor.o
 .debug_aranges
                0x000001f8       0x38 Drivers\i2c.o
 .debug_aranges
                0x00000230       0x58 Drivers\spi.o
 .debug_aranges
                0x00000288       0x38 Drivers\uart.o
 .debug_aranges
                0x000002c0      0x198 Drivers\ff.o
 .debug_aranges
                0x00000458       0x98 Drivers\SDHC.o
 .debug_aranges
                0x000004f0       0x20 Drivers\lptmr.o
 .debug_aranges
                0x00000510       0x28 FEHProteus.o
 .debug_aranges
                0x00000538       0x40 Drivers\FEHPropeller.o
 .debug_aranges
                0x00000578       0x58 Libraries\FEHUtility.o
 .debug_aranges
                0x000005d0      0x160 Libraries\FEHIO.o
 .debug_aranges
                0x00000730       0x30 Drivers\adc16.o
 .debug_aranges
                0x00000760       0x88 Libraries\FEHBuzzer.o
 .debug_aranges
                0x000007e8       0x60 Libraries\FEHServo.o
 .debug_aranges
                0x00000848      0x290 Libraries\FEHLCD.o
 .debug_aranges
                0x00000ad8       0x48 Libraries\FEHAccel.o
 .debug_aranges
                0x00000b20       0x38 Libraries\FEHBattery.o
 .debug_aranges
                0x00000b58       0x58 Drivers\FEHXBee.o
 .debug_aranges
                0x00000bb0       0xa0 Libraries\FEHRPS.o
 .debug_aranges
                0x00000c50       0x50 Libraries\FEHSD.o
 .debug_aranges
                0x00000ca0       0x20 C:\fehqt\Proteus/EWL/lib/armv7e-m\libc.a(sprintf.o)
 .debug_aranges
                0x00000cc0       0x28 C:\fehqt\Proteus/EWL/lib/armv7e-m\libc.a(vsnprintf.o)
 .debug_aranges
                0x00000ce8       0x20 C:\fehqt\Proteus/EWL/lib/armv7e-m\libc.a(exit.o)
 .debug_aranges
                0x00000d08       0x20 C:\fehqt\Proteus/EWL/lib/armv7e-m\libc.a(memcpy.o)
 .debug_aranges
                0x00000d28       0x20 C:\fehqt\Proteus/EWL/lib/armv7e-m\libc.a(memset.o)
 .debug_aranges
                0x00000d48       0x20 C:\fehqt\Proteus/EWL/lib/armv7e-m\libc.a(strlen.o)
 .debug_aranges
                0x00000d68       0x28 C:\fehqt\Proteus/EWL/lib/armv7e-m\libc.a(printformat_.o)
 .debug_aranges
                0x00000d90       0x20 C:\fehqt\Proteus/EWL/lib/armv7e-m\libc.a(scanformat_.o)
 .debug_aranges
                0x00000db0       0x88 C:\fehqt\Proteus/EWL/lib/armv7e-m\libc.a(ctype_aeabi.o)
 .debug_aranges
                0x00000e38       0x20 C:\fehqt\Proteus/EWL/lib/armv7e-m\libc.a(__strtoul.o)
 .debug_aranges
                0x00000e58       0x20 C:\fehqt\Proteus/EWL/lib/armv7e-m\libc.a(__filll_mem.o)
 .debug_aranges
                0x00000e78       0x20 C:\fehqt\Proteus/EWL/lib/armv7e-m\libc.a(memchr.o)
 .debug_aranges
                0x00000e98       0x20 C:\fehqt\Proteus/EWL/lib/armv7e-m\libc.a(strchr.o)
 .debug_aranges
                0x00000eb8       0x28 C:\fehqt\Proteus/EWL/lib/armv7e-m\librt.a(gcc_ctor_dtor.o)
 .debug_aranges
                0x00000ee0       0x30 C:\fehqt\Proteus/EWL/lib/armv7e-m\librt.a(ROMCopy.o)
 .debug_aranges
                0x00000f10       0x58 C:\fehqt\Proteus/EWL/lib/armv7e-m\librt.a(__arm_eabi_init.o)

.debug_line     0x00000000     0x7f16
 .debug_line    0x00000000      0x7eb ..\main.o
 .debug_line    0x000007eb      0x3ad Startup\__arm_start.o
 .debug_line    0x00000b98      0x21a Startup\__arm_end.o
 .debug_line    0x00000db2      0x283 Startup\kinetis_sysinit.o
 .debug_line    0x00001035      0x237 Libraries\FEHMotor.o
 .debug_line    0x0000126c      0x2ad Drivers\i2c.o
 .debug_line    0x00001519      0x295 Drivers\spi.o
 .debug_line    0x000017ae      0x212 Drivers\uart.o
 .debug_line    0x000019c0     0x1114 Drivers\ff.o
 .debug_line    0x00002ad4      0x678 Drivers\SDHC.o
 .debug_line    0x0000314c      0x1c0 Drivers\lptmr.o
 .debug_line    0x0000330c      0x1da FEHProteus.o
 .debug_line    0x000034e6      0x264 Drivers\FEHPropeller.o
 .debug_line    0x0000374a      0x282 Libraries\FEHUtility.o
 .debug_line    0x000039cc      0x6ee Libraries\FEHIO.o
 .debug_line    0x000040ba      0x20f Drivers\adc16.o
 .debug_line    0x000042c9      0x2df Libraries\FEHBuzzer.o
 .debug_line    0x000045a8      0x545 Libraries\FEHServo.o
 .debug_line    0x00004aed     0x1151 Libraries\FEHLCD.o
 .debug_line    0x00005c3e      0x23f Libraries\FEHAccel.o
 .debug_line    0x00005e7d      0x218 Libraries\FEHBattery.o
 .debug_line    0x00006095      0x349 Drivers\FEHXBee.o
 .debug_line    0x000063de      0x6e9 Libraries\FEHRPS.o
 .debug_line    0x00006ac7      0x334 Libraries\FEHSD.o
 .debug_line    0x00006dfb       0x94 C:\fehqt\Proteus/EWL/lib/armv7e-m\libc.a(sprintf.o)
 .debug_line    0x00006e8f       0xd2 C:\fehqt\Proteus/EWL/lib/armv7e-m\libc.a(vsnprintf.o)
 .debug_line    0x00006f61       0x94 C:\fehqt\Proteus/EWL/lib/armv7e-m\libc.a(exit.o)
 .debug_line    0x00006ff5       0x8d C:\fehqt\Proteus/EWL/lib/armv7e-m\libc.a(memcpy.o)
 .debug_line    0x00007082       0x8f C:\fehqt\Proteus/EWL/lib/armv7e-m\libc.a(memset.o)
 .debug_line    0x00007111       0x89 C:\fehqt\Proteus/EWL/lib/armv7e-m\libc.a(strlen.o)
 .debug_line    0x0000719a      0x2c6 C:\fehqt\Proteus/EWL/lib/armv7e-m\libc.a(printformat_.o)
 .debug_line    0x00007460      0x2e3 C:\fehqt\Proteus/EWL/lib/armv7e-m\libc.a(scanformat_.o)
 .debug_line    0x00007743      0x1dd C:\fehqt\Proteus/EWL/lib/armv7e-m\libc.a(ctype_aeabi.o)
 .debug_line    0x00007920      0x141 C:\fehqt\Proteus/EWL/lib/armv7e-m\libc.a(__strtoul.o)
 .debug_line    0x00007a61      0x121 C:\fehqt\Proteus/EWL/lib/armv7e-m\libc.a(__filll_mem.o)
 .debug_line    0x00007b82       0xa3 C:\fehqt\Proteus/EWL/lib/armv7e-m\libc.a(memchr.o)
 .debug_line    0x00007c25       0x84 C:\fehqt\Proteus/EWL/lib/armv7e-m\libc.a(strchr.o)
 .debug_line    0x00007ca9       0x94 C:\fehqt\Proteus/EWL/lib/armv7e-m\librt.a(gcc_ctor_dtor.o)
 .debug_line    0x00007d3d       0xc0 C:\fehqt\Proteus/EWL/lib/armv7e-m\librt.a(ROMCopy.o)
 .debug_line    0x00007dfd      0x119 C:\fehqt\Proteus/EWL/lib/armv7e-m\librt.a(__arm_eabi_init.o)

.debug_macinfo  0x00000000   0x89eaa3
 .debug_macinfo
                0x00000000    0x67ec3 ..\main.o
 .debug_macinfo
                0x00067ec3    0x647fb Startup\__arm_start.o
 .debug_macinfo
                0x000cc6be     0x3464 Startup\__arm_end.o
 .debug_macinfo
                0x000cfb22    0x64cce Startup\kinetis_sysinit.o
 .debug_macinfo
                0x001347f0    0x6305c Libraries\FEHMotor.o
 .debug_macinfo
                0x0019784c    0x6318f Drivers\i2c.o
 .debug_macinfo
                0x001fa9db    0x62fd6 Drivers\spi.o
 .debug_macinfo
                0x0025d9b1    0x62fc7 Drivers\uart.o
 .debug_macinfo
                0x002c0978     0x4396 Drivers\ff.o
 .debug_macinfo
                0x002c4d0e    0x6452b Drivers\SDHC.o
 .debug_macinfo
                0x00329239    0x63036 Drivers\lptmr.o
 .debug_macinfo
                0x0038c26f    0x62fdc FEHProteus.o
 .debug_macinfo
                0x003ef24b    0x63085 Drivers\FEHPropeller.o
 .debug_macinfo
                0x004522d0    0x62ff1 Libraries\FEHUtility.o
 .debug_macinfo
                0x004b52c1    0x64348 Libraries\FEHIO.o
 .debug_macinfo
                0x00519609    0x63678 Drivers\adc16.o
 .debug_macinfo
                0x0057cc81    0x6301e Libraries\FEHBuzzer.o
 .debug_macinfo
                0x005dfc9f    0x64476 Libraries\FEHServo.o
 .debug_macinfo
                0x00644115    0x649ab Libraries\FEHLCD.o
 .debug_macinfo
                0x006a8ac0    0x631be Libraries\FEHAccel.o
 .debug_macinfo
                0x0070bc7e    0x636a3 Libraries\FEHBattery.o
 .debug_macinfo
                0x0076f321    0x63d5d Drivers\FEHXBee.o
 .debug_macinfo
                0x007d307e    0x66194 Libraries\FEHRPS.o
 .debug_macinfo
                0x00839212    0x65891 Libraries\FEHSD.o

.debug_str      0x00000000     0x4f4d
 .debug_str     0x00000000     0x1767 ..\main.o
                               0x1834 (size before relaxing)
 .debug_str     0x00001767      0x338 Startup\__arm_start.o
                                0xe61 (size before relaxing)
 .debug_str     0x00001a9f       0x23 Startup\__arm_end.o
                                 0xb5 (size before relaxing)
 .debug_str     0x00001ac2      0x154 Startup\kinetis_sysinit.o
                                0x360 (size before relaxing)
 .debug_str     0x00001c16       0x2f Libraries\FEHMotor.o
                                0x2d3 (size before relaxing)
 .debug_str     0x00001c45      0x11a Drivers\i2c.o
                                0x1fc (size before relaxing)
 .debug_str     0x00001d5f      0x18b Drivers\spi.o
                                0x3b5 (size before relaxing)
 .debug_str     0x00001eea      0x188 Drivers\uart.o
                                0x34a (size before relaxing)
 .debug_str     0x00002072      0x6b5 Drivers\ff.o
                                0x84d (size before relaxing)
 .debug_str     0x00002727      0x546 Drivers\SDHC.o
                                0x823 (size before relaxing)
 .debug_str     0x00002c6d       0x5a Drivers\lptmr.o
                                0x203 (size before relaxing)
 .debug_str     0x00002cc7       0x28 FEHProteus.o
                                0x24f (size before relaxing)
 .debug_str     0x00002cef       0x1f Drivers\FEHPropeller.o
                                0x390 (size before relaxing)
 .debug_str     0x00002d0e       0xc0 Libraries\FEHUtility.o
                                0x1d4 (size before relaxing)
 .debug_str     0x00002dce      0xe57 Libraries\FEHIO.o
                               0x12a5 (size before relaxing)
 .debug_str     0x00003c25       0xd7 Drivers\adc16.o
                                0x294 (size before relaxing)
 .debug_str     0x00003cfc       0x79 Libraries\FEHBuzzer.o
                                0x3a6 (size before relaxing)
 .debug_str     0x00003d75      0x24c Libraries\FEHServo.o
                               0x1106 (size before relaxing)
 .debug_str     0x00003fc1      0x2c3 Libraries\FEHLCD.o
                               0x1107 (size before relaxing)
 .debug_str     0x00004284       0x68 Libraries\FEHAccel.o
                                0x198 (size before relaxing)
 .debug_str     0x000042ec       0x5d Libraries\FEHBattery.o
                                0x359 (size before relaxing)
 .debug_str     0x00004349       0xfd Drivers\FEHXBee.o
                                0x53f (size before relaxing)
 .debug_str     0x00004446      0x165 Libraries\FEHRPS.o
                               0x14dd (size before relaxing)
 .debug_str     0x000045ab       0x75 Libraries\FEHSD.o
                                0xf24 (size before relaxing)
 .debug_str     0x00004620       0x88 C:\fehqt\Proteus/EWL/lib/armv7e-m\libc.a(sprintf.o)
                                0x15a (size before relaxing)
 .debug_str     0x000046a8       0x83 C:\fehqt\Proteus/EWL/lib/armv7e-m\libc.a(vsnprintf.o)
                                0x1c3 (size before relaxing)
 .debug_str     0x0000472b       0x2e C:\fehqt\Proteus/EWL/lib/armv7e-m\libc.a(exit.o)
                                0x14e (size before relaxing)
 .debug_str     0x00004759       0x1c C:\fehqt\Proteus/EWL/lib/armv7e-m\libc.a(memcpy.o)
                                0x138 (size before relaxing)
 .debug_str     0x00004775       0x1c C:\fehqt\Proteus/EWL/lib/armv7e-m\libc.a(memset.o)
                                0x140 (size before relaxing)
 .debug_str     0x00004791       0x24 C:\fehqt\Proteus/EWL/lib/armv7e-m\libc.a(strlen.o)
                                0x140 (size before relaxing)
 .debug_str     0x000047b5      0x21a C:\fehqt\Proteus/EWL/lib/armv7e-m\libc.a(printformat_.o)
                                0x3aa (size before relaxing)
 .debug_str     0x000049cf      0x17b C:\fehqt\Proteus/EWL/lib/armv7e-m\libc.a(scanformat_.o)
                                0x3f0 (size before relaxing)
 .debug_str     0x00004b4a       0x9d C:\fehqt\Proteus/EWL/lib/armv7e-m\libc.a(ctype_aeabi.o)
                                0x1b3 (size before relaxing)
 .debug_str     0x00004be7       0x55 C:\fehqt\Proteus/EWL/lib/armv7e-m\libc.a(__strtoul.o)
                                0x1f2 (size before relaxing)
 .debug_str     0x00004c3c       0x25 C:\fehqt\Proteus/EWL/lib/armv7e-m\libc.a(__filll_mem.o)
                                0x152 (size before relaxing)
 .debug_str     0x00004c61       0x1c C:\fehqt\Proteus/EWL/lib/armv7e-m\libc.a(memchr.o)
                                0x148 (size before relaxing)
 .debug_str     0x00004c7d       0x1c C:\fehqt\Proteus/EWL/lib/armv7e-m\libc.a(strchr.o)
                                0x137 (size before relaxing)
 .debug_str     0x00004c99      0x126 C:\fehqt\Proteus/EWL/lib/armv7e-m\librt.a(gcc_ctor_dtor.o)
                                0x185 (size before relaxing)
 .debug_str     0x00004dbf       0x9b C:\fehqt\Proteus/EWL/lib/armv7e-m\librt.a(ROMCopy.o)
                                0x140 (size before relaxing)
 .debug_str     0x00004e5a       0xf3 C:\fehqt\Proteus/EWL/lib/armv7e-m\librt.a(__arm_eabi_init.o)
                                0x1ac (size before relaxing)

.comment        0x00000000       0x79
 .comment       0x00000000       0x79 ..\main.o
                                 0x7a (size before relaxing)
 .comment       0x00000000       0x7a Startup\__arm_start.o
 .comment       0x00000000       0x7a Startup\__arm_end.o
 .comment       0x00000000       0x7a Startup\kinetis_sysinit.o
 .comment       0x00000000       0x7a Libraries\FEHMotor.o
 .comment       0x00000000       0x7a Drivers\i2c.o
 .comment       0x00000000       0x7a Drivers\spi.o
 .comment       0x00000000       0x7a Drivers\uart.o
 .comment       0x00000000       0x7a Drivers\ff.o
 .comment       0x00000000       0x7a Drivers\SDHC.o
 .comment       0x00000000       0x7a Drivers\lptmr.o
 .comment       0x00000000       0x7a FEHProteus.o
 .comment       0x00000000       0x7a Drivers\FEHPropeller.o
 .comment       0x00000000       0x7a Libraries\FEHUtility.o
 .comment       0x00000000       0x7a Libraries\FEHIO.o
 .comment       0x00000000       0x7a Drivers\adc16.o
 .comment       0x00000000       0x7a Libraries\FEHBuzzer.o
 .comment       0x00000000       0x7a Libraries\FEHServo.o
 .comment       0x00000000       0x7a Libraries\FEHLCD.o
 .comment       0x00000000       0x7a Libraries\FEHAccel.o
 .comment       0x00000000       0x7a Libraries\FEHBattery.o
 .comment       0x00000000       0x7a Drivers\FEHXBee.o
 .comment       0x00000000       0x7a Libraries\FEHRPS.o
 .comment       0x00000000       0x7a Libraries\FEHSD.o
 .comment       0x00000000       0x7a C:\fehqt\Proteus/EWL/lib/armv7e-m\libc.a(sprintf.o)
 .comment       0x00000000       0x7a C:\fehqt\Proteus/EWL/lib/armv7e-m\libc.a(vsnprintf.o)
 .comment       0x00000000       0x7a C:\fehqt\Proteus/EWL/lib/armv7e-m\libc.a(exit.o)
 .comment       0x00000000       0x7a C:\fehqt\Proteus/EWL/lib/armv7e-m\libc.a(memcpy.o)
 .comment       0x00000000       0x7a C:\fehqt\Proteus/EWL/lib/armv7e-m\libc.a(memset.o)
 .comment       0x00000000       0x7a C:\fehqt\Proteus/EWL/lib/armv7e-m\libc.a(strlen.o)
 .comment       0x00000000       0x7a C:\fehqt\Proteus/EWL/lib/armv7e-m\libc.a(printformat_.o)
 .comment       0x00000000       0x7a C:\fehqt\Proteus/EWL/lib/armv7e-m\libc.a(scanformat_.o)
 .comment       0x00000000       0x7a C:\fehqt\Proteus/EWL/lib/armv7e-m\libc.a(ctype_aeabi.o)
 .comment       0x00000000       0x7a C:\fehqt\Proteus/EWL/lib/armv7e-m\libc.a(__strtoul.o)
 .comment       0x00000000       0x7a C:\fehqt\Proteus/EWL/lib/armv7e-m\libc.a(__filll_mem.o)
 .comment       0x00000000       0x7a C:\fehqt\Proteus/EWL/lib/armv7e-m\libc.a(memchr.o)
 .comment       0x00000000       0x7a C:\fehqt\Proteus/EWL/lib/armv7e-m\libc.a(strchr.o)
 .comment       0x00000000       0x7a C:\fehqt\Proteus/EWL/lib/armv7e-m\librt.a(gcc_ctor_dtor.o)
 .comment       0x00000000       0x7a C:\fehqt\Proteus/EWL/lib/armv7e-m\librt.a(ROMCopy.o)
 .comment       0x00000000       0x7a C:\fehqt\Proteus/EWL/lib/armv7e-m\librt.a(__arm_eabi_init.o)

.debug_frame    0x00000000     0x2dec
 .debug_frame   0x00000000      0x458 ..\main.o
 .debug_frame   0x00000458       0x98 Startup\__arm_start.o
 .debug_frame   0x000004f0       0x2c Startup\__arm_end.o
 .debug_frame   0x0000051c       0x5c Startup\kinetis_sysinit.o
 .debug_frame   0x00000578       0x94 Libraries\FEHMotor.o
 .debug_frame   0x0000060c       0x88 Drivers\i2c.o
 .debug_frame   0x00000694       0xf8 Drivers\spi.o
 .debug_frame   0x0000078c       0x84 Drivers\uart.o
 .debug_frame   0x00000810      0x5e8 Drivers\ff.o
 .debug_frame   0x00000df8      0x1e8 Drivers\SDHC.o
 .debug_frame   0x00000fe0       0x2c Drivers\lptmr.o
 .debug_frame   0x0000100c       0x4c FEHProteus.o
 .debug_frame   0x00001058       0xa8 Drivers\FEHPropeller.o
 .debug_frame   0x00001100       0xf8 Libraries\FEHUtility.o
 .debug_frame   0x000011f8      0x4e8 Libraries\FEHIO.o
 .debug_frame   0x000016e0       0x64 Drivers\adc16.o
 .debug_frame   0x00001744      0x1c8 Libraries\FEHBuzzer.o
 .debug_frame   0x0000190c      0x12c Libraries\FEHServo.o
 .debug_frame   0x00001a38      0x9c0 Libraries\FEHLCD.o
 .debug_frame   0x000023f8       0xd8 Libraries\FEHAccel.o
 .debug_frame   0x000024d0       0x8c Libraries\FEHBattery.o
 .debug_frame   0x0000255c       0xfc Drivers\FEHXBee.o
 .debug_frame   0x00002658      0x210 Libraries\FEHRPS.o
 .debug_frame   0x00002868       0xf0 Libraries\FEHSD.o
 .debug_frame   0x00002958       0x34 C:\fehqt\Proteus/EWL/lib/armv7e-m\libc.a(sprintf.o)
 .debug_frame   0x0000298c       0x4c C:\fehqt\Proteus/EWL/lib/armv7e-m\libc.a(vsnprintf.o)
 .debug_frame   0x000029d8       0x28 C:\fehqt\Proteus/EWL/lib/armv7e-m\libc.a(exit.o)
 .debug_frame   0x00002a00       0x28 C:\fehqt\Proteus/EWL/lib/armv7e-m\libc.a(memcpy.o)
 .debug_frame   0x00002a28       0x28 C:\fehqt\Proteus/EWL/lib/armv7e-m\libc.a(memset.o)
 .debug_frame   0x00002a50       0x20 C:\fehqt\Proteus/EWL/lib/armv7e-m\libc.a(strlen.o)
 .debug_frame   0x00002a70       0x64 C:\fehqt\Proteus/EWL/lib/armv7e-m\libc.a(printformat_.o)
 .debug_frame   0x00002ad4       0x3c C:\fehqt\Proteus/EWL/lib/armv7e-m\libc.a(scanformat_.o)
 .debug_frame   0x00002b10       0xf0 C:\fehqt\Proteus/EWL/lib/armv7e-m\libc.a(ctype_aeabi.o)
 .debug_frame   0x00002c00       0x3c C:\fehqt\Proteus/EWL/lib/armv7e-m\libc.a(__strtoul.o)
 .debug_frame   0x00002c3c       0x2c C:\fehqt\Proteus/EWL/lib/armv7e-m\libc.a(__filll_mem.o)
 .debug_frame   0x00002c68       0x28 C:\fehqt\Proteus/EWL/lib/armv7e-m\libc.a(memchr.o)
 .debug_frame   0x00002c90       0x20 C:\fehqt\Proteus/EWL/lib/armv7e-m\libc.a(strchr.o)
 .debug_frame   0x00002cb0       0x48 C:\fehqt\Proteus/EWL/lib/armv7e-m\librt.a(gcc_ctor_dtor.o)
 .debug_frame   0x00002cf8       0x48 C:\fehqt\Proteus/EWL/lib/armv7e-m\librt.a(ROMCopy.o)
 .debug_frame   0x00002d40       0xac C:\fehqt\Proteus/EWL/lib/armv7e-m\librt.a(__arm_eabi_init.o)
