Archive member included because of file (symbol)

C:\fehqt\Proteus/EWL/lib/armv7e-m\libm.a(fmaxf.o)
                              ..\main.o (fmaxf)
C:\fehqt\Proteus/EWL/lib/armv7e-m\libm.a(math_api.o)
                              C:\fehqt\Proteus/EWL/lib/armv7e-m\libm.a(fmaxf.o) (__fpclassifyf)
C:\fehqt\Proteus/EWL/lib/armv7e-m\libm.a(s_cos.o)
                              ..\main.o (cos)
C:\fehqt\Proteus/EWL/lib/armv7e-m\libm.a(s_sin.o)
                              ..\main.o (sin)
C:\fehqt\Proteus/EWL/lib/armv7e-m\libm.a(w_atan2f.o)
                              ..\main.o (atan2f)
C:\fehqt\Proteus/EWL/lib/armv7e-m\libm.a(w_powf.o)
                              ..\main.o (powf)
C:\fehqt\Proteus/EWL/lib/armv7e-m\libm.a(w_sqrtf.o)
                              ..\main.o (sqrtf)
C:\fehqt\Proteus/EWL/lib/armv7e-m\libm.a(e_atan2f.o)
                              C:\fehqt\Proteus/EWL/lib/armv7e-m\libm.a(w_atan2f.o) (__ieee754_atan2f)
C:\fehqt\Proteus/EWL/lib/armv7e-m\libm.a(e_powf.o)
                              C:\fehqt\Proteus/EWL/lib/armv7e-m\libm.a(w_powf.o) (__ieee754_powf)
C:\fehqt\Proteus/EWL/lib/armv7e-m\libm.a(e_rem_pio2.o)
                              C:\fehqt\Proteus/EWL/lib/armv7e-m\libm.a(s_cos.o) (__ieee754_rem_pio2)
C:\fehqt\Proteus/EWL/lib/armv7e-m\libm.a(e_sqrtf.o)
                              C:\fehqt\Proteus/EWL/lib/armv7e-m\libm.a(w_sqrtf.o) (__ieee754_sqrtf)
C:\fehqt\Proteus/EWL/lib/armv7e-m\libm.a(k_cos.o)
                              C:\fehqt\Proteus/EWL/lib/armv7e-m\libm.a(s_cos.o) (__kernel_cos)
C:\fehqt\Proteus/EWL/lib/armv7e-m\libm.a(k_rem_pio2.o)
                              C:\fehqt\Proteus/EWL/lib/armv7e-m\libm.a(e_rem_pio2.o) (__kernel_rem_pio2)
C:\fehqt\Proteus/EWL/lib/armv7e-m\libm.a(k_sin.o)
                              C:\fehqt\Proteus/EWL/lib/armv7e-m\libm.a(s_cos.o) (__kernel_sin)
C:\fehqt\Proteus/EWL/lib/armv7e-m\libm.a(s_atanf.o)
                              C:\fehqt\Proteus/EWL/lib/armv7e-m\libm.a(e_atan2f.o) (atanf)
C:\fehqt\Proteus/EWL/lib/armv7e-m\libm.a(s_floor.o)
                              C:\fehqt\Proteus/EWL/lib/armv7e-m\libm.a(k_rem_pio2.o) (floor)
C:\fehqt\Proteus/EWL/lib/armv7e-m\libm.a(s_scalbnf.o)
                              C:\fehqt\Proteus/EWL/lib/armv7e-m\libm.a(e_powf.o) (scalbnf)
C:\fehqt\Proteus/EWL/lib/armv7e-m\libm.a(scalbn.o)
                              C:\fehqt\Proteus/EWL/lib/armv7e-m\libm.a(k_rem_pio2.o) (scalbn)
C:\fehqt\Proteus/EWL/lib/armv7e-m\libm.a(s_frexp.o)
                              C:\fehqt\Proteus/EWL/lib/armv7e-m\libm.a(scalbn.o) (frexp)
C:\fehqt\Proteus/EWL/lib/armv7e-m\libm.a(s_ldexp.o)
                              C:\fehqt\Proteus/EWL/lib/armv7e-m\libm.a(scalbn.o) (ldexp)
C:\fehqt\Proteus/EWL/lib/armv7e-m\libc.a(errno.o)
                              C:\fehqt\Proteus/EWL/lib/armv7e-m\libm.a(e_atan2f.o) (errno)
C:\fehqt\Proteus/EWL/lib/armv7e-m\libc.a(sprintf.o)
                              Libraries\FEHLCD.o (sprintf)
C:\fehqt\Proteus/EWL/lib/armv7e-m\libc.a(vsnprintf.o)
                              C:\fehqt\Proteus/EWL/lib/armv7e-m\libc.a(sprintf.o) (vsnprintf)
C:\fehqt\Proteus/EWL/lib/armv7e-m\libc.a(exit.o)
                              Startup\__arm_start.o (exit)
C:\fehqt\Proteus/EWL/lib/armv7e-m\libc.a(memcpy.o)
                              C:\fehqt\Proteus/EWL/lib/armv7e-m\libc.a(vsnprintf.o) (memcpy)
C:\fehqt\Proteus/EWL/lib/armv7e-m\libc.a(memset.o)
                              Startup\__arm_start.o (memset)
C:\fehqt\Proteus/EWL/lib/armv7e-m\libc.a(strcmp.o)
                              Libraries\FEHLCD.o (strcmp)
C:\fehqt\Proteus/EWL/lib/armv7e-m\libc.a(strcpy.o)
                              Libraries\FEHLCD.o (strcpy)
C:\fehqt\Proteus/EWL/lib/armv7e-m\libc.a(strlen.o)
                              Libraries\FEHLCD.o (strlen)
C:\fehqt\Proteus/EWL/lib/armv7e-m\libc.a(math_ARM.o)
                              C:\fehqt\Proteus/EWL/lib/armv7e-m\libm.a(math_api.o) (__ewl_count_bits32)
C:\fehqt\Proteus/EWL/lib/armv7e-m\libc.a(printformat_.o)
                              (__pformatter_)
C:\fehqt\Proteus/EWL/lib/armv7e-m\libc.a(scanformat_.o)
                              (__sformatter)
C:\fehqt\Proteus/EWL/lib/armv7e-m\libc.a(ctype_aeabi.o)
                              C:\fehqt\Proteus/EWL/lib/armv7e-m\libc.a(scanformat_.o) (isspace)
C:\fehqt\Proteus/EWL/lib/armv7e-m\libc.a(__strtoul.o)
                              C:\fehqt\Proteus/EWL/lib/armv7e-m\libc.a(scanformat_.o) (__strtoul)
C:\fehqt\Proteus/EWL/lib/armv7e-m\libc.a(__filll_mem.o)
                              C:\fehqt\Proteus/EWL/lib/armv7e-m\libc.a(memset.o) (__fill_mem)
C:\fehqt\Proteus/EWL/lib/armv7e-m\libc.a(memchr.o)
                              C:\fehqt\Proteus/EWL/lib/armv7e-m\libc.a(printformat_.o) (memchr)
C:\fehqt\Proteus/EWL/lib/armv7e-m\libc.a(strchr.o)
                              C:\fehqt\Proteus/EWL/lib/armv7e-m\libc.a(printformat_.o) (strchr)
c:/fehqt/proteus/gcc/bin/../lib/gcc/arm-none-eabi/4.6.2/armv7e-m\libgcc.a(_lshrdi3.o)
[...]
Memory Configuration

Name             Origin             Length             Attributes
m_interrupts     0x0000c000         0x00000400         xr
m_cfmprotrom     0x0000c400         0x00000010         xr
m_text           0x0000c410         0x00073bf0         xr
m_data           0x1fff0400         0x0000fc00         xrw
m_data2          0x20000000         0x00010000         xrw
*default*        0x00000000         0xffffffff

Linker script and memory map

LOAD ..\main.o
LOAD Startup\__arm_start.o
LOAD Startup\__arm_end.o
LOAD Startup\kinetis_sysinit.o
LOAD Libraries\FEHMotor.o
LOAD Drivers\mcg.o
LOAD Drivers\i2c.o
LOAD Drivers\spi.o
LOAD Drivers\uart.o
LOAD Drivers\ff.o
LOAD Drivers\SDHC.o
LOAD Drivers\lptmr.o
LOAD FEHProteus.o
LOAD Drivers\FEHPropeller.o
LOAD Libraries\FEHUtility.o
LOAD Libraries\FEHIO.o
LOAD Drivers\adc16.o
LOAD Libraries\FEHBuzzer.o
LOAD Libraries\FEHServo.o
LOAD Libraries\FEHLCD.o
LOAD Libraries\FEHAccel.o
LOAD Libraries\FEHBattery.o
LOAD Drivers\FEHXBee.o
LOAD Libraries\FEHRPS.o
LOAD Libraries\FEHSD.o
                0x0001c29c                __pformatter = __pformatter_
                [0x0001c694]                __sformatter = __sformatter
LOAD C:\fehqt\Proteus/EWL/lib/armv7e-m\libstdc++.a
LOAD C:\fehqt\Proteus/EWL/lib/armv7e-m\libm.a
START GROUP
LOAD C:\fehqt\Proteus/EWL/lib/armv7e-m\libc.a
LOAD C:\fehqt\Proteus/EWL/lib/armv7e-m\libc++.a
LOAD C:\fehqt\Proteus/EWL/lib/armv7e-m\libm.a
LOAD c:/fehqt/proteus/gcc/bin/../lib/gcc/arm-none-eabi/4.6.2/armv7e-m\libgcc.a
LOAD C:\fehqt\Proteus/EWL/lib/armv7e-m\librt.a
LOAD c:/fehqt/proteus/gcc/bin/../lib/gcc/arm-none-eabi/4.6.2/../../../../arm-none-eabi/lib/armv7e-m\libsupc++.a
END GROUP
                0x20000000                _estack = 0x20000000
                0x20000000                __SP_INIT = _estack
                0x00000800                __heap_size = 0x800
                0x00000800                __stack_size = 0x800

.interrupts     0x0000c000      0x1e0
                0x0000c000                __vector_table = .
                0x0000c000                . = ALIGN (0x4)
 *(.vectortable)
 .vectortable   0x0000c000      0x1e0 Startup\kinetis_sysinit.o
                0x0000c1e0                . = ALIGN (0x4)

.cfmprotect     0x0000c400        0x0
                0x0000c400                . = ALIGN (0x4)
 *(.cfmconfig)
                0x0000c400                . = ALIGN (0x4)

.text           0x0000c410    0x11854
                0x0000c410                . = ALIGN (0x4)
 *(.text)
 .text          0x0000c410      0x370 c:/fehqt/proteus/gcc/bin/../lib/gcc/arm-none-eabi/4.6.2/armv7e-m\libgcc.a(_arm_addsubdf3.o)
                0x0000c410                __aeabi_drsub
                0x0000c418                __aeabi_dsub
                0x0000c418                __subdf3
                0x0000c41c                __aeabi_dadd
                0x0000c41c                __adddf3
                0x0000c694                __floatunsidf
                0x0000c694                __aeabi_ui2d
                0x0000c6b4                __floatsidf
                0x0000c6b4                __aeabi_i2d
                0x0000c6d8                __aeabi_f2d
                0x0000c6d8                __extendsfdf2
                0x0000c714                __floatundidf
                0x0000c714                __aeabi_ul2d
                0x0000c724                __floatdidf
                0x0000c724                __aeabi_l2d
 .text          0x0000c780      0x424 c:/fehqt/proteus/gcc/bin/../lib/gcc/arm-none-eabi/4.6.2/armv7e-m\libgcc.a(_arm_muldivdf3.o)
                0x0000c780                __aeabi_dmul
                0x0000c780                __muldf3
                0x0000c9d4                __divdf3
                0x0000c9d4                __aeabi_ddiv
 .text          0x0000cba4      0x110 c:/fehqt/proteus/gcc/bin/../lib/gcc/arm-none-eabi/4.6.2/armv7e-m\libgcc.a(_arm_cmpdf2.o)
                0x0000cba4                __gtdf2
                0x0000cba4                __gedf2
                0x0000cbac                __ltdf2
                0x0000cbac                __ledf2
                0x0000cbb4                __nedf2
                0x0000cbb4                __eqdf2
                0x0000cbb4                __cmpdf2
                0x0000cc30                __aeabi_cdrcmple
                0x0000cc40                __aeabi_cdcmpeq
                0x0000cc40                __aeabi_cdcmple
                0x0000cc50                __aeabi_dcmpeq
                0x0000cc64                __aeabi_dcmplt
                0x0000cc78                __aeabi_dcmple
                0x0000cc8c                __aeabi_dcmpge
                0x0000cca0                __aeabi_dcmpgt
 .text          0x0000ccb4       0x50 c:/fehqt/proteus/gcc/bin/../lib/gcc/arm-none-eabi/4.6.2/armv7e-m\libgcc.a(_arm_fixdfsi.o)
                0x0000ccb4                __aeabi_d2iz
                0x0000ccb4                __fixdfsi
 .text          0x0000cd04       0x40 c:/fehqt/proteus/gcc/bin/../lib/gcc/arm-none-eabi/4.6.2/armv7e-m\libgcc.a(_arm_fixunsdfsi.o)
                0x0000cd04                __aeabi_d2uiz
                0x0000cd04                __fixunsdfsi
 .text          0x0000cd44       0xa0 c:/fehqt/proteus/gcc/bin/../lib/gcc/arm-none-eabi/4.6.2/armv7e-m\libgcc.a(_arm_truncdfsf2.o)
                0x0000cd44                __truncdfsf2
                0x0000cd44                __aeabi_d2f
 .text          0x0000cde4      0x21c c:/fehqt/proteus/gcc/bin/../lib/gcc/arm-none-eabi/4.6.2/armv7e-m\libgcc.a(_arm_addsubsf3.o)
                0x0000cde4                __aeabi_frsub
                0x0000cdec                __subsf3
                0x0000cdec                __aeabi_fsub
                0x0000cdf0                __aeabi_fadd
                0x0000cdf0                __addsf3
                0x0000cf50                __aeabi_ui2f
                0x0000cf50                __floatunsisf
                0x0000cf58                __aeabi_i2f
                0x0000cf58                __floatsisf
                0x0000cf74                __aeabi_ul2f
                0x0000cf74                __floatundisf
                0x0000cf84                __aeabi_l2f
                0x0000cf84                __floatdisf
 .text          0x0000d000      0x2a0 c:/fehqt/proteus/gcc/bin/../lib/gcc/arm-none-eabi/4.6.2/armv7e-m\libgcc.a(_arm_muldivsf3.o)
                0x0000d000                __mulsf3
                0x0000d000                __aeabi_fmul
                0x0000d168                __aeabi_fdiv
                0x0000d168                __divsf3
 .text          0x0000d2a0       0xec c:/fehqt/proteus/gcc/bin/../lib/gcc/arm-none-eabi/4.6.2/armv7e-m\libgcc.a(_arm_cmpsf2.o)
                0x0000d2a0                __gesf2
                0x0000d2a0                __gtsf2
                0x0000d2a8                __lesf2
                0x0000d2a8                __ltsf2
                0x0000d2b0                __nesf2
                0x0000d2b0                __eqsf2
                0x0000d2b0                __cmpsf2
                0x0000d310                __aeabi_cfrcmple
                0x0000d318                __aeabi_cfcmpeq
                0x0000d318                __aeabi_cfcmple
                0x0000d328                __aeabi_fcmpeq
                0x0000d33c                __aeabi_fcmplt
                0x0000d350                __aeabi_fcmple
                0x0000d364                __aeabi_fcmpge
                0x0000d378                __aeabi_fcmpgt
 .text          0x0000d38c       0x4c c:/fehqt/proteus/gcc/bin/../lib/gcc/arm-none-eabi/4.6.2/armv7e-m\libgcc.a(_arm_fixsfsi.o)
                0x0000d38c                __aeabi_f2iz
                0x0000d38c                __fixsfsi
 *(.text*)
 .text._ZSt5atan2ff
                0x0000d3d8       0x20 ..\main.o
                0x0000d3d8                std::atan2(float, float)
 .text._ZSt4fabsf
                0x0000d3f8       0x1c ..\main.o
                0x0000d3f8                std::fabs(float)
 .text._ZSt4sqrtf
                0x0000d414       0x1c ..\main.o
                0x0000d414                std::sqrt(float)
 .text._ZSt4fmaxff
                0x0000d430       0x20 ..\main.o
                0x0000d430                std::fmax(float, float)
 .text._ZSt3powfi
                0x0000d450       0x28 ..\main.o
                0x0000d450                std::pow(float, int)
 .text.main     0x0000d478      0x3c0 ..\main.o
                0x0000d478                main
 .text._Z8setupRunv
                0x0000d838       0xe8 ..\main.o
                0x0000d838                setupRun()
 .text._Z12waitForTouchv
                0x0000d920       0x94 ..\main.o
                0x0000d920                waitForTouch()
 .text._Z12calibrateCdsv
                0x0000d9b4      0x114 ..\main.o
                0x0000d9b4                calibrateCds()
 .text._Z12startWithCdsv
                0x0000dac8      0x270 ..\main.o
                0x0000dac8                startWithCds()
 .text._Z8getColorv
                0x0000dd38      0x1c0 ..\main.o
                0x0000dd38                getColor()
 .text._Z13raiseForkLiftv
                0x0000def8       0x4c ..\main.o
                0x0000def8                raiseForkLift()
 .text._Z13lowerForkLiftv
                0x0000df44       0x4c ..\main.o
                0x0000df44                lowerForkLift()
 .text._Z8setCrankf
                0x0000df90       0xb0 ..\main.o
                0x0000df90                setCrank(float)
 .text._Z14updatePositionv
                0x0000e040      0x154 ..\main.o
                0x0000e040                updatePosition()
 .text._Z12calibrateRPSv
                0x0000e194       0x2c ..\main.o
                0x0000e194                calibrateRPS()
 .text._Z6moveTofff
                0x0000e1c0       0xd0 ..\main.o
                0x0000e1c0                moveTo(float, float, float)
 .text._Z10pushTowardffff
                0x0000e290       0xb0 ..\main.o
                0x0000e290                pushToward(float, float, float, float)
 .text._Z8rotateToff
                0x0000e340       0xd8 ..\main.o
                0x0000e340                rotateTo(float, float)
 .text._Z11moveBlindTofff
                0x0000e418       0x68 ..\main.o
                0x0000e418                moveBlindTo(float, float, float)
 .text._Z9moveBlindfff
                0x0000e480      0x1a0 ..\main.o
                0x0000e480                moveBlind(float, float, float)
 .text._Z14moveComponentsfff
                0x0000e620       0x48 ..\main.o
                0x0000e620                moveComponents(float, float, float)
 .text._Z21setVelocityComponentsfff
                0x0000e668      0x198 ..\main.o
                0x0000e668                setVelocityComponents(float, float, float)
 .text._Z4haltv
                0x0000e800       0x24 ..\main.o
                0x0000e800                halt()
 .text._Z9setWheelsffff
                0x0000e824       0x7c ..\main.o
                0x0000e824                setWheels(float, float, float, float)
 .text._Z19moveAtAngleRelRobotff
                0x0000e8a0       0x90 ..\main.o
                0x0000e8a0                moveAtAngleRelRobot(float, float)
 .text._Z20moveAtAngleRelCourseff
                0x0000e930       0x3c ..\main.o
                0x0000e930                moveAtAngleRelCourse(float, float)
 .text._Z11setRotationf
                0x0000e96c       0x78 ..\main.o
                0x0000e96c                setRotation(float)
 .text._Z8rotateByff
                0x0000e9e4      0x108 ..\main.o
                0x0000e9e4                rotateBy(float, float)
 .text._Z9principalf
                0x0000eaec       0x78 ..\main.o
                0x0000eaec                principal(float)
 *fill*         0x0000eb64        0x4 00
 .text._Z3argffff
                0x0000eb68       0x68 ..\main.o
                0x0000eb68                arg(float, float, float, float)
 .text._Z6pythagffff
                0x0000ebd0       0x58 ..\main.o
                0x0000ebd0                pythag(float, float, float, float)
 .text._Z10deltaAngleff
                0x0000ec28       0x8c ..\main.o
                0x0000ec28                deltaAngle(float, float)
 .text._Z3docPKc
                0x0000ecb4       0x80 ..\main.o
                0x0000ecb4                doc(char const*)
 .text._Z3docPKcf
                0x0000ed34       0xc4 ..\main.o
                0x0000ed34                doc(char const*, float)
 .text._Z3docPKcff
                0x0000edf8      0x104 ..\main.o
                0x0000edf8                doc(char const*, float, float)
 .text._Z3docPKcfff
                0x0000eefc      0x15c ..\main.o
                0x0000eefc                doc(char const*, float, float, float)
 .text._Z41__static_initialization_and_destruction_0ii
                0x0000f058       0xb0 ..\main.o
 .text._GLOBAL__sub_I_Robot
                0x0000f108       0x14 ..\main.o
 .text.zero_fill_bss
                0x0000f11c       0x34 Startup\__arm_start.o
 .text.__thumb_startup
                0x0000f150       0x34 Startup\__arm_start.o
                0x0000f150                __thumb_startup
 .text.InitFEHProteus
                0x0000f184      0x15c Startup\__arm_start.o
                0x0000f184                InitFEHProteus
 .text.pll_init_bl
                0x0000f2e0      0x130 Startup\__arm_start.o
 .text.InitPowerButton
                0x0000f410       0x90 Startup\__arm_start.o
                0x0000f410                InitPowerButton
 .text._ExitProcess
                0x0000f4a0        0xc Startup\__arm_end.o
                0x0000f4a0                _ExitProcess
 .text.Default_Handler
                0x0000f4ac        0xc Startup\kinetis_sysinit.o
                0x0000f4ac                BusFault_Handler()
                0x0000f4ac                HardFault_Handler()
                0x0000f4ac                SysTick_Handler()
                0x0000f4ac                PendSV_Handler()
                0x0000f4ac                DebugMonitor_Handler()
                0x0000f4ac                MemManage_Handler()
                0x0000f4ac                NMI_Handler()
                0x0000f4ac                SVC_Handler()
                0x0000f4ac                Default_Handler
                0x0000f4ac                UsageFault_Handler()
 .text.__init_hardware
                0x0000f4b8       0x44 Startup\kinetis_sysinit.o
                0x0000f4b8                __init_hardware
 .text._Z8PortDISRv
                0x0000f4fc       0x64 Startup\kinetis_sysinit.o
                0x0000f4fc                PortDISR()
 .text._ZN8FEHMotorC2ENS_12FEHMotorPortEf
                0x0000f560       0xb0 Libraries\FEHMotor.o
                0x0000f560                FEHMotor::FEHMotor(FEHMotor::FEHMotorPort, float)
                0x0000f560                FEHMotor::FEHMotor(FEHMotor::FEHMotorPort, float)
 .text._ZN8FEHMotor8SetPowerEi
                0x0000f610       0x60 Libraries\FEHMotor.o
                0x0000f610                FEHMotor::SetPower(int)
 .text._ZN8FEHMotor10SetPercentEf
                0x0000f670      0x158 Libraries\FEHMotor.o
                0x0000f670                FEHMotor::SetPercent(float)
 .text._Z21IIC_StartTransmissionhh
                0x0000f7c8       0x98 Drivers\i2c.o
                0x0000f7c8                IIC_StartTransmission(unsigned char, unsigned char)
 .text._Z5Pausev
                0x0000f860       0x34 Drivers\i2c.o
                0x0000f860                Pause()
 .text._Z21MMA8451QWriteRegisterhh
                0x0000f894      0x12c Drivers\i2c.o
                0x0000f894                MMA8451QWriteRegister(unsigned char, unsigned char)
 .text._Z12SPI_SendCharh
                0x0000f9c0       0x1c Drivers\spi.o
                0x0000f9c0                SPI_SendChar(unsigned char)
 .text._Z16SPI_WriteCommandhh
                0x0000f9dc       0x34 Drivers\spi.o
                0x0000f9dc                SPI_WriteCommand(unsigned char, unsigned char)
 .text._Z11SPI_GetCharv
                0x0000fa10       0x14 Drivers\spi.o
                0x0000fa10                SPI_GetChar()
 .text._Z15SPI_ReadCommandh
                0x0000fa24       0x3c Drivers\spi.o
                0x0000fa24                SPI_ReadCommand(unsigned char)
 .text._Z13SPI_CS_Assertv
                0x0000fa60       0x24 Drivers\spi.o
                0x0000fa60                SPI_CS_Assert()
 .text._Z15SPI_CS_Deassertv
                0x0000fa84       0x24 Drivers\spi.o
                0x0000fa84                SPI_CS_Deassert()
 .text._Z12SPI_Transferh
                0x0000faa8       0x88 Drivers\spi.o
                0x0000faa8                SPI_Transfer(unsigned char)
 .text._Z8SPI_Initv
                0x0000fb30       0xe8 Drivers\spi.o
                0x0000fb30                SPI_Init()
 .text._Z9uart_initPV11UART_MemMapii
                0x0000fc18      0x20c Drivers\uart.o
                0x0000fc18                uart_init(UART_MemMap volatile*, int, int)
 .text._Z12uart_getcharPV11UART_MemMap
                0x0000fe24       0x34 Drivers\uart.o
                0x0000fe24                uart_getchar(UART_MemMap volatile*)
 .text._Z12uart_putcharPV11UART_MemMapc
                0x0000fe58       0x38 Drivers\uart.o
                0x0000fe58                uart_putchar(UART_MemMap volatile*, char)
 .text._ZL7mem_cpyPvPKvj
                0x0000fe90       0x50 Drivers\ff.o
 .text._ZL7mem_setPvij
                0x0000fee0       0x44 Drivers\ff.o
 .text._ZL7mem_cmpPKvS0_j
                0x0000ff24       0x7c Drivers\ff.o
 .text._ZL7chk_chrPKci
                0x0000ffa0       0x48 Drivers\ff.o
 .text._ZL11move_windowP5FATFSm
                0x0000ffe8       0xf0 Drivers\ff.o
 .text._ZL4syncP5FATFS
                0x000100d8      0x188 Drivers\ff.o
 .text._Z10clust2sectP5FATFSm
                0x00010260       0x44 Drivers\ff.o
                0x00010260                clust2sect(FATFS*, unsigned long)
 .text._Z7get_fatP5FATFSm
                0x000102a4      0x1d4 Drivers\ff.o
                0x000102a4                get_fat(FATFS*, unsigned long)
 .text._Z7put_fatP5FATFSmm
                0x00010478      0x268 Drivers\ff.o
                0x00010478                put_fat(FATFS*, unsigned long, unsigned long)
 .text._ZL12remove_chainP5FATFSm
                0x000106e0       0xbc Drivers\ff.o
 .text._ZL12create_chainP5FATFSm
                0x0001079c      0x130 Drivers\ff.o
 .text._ZL10clmt_clustP3FILm
                0x000108cc       0x70 Drivers\ff.o
 .text._ZL7dir_sdiP3DIRt
                0x0001093c      0x124 Drivers\ff.o
 .text._ZL8dir_nextP3DIRi
                0x00010a60      0x1fc Drivers\ff.o
 .text._ZL8dir_findP3DIR
                0x00010c5c       0xbc Drivers\ff.o
 .text._ZL12dir_registerP3DIR
                0x00010d18       0xcc Drivers\ff.o
 .text._ZL11create_nameP3DIRPPKc
                0x00010de4      0x250 Drivers\ff.o
 .text._ZL11follow_pathP3DIRPKc
                0x00011034      0x150 Drivers\ff.o
 .text._ZL8check_fsP5FATFSm
                0x00011184       0xf0 Drivers\ff.o
 .text._ZL11chk_mountedPPKcPP5FATFSh
                0x00011274      0x5f8 Drivers\ff.o
 .text._ZL8validateP5FATFSt
                0x0001186c       0x54 Drivers\ff.o
 .text._Z7f_mounthP5FATFS
                0x000118c0       0x64 Drivers\ff.o
                0x000118c0                f_mount(unsigned char, FATFS*)
 .text._Z6f_openP3FILPKch
                0x00011924      0x358 Drivers\ff.o
                0x00011924                f_open(FIL*, char const*, unsigned char)
 .text._Z7f_writeP3FILPKvjPj
                0x00011c7c      0x39c Drivers\ff.o
                0x00011c7c                f_write(FIL*, void const*, unsigned int, unsigned int*)
 .text._Z6f_syncP3FIL
                0x00012018      0x1c0 Drivers\ff.o
                0x00012018                f_sync(FIL*)
 .text._Z7f_closeP3FIL
                0x000121d8       0x2c Drivers\ff.o
                0x000121d8                f_close(FIL*)
 .text._Z6f_putccP3FIL
                0x00012204       0x44 Drivers\ff.o
                0x00012204                f_putc(char, FIL*)
 .text._Z6f_putsPKcP3FIL
                0x00012248       0x64 Drivers\ff.o
                0x00012248                f_puts(char const*, FIL*)
 .text._Z5powerii
                0x000122ac       0x50 Drivers\ff.o
                0x000122ac                power(int, int)
 .text._Z8f_printfP3FILPKcSt9__va_list
                0x000122fc      0x76c Drivers\ff.o
                0x000122fc                f_printf(FIL*, char const*, std::__va_list)
 .text._ZL17SDHC_set_baudratemm
                0x00012a68      0x14c Drivers\SDHC.o
 .text._Z9SDHC_initP17esdhc_info_structPK17esdhc_init_struct
                0x00012bb4      0x1c4 Drivers\SDHC.o
                0x00012bb4                SDHC_init(esdhc_info_struct*, esdhc_init_struct const*)
 .text._ZL15SDHC_is_runningv
                0x00012d78       0x28 Drivers\SDHC.o
 .text._ZL16SDHC_status_waitm
                0x00012da0       0x38 Drivers\SDHC.o
 .text._ZL17SDHC_send_commandP20esdhc_command_struct
                0x00012dd8      0x2a0 Drivers\SDHC.o
 .text._Z10SDHC_ioctlmPv
                0x00013078      0x978 Drivers\SDHC.o
                0x00013078                SDHC_ioctl(unsigned long, void*)
 .text._Z15disk_initializeh
                0x000139f0      0x448 Drivers\SDHC.o
                0x000139f0                disk_initialize(unsigned char)
 .text._ZL14rcvr_datablockPhm
                0x00013e38      0x134 Drivers\SDHC.o
 .text._Z9disk_readhPhmh
                0x00013f6c      0x13c Drivers\SDHC.o
                0x00013f6c                disk_read(unsigned char, unsigned char*, unsigned long, unsigned char)
 .text._ZL14xmit_datablockPKhm
                0x000140a8       0xe0 Drivers\SDHC.o
 .text._Z10disk_writehPKhmh
                0x00014188      0x1cc Drivers\SDHC.o
                0x00014188                disk_write(unsigned char, unsigned char const*, unsigned long, unsigned char)
 .text._Z10disk_ioctlhhPv
                0x00014354      0x128 Drivers\SDHC.o
                0x00014354                disk_ioctl(unsigned char, unsigned char, void*)
 .text._Z11disk_statush
                0x0001447c       0x30 Drivers\SDHC.o
                0x0001447c                disk_status(unsigned char)
 .text._Z13time_delay_msm
                0x000144ac       0xa4 Drivers\lptmr.o
                0x000144ac                time_delay_ms(unsigned long)
 .text._Z41__static_initialization_and_destruction_0ii
                0x00014550       0x30 FEHProteus.o
 .text._GLOBAL__sub_I_Propeller
                0x00014580       0x14 FEHProteus.o
 .text._ZN12FEHPropellerC2Ev
                0x00014594       0x20 Drivers\FEHPropeller.o
                0x00014594                FEHPropeller::FEHPropeller()
                0x00014594                FEHPropeller::FEHPropeller()
 .text._ZN12FEHPropeller10InitializeEv
                0x000145b4       0x94 Drivers\FEHPropeller.o
                0x000145b4                FEHPropeller::Initialize()
 .text._ZN12FEHPropeller12SetMotorRateEhhh
                0x00014648       0x78 Drivers\FEHPropeller.o
                0x00014648                FEHPropeller::SetMotorRate(unsigned char, unsigned char, unsigned char)
 .text._ZL5Delaymjj
                0x000146c0       0xc4 Libraries\FEHUtility.o
 .text._Z5Sleepi
                0x00014784       0x34 Libraries\FEHUtility.o
                0x00014784                Sleep(int)
 .text._Z5Sleepd
                0x000147b8       0x58 Libraries\FEHUtility.o
                0x000147b8                Sleep(double)
 .text._Z7TimeNowv
                0x00014810       0x70 Libraries\FEHUtility.o
                0x00014810                TimeNow()
 .text._Z11TimeNowMSecv
                0x00014880       0x44 Libraries\FEHUtility.o
                0x00014880                TimeNowMSec()
 .text._Z9portB_isrv
                0x000148c4       0xd4 Libraries\FEHIO.o
                0x000148c4                portB_isr()
 .text._Z9portC_isrv
                0x00014998       0xd8 Libraries\FEHIO.o
                0x00014998                portC_isr()
 .text._Z9portA_isrv
                0x00014a70       0xd8 Libraries\FEHIO.o
                0x00014a70                portA_isr()
 .text._Z9portE_isrv
                0x00014b48       0xd0 Libraries\FEHIO.o
                0x00014b48                portE_isr()
 .text._ZN14AnalogInputPinC2EN5FEHIO8FEHIOPinE
                0x00014c18       0x20 Libraries\FEHIO.o
                0x00014c18                AnalogInputPin::AnalogInputPin(FEHIO::FEHIOPin)
                0x00014c18                AnalogInputPin::AnalogInputPin(FEHIO::FEHIOPin)
 .text._ZN14AnalogInputPin5ValueEv
                0x00014c38      0x180 Libraries\FEHIO.o
                0x00014c38                AnalogInputPin::Value()
 .text._ZN13AnalogEncoder12EncoderValueEv
                0x00014db8       0xe4 Libraries\FEHIO.o
                0x00014db8                AnalogEncoder::EncoderValue()
 .text._ZN14AnalogInputPin8InitADCsEv
                0x00014e9c      0x120 Libraries\FEHIO.o
                0x00014e9c                AnalogInputPin::InitADCs()
 .text._Z8pit0_isrv
                0x00014fbc       0x34 Libraries\FEHIO.o
                0x00014fbc                pit0_isr()
 .text._ZN13AnalogEncoder4InitEv
                0x00014ff0       0x64 Libraries\FEHIO.o
                0x00014ff0                AnalogEncoder::Init()
 .text._ZN13AnalogEncoder14SetCounterInitEj
                0x00015054       0x20 Libraries\FEHIO.o
                0x00015054                AnalogEncoder::SetCounterInit(unsigned int)
 .text._ZN13AnalogEncoder10ProcessIntEv
                0x00015074       0x80 Libraries\FEHIO.o
                0x00015074                AnalogEncoder::ProcessInt()
 .text._ZN13AnalogEncoder14ProcessIntSelfEv
                0x000150f4       0x80 Libraries\FEHIO.o
                0x000150f4                AnalogEncoder::ProcessIntSelf()
 .text._Z7ADC_CalPV10ADC_MemMap
                0x00015174      0x14c Drivers\adc16.o
                0x00015174                ADC_Cal(ADC_MemMap volatile*)
 .text._Z14ADC_Config_AltPV10ADC_MemMapP7adc_cfg
                0x000152c0       0x6c Drivers\adc16.o
                0x000152c0                ADC_Config_Alt(ADC_MemMap volatile*, adc_cfg*)
 .text._ZN9FEHBuzzer4BeepEv
                0x0001532c       0x20 Libraries\FEHBuzzer.o
                0x0001532c                FEHBuzzer::Beep()
 .text._ZN9FEHBuzzer4ToneEii
                0x0001534c       0xa8 Libraries\FEHBuzzer.o
                0x0001534c                FEHBuzzer::Tone(int, int)
 .text._ZN9FEHBuzzerC2Ev
                0x000153f4       0x18 Libraries\FEHBuzzer.o
                0x000153f4                FEHBuzzer::FEHBuzzer()
                0x000153f4                FEHBuzzer::FEHBuzzer()
 .text._Z41__static_initialization_and_destruction_0ii
                0x0001540c       0x30 Libraries\FEHBuzzer.o
 .text._GLOBAL__sub_I_Buzzer
                0x0001543c       0x14 Libraries\FEHBuzzer.o
 .text._ZN8FEHServoC2ENS_12FEHServoPortE
                0x00015450       0x3c Libraries\FEHServo.o
                0x00015450                FEHServo::FEHServo(FEHServo::FEHServoPort)
                0x00015450                FEHServo::FEHServo(FEHServo::FEHServoPort)
 .text._ZN8FEHServo6SetMinEi
                0x0001548c       0x3c Libraries\FEHServo.o
                0x0001548c                FEHServo::SetMin(int)
 .text._ZN8FEHServo6SetMaxEi
                0x000154c8       0x3c Libraries\FEHServo.o
                0x000154c8                FEHServo::SetMax(int)
 *fill*         0x00015504        0x4 00
 .text._ZN8FEHServo9SetDegreeEf
                0x00015508      0x148 Libraries\FEHServo.o
                0x00015508                FEHServo::SetDegree(float)
 .text._ZN6FEHLCD11_InitializeEv
                0x00015650      0x5dc Libraries\FEHLCD.o
                0x00015650                FEHLCD::_Initialize()
 .text._ZN6FEHLCDC2Ev
                0x00015c2c       0x64 Libraries\FEHLCD.o
                0x00015c2c                FEHLCD::FEHLCD()
                0x00015c2c                FEHLCD::FEHLCD()
 .text._ZN6FEHLCD10InitializeEv
                0x00015c90       0x38 Libraries\FEHLCD.o
                0x00015c90                FEHLCD::Initialize()
 .text._ZN6FEHLCD10PrintImageEii
                0x00015cc8      0x100 Libraries\FEHLCD.o
                0x00015cc8                FEHLCD::PrintImage(int, int)
 .text._ZN6FEHLCD9PrintLogoEii
                0x00015dc8      0x100 Libraries\FEHLCD.o
                0x00015dc8                FEHLCD::PrintLogo(int, int)
 .text._ZN6FEHLCD22ConvertFEHColorTo24BitENS_11FEHLCDColorE
                0x00015ec8       0x80 Libraries\FEHLCD.o
                0x00015ec8                FEHLCD::ConvertFEHColorTo24Bit(FEHLCD::FEHLCDColor)
 .text._ZN6FEHLCD24Convert24BitColorTo16BitEj
                0x00015f48       0x40 Libraries\FEHLCD.o
                0x00015f48                FEHLCD::Convert24BitColorTo16Bit(unsigned int)
 .text._ZN6FEHLCD22ConvertRGBColorTo16BitEhhh
                0x00015f88       0x44 Libraries\FEHLCD.o
                0x00015f88                FEHLCD::ConvertRGBColorTo16Bit(unsigned char, unsigned char, unsigned char)
 .text._ZN6FEHLCD5ClearENS_11FEHLCDColorE
                0x00015fcc       0x28 Libraries\FEHLCD.o
                0x00015fcc                FEHLCD::Clear(FEHLCD::FEHLCDColor)
 .text._ZN6FEHLCD5ClearEj
                0x00015ff4       0x2c Libraries\FEHLCD.o
                0x00015ff4                FEHLCD::Clear(unsigned int)
 .text._ZN6FEHLCD5ClearEv
                0x00016020       0x18 Libraries\FEHLCD.o
                0x00016020                FEHLCD::Clear()
 .text._ZN6FEHLCD18SetBackgroundColorENS_11FEHLCDColorE
                0x00016038       0x28 Libraries\FEHLCD.o
                0x00016038                FEHLCD::SetBackgroundColor(FEHLCD::FEHLCDColor)
 .text._ZN6FEHLCD18SetBackgroundColorEj
                0x00016060       0x28 Libraries\FEHLCD.o
                0x00016060                FEHLCD::SetBackgroundColor(unsigned int)
 .text._ZN6FEHLCD12SetFontColorENS_11FEHLCDColorE
                0x00016088       0x28 Libraries\FEHLCD.o
                0x00016088                FEHLCD::SetFontColor(FEHLCD::FEHLCDColor)
 .text._ZN6FEHLCD12SetFontColorEj
                0x000160b0       0x28 Libraries\FEHLCD.o
                0x000160b0                FEHLCD::SetFontColor(unsigned int)
 .text._ZN6FEHLCD7WriteAtEPKcii
                0x000160d8       0x58 Libraries\FEHLCD.o
                0x000160d8                FEHLCD::WriteAt(char const*, int, int)
 .text._ZN6FEHLCD11TS_SPI_InitEv
                0x00016130       0xa8 Libraries\FEHLCD.o
                0x00016130                FEHLCD::TS_SPI_Init()
 .text._ZN6FEHLCD5TouchEPfS0_
                0x000161d8      0x240 Libraries\FEHLCD.o
                0x000161d8                FEHLCD::Touch(float*, float*)
 .text._ZN6FEHLCD3absEi
                0x00016418       0x28 Libraries\FEHLCD.o
                0x00016418                FEHLCD::abs(int)
 .text._ZN6FEHLCD5WriteEPKc
                0x00016440       0x5c Libraries\FEHLCD.o
                0x00016440                FEHLCD::Write(char const*)
 .text._ZN6FEHLCD5WriteEi
                0x0001649c       0x34 Libraries\FEHLCD.o
                0x0001649c                FEHLCD::Write(int)
 .text._ZN6FEHLCD5WriteEf
                0x000164d0       0xdc Libraries\FEHLCD.o
                0x000164d0                FEHLCD::Write(float)
 .text._ZN6FEHLCD5WriteEc
                0x000165ac       0x30 Libraries\FEHLCD.o
                0x000165ac                FEHLCD::Write(char)
 .text._ZN6FEHLCD9WriteLineEPKc
                0x000165dc       0x28 Libraries\FEHLCD.o
                0x000165dc                FEHLCD::WriteLine(char const*)
 .text._ZN6FEHLCD9WriteLineEc
                0x00016604       0x2c Libraries\FEHLCD.o
                0x00016604                FEHLCD::WriteLine(char)
 .text._ZN6FEHLCD10WriteIndexEh
                0x00016630      0x288 Libraries\FEHLCD.o
                0x00016630                FEHLCD::WriteIndex(unsigned char)
 .text._ZN6FEHLCD14WriteParameterEh
                0x000168b8      0x254 Libraries\FEHLCD.o
                0x000168b8                FEHLCD::WriteParameter(unsigned char)
 .text._ZN6FEHLCD6_ClearEv
                0x00016b0c      0x228 Libraries\FEHLCD.o
                0x00016b0c                FEHLCD::_Clear()
 .text._ZN6FEHLCD8NextLineEv
                0x00016d34       0x30 Libraries\FEHLCD.o
                0x00016d34                FEHLCD::NextLine()
 .text._ZN6FEHLCD9CheckLineEv
                0x00016d64       0x2c Libraries\FEHLCD.o
                0x00016d64                FEHLCD::CheckLine()
 .text._ZN6FEHLCD8NextCharEv
                0x00016d90       0x34 Libraries\FEHLCD.o
                0x00016d90                FEHLCD::NextChar()
 .text._ZN6FEHLCD9DrawPixelEii
                0x00016dc4       0x30 Libraries\FEHLCD.o
                0x00016dc4                FEHLCD::DrawPixel(int, int)
 .text._Z4SwapRiS_
                0x00016df4       0x28 Libraries\FEHLCD.o
                0x00016df4                Swap(int&, int&)
 .text._ZN6FEHLCD13DrawRectangleEiiii
                0x00016e1c       0x80 Libraries\FEHLCD.o
                0x00016e1c                FEHLCD::DrawRectangle(int, int, int, int)
 .text._ZN6FEHLCD13SetDrawRegionEiiii
                0x00016e9c      0x10c Libraries\FEHLCD.o
                0x00016e9c                FEHLCD::SetDrawRegion(int, int, int, int)
 .text._ZN6FEHLCD8DrawLineEiiii
                0x00016fa8      0x17c Libraries\FEHLCD.o
                0x00016fa8                FEHLCD::DrawLine(int, int, int, int)
 .text._ZN6FEHLCD9WriteCharEiic
                0x00017124       0x40 Libraries\FEHLCD.o
                0x00017124                FEHLCD::WriteChar(int, int, char)
 .text._ZN6FEHLCD11WriteCharAtEiic
                0x00017164      0x278 Libraries\FEHLCD.o
                0x00017164                FEHLCD::WriteCharAt(int, int, char)
 .text._ZN6FEHLCD11RepeatColorEv
                0x000173dc       0xbc Libraries\FEHLCD.o
                0x000173dc                FEHLCD::RepeatColor()
 .text._ZN6FEHLCD10_ForePixelEv
                0x00017498      0x160 Libraries\FEHLCD.o
                0x00017498                FEHLCD::_ForePixel()
 .text._ZN6FEHLCD10_BackPixelEv
                0x000175f8      0x160 Libraries\FEHLCD.o
                0x000175f8                FEHLCD::_BackPixel()
 .text._ZN6FEHLCD22SetRegisterColorValuesEv
                0x00017758      0x4c0 Libraries\FEHLCD.o
                0x00017758                FEHLCD::SetRegisterColorValues()
 .text._ZN7FEHIcon4IconC2Ev
                0x00017c18       0x18 Libraries\FEHLCD.o
                0x00017c18                FEHIcon::Icon::Icon()
                0x00017c18                FEHIcon::Icon::Icon()
 .text._ZN7FEHIcon4Icon13SetPropertiesEPciiiijj
                0x00017c30       0x70 Libraries\FEHLCD.o
                0x00017c30                FEHIcon::Icon::SetProperties(char*, int, int, int, int, unsigned int, unsigned int)
 .text._ZN7FEHIcon4Icon4DrawEv
                0x00017ca0       0xb0 Libraries\FEHLCD.o
                0x00017ca0                FEHIcon::Icon::Draw()
 .text._ZN7FEHIcon4Icon6SelectEv
                0x00017d50       0xb8 Libraries\FEHLCD.o
                0x00017d50                FEHIcon::Icon::Select()
 .text._ZN7FEHIcon4Icon8DeselectEv
                0x00017e08       0xb4 Libraries\FEHLCD.o
                0x00017e08                FEHIcon::Icon::Deselect()
 .text._ZN7FEHIcon4Icon7PressedEffi
                0x00017ebc      0x1dc Libraries\FEHLCD.o
                0x00017ebc                FEHIcon::Icon::Pressed(float, float, int)
 .text._ZN7FEHIcon4Icon12WhilePressedEff
                0x00018098       0x5c Libraries\FEHLCD.o
                0x00018098                FEHIcon::Icon::WhilePressed(float, float)
 .text._ZN7FEHIcon13DrawIconArrayEPNS_4IconEiiiiiiPA20_cjj
                0x000180f4      0x194 Libraries\FEHLCD.o
                0x000180f4                FEHIcon::DrawIconArray(FEHIcon::Icon*, int, int, int, int, int, int, char (*) [20], unsigned int, unsigned int)
 .text._Z41__static_initialization_and_destruction_0ii
                0x00018288       0x30 Libraries\FEHLCD.o
 .text._GLOBAL__sub_I_image
                0x000182b8       0x14 Libraries\FEHLCD.o
 .text._ZN8FEHAccelC2Ev
                0x000182cc       0x8c Libraries\FEHAccel.o
                0x000182cc                FEHAccel::FEHAccel()
                0x000182cc                FEHAccel::FEHAccel()
 .text._Z41__static_initialization_and_destruction_0ii
                0x00018358       0x30 Libraries\FEHAccel.o
 .text._GLOBAL__sub_I_Accel
                0x00018388       0x14 Libraries\FEHAccel.o
 .text._ZN10FEHBattery7VoltageEv
                0x0001839c       0x38 Libraries\FEHBattery.o
                0x0001839c                FEHBattery::Voltage()
 .text._ZN10FEHBatteryC2EN5FEHIO8FEHIOPinE
                0x000183d4       0x24 Libraries\FEHBattery.o
                0x000183d4                FEHBattery::FEHBattery(FEHIO::FEHIOPin)
                0x000183d4                FEHBattery::FEHBattery(FEHIO::FEHIOPin)
 .text._Z41__static_initialization_and_destruction_0ii
                0x000183f8       0x34 Libraries\FEHBattery.o
 .text._GLOBAL__sub_I_Battery
                0x0001842c       0x14 Libraries\FEHBattery.o
 .text._ZN7FEHXBeeC2Ev
                0x00018440       0x20 Drivers\FEHXBee.o
                0x00018440                FEHXBee::FEHXBee()
                0x00018440                FEHXBee::FEHXBee()
 .text._ZN7FEHXBee10InitializeEv
                0x00018460      0x148 Drivers\FEHXBee.o
                0x00018460                FEHXBee::Initialize()
 .text._ZN7FEHXBee13IsInitializedEv
                0x000185a8       0x18 Drivers\FEHXBee.o
                0x000185a8                FEHXBee::IsInitialized()
 .text._ZN7FEHXBee17ReceiveDataSearchEPcjh
                0x000185c0       0xb4 Drivers\FEHXBee.o
                0x000185c0                FEHXBee::ReceiveDataSearch(char*, unsigned int, unsigned char)
 .text._ZN7FEHXBee8SendDataEPcj
                0x00018674       0x50 Drivers\FEHXBee.o
                0x00018674                FEHXBee::SendData(char*, unsigned int)
 .text._ZN7FEHXBee17SetPacketCallBackEPFvPhhE
                0x000186c4       0x20 Drivers\FEHXBee.o
                0x000186c4                FEHXBee::SetPacketCallBack(void (*)(unsigned char*, unsigned char))
 .text._Z9UART0_ISRv
                0x000186e4      0x174 Drivers\FEHXBee.o
                0x000186e4                UART0_ISR()
 .text._ZN6FEHRPSC2Ev
                0x00018858       0x88 Libraries\FEHRPS.o
                0x00018858                FEHRPS::FEHRPS()
                0x00018858                FEHRPS::FEHRPS()
 .text._ZN6FEHRPS10InitializeEi
                0x000188e0      0x8b4 Libraries\FEHRPS.o
                0x000188e0                FEHRPS::Initialize(int)
 .text._ZN6FEHRPS10InitializeEc
                0x00019194       0x4c Libraries\FEHRPS.o
                0x00019194                FEHRPS::Initialize(char)
 .text._ZN6FEHRPS19InitializeTouchMenuEv
                0x000191e0      0x908 Libraries\FEHRPS.o
                0x000191e0                FEHRPS::InitializeTouchMenu()
 .text._ZN6FEHRPS19CurrentRegionLetterEv
                0x00019ae8       0x20 Libraries\FEHRPS.o
                0x00019ae8                FEHRPS::CurrentRegionLetter()
 .text._ZN6FEHRPS8FuelTypeEv
                0x00019b08       0x24 Libraries\FEHRPS.o
                0x00019b08                FEHRPS::FuelType()
 .text._ZN6FEHRPS16IsDeadzoneActiveEv
                0x00019b2c       0x24 Libraries\FEHRPS.o
                0x00019b2c                FEHRPS::IsDeadzoneActive()
 .text._ZN6FEHRPS13WaitForPacketEv
                0x00019b50       0x78 Libraries\FEHRPS.o
                0x00019b50                FEHRPS::WaitForPacket()
 .text._ZN6FEHRPS1XEv
                0x00019bc8       0x20 Libraries\FEHRPS.o
                0x00019bc8                FEHRPS::X()
 .text._ZN6FEHRPS1YEv
                0x00019be8       0x20 Libraries\FEHRPS.o
                0x00019be8                FEHRPS::Y()
 .text._ZN6FEHRPS7HeadingEv
                0x00019c08       0x20 Libraries\FEHRPS.o
                0x00019c08                FEHRPS::Heading()
 .text._Z14RPSDataProcessPhh
                0x00019c28      0x164 Libraries\FEHRPS.o
                0x00019c28                RPSDataProcess(unsigned char*, unsigned char)
 .text._Z41__static_initialization_and_destruction_0ii
                0x00019d8c       0x30 Libraries\FEHRPS.o
 .text._GLOBAL__sub_I_RPS
                0x00019dbc       0x14 Libraries\FEHRPS.o
 .text._ZN5FEHSDC2Ev
                0x00019dd0       0x24 Libraries\FEHSD.o
                0x00019dd0                FEHSD::FEHSD()
                0x00019dd0                FEHSD::FEHSD()
 .text._ZN5FEHSD7OpenLogEv
                0x00019df4      0x1a4 Libraries\FEHSD.o
                0x00019df4                FEHSD::OpenLog()
 .text._ZN5FEHSD8CloseLogEv
                0x00019f98       0x38 Libraries\FEHSD.o
                0x00019f98                FEHSD::CloseLog()
 .text._ZN5FEHSD6PrintfEPKcz
                0x00019fd0       0x30 Libraries\FEHSD.o
                0x00019fd0                FEHSD::Printf(char const*, ...)
 .text._ZN5FEHSD10InitializeEv
                0x0001a000      0x118 Libraries\FEHSD.o
                0x0001a000                FEHSD::Initialize()
 .text._Z41__static_initialization_and_destruction_0ii
                0x0001a118       0x30 Libraries\FEHSD.o
 .text._GLOBAL__sub_I_SD
                0x0001a148       0x14 Libraries\FEHSD.o
 .text.fmaxf    0x0001a15c       0x26 C:\fehqt\Proteus/EWL/lib/armv7e-m\libm.a(fmaxf.o)
                0x0001a15c                fmaxf
 .text.__fpclassifyf
                0x0001a182       0x2c C:\fehqt\Proteus/EWL/lib/armv7e-m\libm.a(math_api.o)
                0x0001a182                __fpclassifyf
 *fill*         0x0001a1ae        0x2 00
 .text.__fpclassifyd
                0x0001a1b0       0x3c C:\fehqt\Proteus/EWL/lib/armv7e-m\libm.a(math_api.o)
                0x0001a1b0                __fpclassifyd
 .text.cos      0x0001a1ec       0x94 C:\fehqt\Proteus/EWL/lib/armv7e-m\libm.a(s_cos.o)
                0x0001a1ec                cos
 .text.sin      0x0001a280       0x90 C:\fehqt\Proteus/EWL/lib/armv7e-m\libm.a(s_sin.o)
                0x0001a280                sin
 .text.atan2f   0x0001a310        0x4 C:\fehqt\Proteus/EWL/lib/armv7e-m\libm.a(w_atan2f.o)
                0x0001a310                atan2f
 .text.powf     0x0001a314        0x4 C:\fehqt\Proteus/EWL/lib/armv7e-m\libm.a(w_powf.o)
                0x0001a314                powf
 .text.sqrtf    0x0001a318        0x4 C:\fehqt\Proteus/EWL/lib/armv7e-m\libm.a(w_sqrtf.o)
                0x0001a318                sqrtf
 .text.__ieee754_atan2f
                0x0001a31c      0x130 C:\fehqt\Proteus/EWL/lib/armv7e-m\libm.a(e_atan2f.o)
                0x0001a31c                __ieee754_atan2f
 .text.__ieee754_powf
                0x0001a44c      0x774 C:\fehqt\Proteus/EWL/lib/armv7e-m\libm.a(e_powf.o)
                0x0001a44c                __ieee754_powf
 .text.__ieee754_rem_pio2
                0x0001abc0      0x3f8 C:\fehqt\Proteus/EWL/lib/armv7e-m\libm.a(e_rem_pio2.o)
                0x0001abc0                __ieee754_rem_pio2
 .text.__ieee754_sqrtf
                0x0001afb8       0xb0 C:\fehqt\Proteus/EWL/lib/armv7e-m\libm.a(e_sqrtf.o)
                0x0001afb8                __ieee754_sqrtf
 .text.__kernel_cos
                0x0001b068      0x1e0 C:\fehqt\Proteus/EWL/lib/armv7e-m\libm.a(k_cos.o)
                0x0001b068                __kernel_cos
 .text.__kernel_rem_pio2
                0x0001b248      0x674 C:\fehqt\Proteus/EWL/lib/armv7e-m\libm.a(k_rem_pio2.o)
                0x0001b248                __kernel_rem_pio2
 *fill*         0x0001b8bc        0x4 00
 .text.__kernel_sin
                0x0001b8c0      0x180 C:\fehqt\Proteus/EWL/lib/armv7e-m\libm.a(k_sin.o)
                0x0001b8c0                __kernel_sin
 .text.atanf    0x0001ba40      0x240 C:\fehqt\Proteus/EWL/lib/armv7e-m\libm.a(s_atanf.o)
                0x0001ba40                atanf
 .text.floor    0x0001bc80      0x118 C:\fehqt\Proteus/EWL/lib/armv7e-m\libm.a(s_floor.o)
                0x0001bc80                floor
 .text.scalbnf  0x0001bd98       0xac C:\fehqt\Proteus/EWL/lib/armv7e-m\libm.a(s_scalbnf.o)
                0x0001bd98                scalbnf
 .text.scalbn   0x0001be44       0x18 C:\fehqt\Proteus/EWL/lib/armv7e-m\libm.a(scalbn.o)
                0x0001be44                scalbn
 .text.frexp    0x0001be5c       0x70 C:\fehqt\Proteus/EWL/lib/armv7e-m\libm.a(s_frexp.o)
                0x0001be5c                frexp
 *fill*         0x0001becc        0x4 00
 .text.ldexp    0x0001bed0      0x140 C:\fehqt\Proteus/EWL/lib/armv7e-m\libm.a(s_ldexp.o)
                0x0001bed0                ldexp
 .text.sprintf  0x0001c010       0x1c C:\fehqt\Proteus/EWL/lib/armv7e-m\libc.a(sprintf.o)
                0x0001c010                sprintf
 .text.__StringWrite
                0x0001c02c       0x28 C:\fehqt\Proteus/EWL/lib/armv7e-m\libc.a(vsnprintf.o)
                0x0001c02c                __StringWrite
 .text.vsnprintf
                0x0001c054       0x34 C:\fehqt\Proteus/EWL/lib/armv7e-m\libc.a(vsnprintf.o)
                0x0001c054                vsnprintf
 .text.exit     0x0001c088       0x38 C:\fehqt\Proteus/EWL/lib/armv7e-m\libc.a(exit.o)
                0x0001c088                exit
 .text.memcpy   0x0001c0c0       0x12 C:\fehqt\Proteus/EWL/lib/armv7e-m\libc.a(memcpy.o)
                0x0001c0c0                memcpy
 .text.memset   0x0001c0d2        0xc C:\fehqt\Proteus/EWL/lib/armv7e-m\libc.a(memset.o)
                0x0001c0d2                memset
 .text.strcpy   0x0001c0de       0x18 C:\fehqt\Proteus/EWL/lib/armv7e-m\libc.a(strcpy.o)
                0x0001c0de                strcpy
 .text.strlen   0x0001c0f6       0x10 C:\fehqt\Proteus/EWL/lib/armv7e-m\libc.a(strlen.o)
                0x0001c0f6                strlen
 .text.long2str.isra.0
                0x0001c106      0x196 C:\fehqt\Proteus/EWL/lib/armv7e-m\libc.a(printformat_.o)
 .text.__pformatter_
                0x0001c29c      0x3f8 C:\fehqt\Proteus/EWL/lib/armv7e-m\libc.a(printformat_.o)
                0x0001c29c                __pformatter_
 .text.__sformatter
                0x0001c694      0x74e C:\fehqt\Proteus/EWL/lib/armv7e-m\libc.a(scanformat_.o)
                0x0001c694                __sformatter
 *fill*         0x0001cde2        0x2 00
 .text.isalpha  0x0001cde4       0x1c C:\fehqt\Proteus/EWL/lib/armv7e-m\libc.a(ctype_aeabi.o)
                0x0001cde4                isalpha
 .text.isspace  0x0001ce00       0x1c C:\fehqt\Proteus/EWL/lib/armv7e-m\libc.a(ctype_aeabi.o)
                0x0001ce00                isspace
 .text.toupper  0x0001ce1c        0xc C:\fehqt\Proteus/EWL/lib/armv7e-m\libc.a(ctype_aeabi.o)
                0x0001ce1c                toupper
 .text.__strtoul
                0x0001ce28      0x1dc C:\fehqt\Proteus/EWL/lib/armv7e-m\libc.a(__strtoul.o)
                0x0001ce28                __strtoul
 .text.__fill_mem
                0x0001d004       0x76 C:\fehqt\Proteus/EWL/lib/armv7e-m\libc.a(__filll_mem.o)
                0x0001d004                __fill_mem
 .text.memchr   0x0001d07a       0x1a C:\fehqt\Proteus/EWL/lib/armv7e-m\libc.a(memchr.o)
                0x0001d07a                memchr
 .text.strchr   0x0001d094       0x1c C:\fehqt\Proteus/EWL/lib/armv7e-m\libc.a(strchr.o)
                0x0001d094                strchr
 .text.__init_cpp
                0x0001d0b0       0x4c C:\fehqt\Proteus/EWL/lib/armv7e-m\librt.a(gcc_ctor_dtor.o)
                0x0001d0b0                __init_cpp
 .text.__fini_cpp
                0x0001d0fc       0x34 C:\fehqt\Proteus/EWL/lib/armv7e-m\librt.a(gcc_ctor_dtor.o)
                0x0001d0fc                __fini_cpp
 .text.__copy_rom_section
                0x0001d130       0x44 C:\fehqt\Proteus/EWL/lib/armv7e-m\librt.a(ROMCopy.o)
                0x0001d130                __copy_rom_section
 .text.__copy_rom_sections_to_ram
                0x0001d174       0x34 C:\fehqt\Proteus/EWL/lib/armv7e-m\librt.a(ROMCopy.o)
                0x0001d174                __copy_rom_sections_to_ram
 .text.__destroy_global_chain
                0x0001d1a8       0x1c C:\fehqt\Proteus/EWL/lib/armv7e-m\librt.a(__arm_eabi_init.o)
                0x0001d1a8                __destroy_global_chain
 .text.__init_registers
                0x0001d1c4       0x20 C:\fehqt\Proteus/EWL/lib/armv7e-m\librt.a(__arm_eabi_init.o)
                0x0001d1c4                __init_registers
 .text.__init_user
                0x0001d1e4        0x4 C:\fehqt\Proteus/EWL/lib/armv7e-m\librt.a(__arm_eabi_init.o)
                0x0001d1e4                __init_user
 *(.rodata)
 .rodata        0x0001d1e8      0x17c ..\main.o
 .rodata        0x0001d364       0x10 Drivers\ff.o
 .rodata        0x0001d374       0x78 Libraries\FEHIO.o
 .rodata        0x0001d3ec       0x34 Libraries\FEHLCD.o
 .rodata        0x0001d420      0x220 Libraries\FEHRPS.o
 .rodata        0x0001d640       0xdc Libraries\FEHSD.o
 *(.rodata*)
 .rodata._ZZL11create_nameP3DIRPPKcE5excvt
                0x0001d71c       0x80 Drivers\ff.o
 .rodata.K60_SDHC0_init
                0x0001d79c        0xc Drivers\SDHC.o
                0x0001d79c                K60_SDHC0_init
 .rodata._ZL21ESDHC_COMMAND_XFERTYP
                0x0001d7a8      0x100 Drivers\SDHC.o
 .rodata._ZL10ADCNumbers
                0x0001d8a8       0x24 Libraries\FEHIO.o
 .rodata._ZL16AnalogPinNumbers
                0x0001d8cc       0x84 Libraries\FEHIO.o
 .rodata.dp_h   0x0001d950        0x8 C:\fehqt\Proteus/EWL/lib/armv7e-m\libm.a(e_powf.o)
 .rodata.dp_l   0x0001d958        0x8 C:\fehqt\Proteus/EWL/lib/armv7e-m\libm.a(e_powf.o)
 .rodata.bp     0x0001d960        0x8 C:\fehqt\Proteus/EWL/lib/armv7e-m\libm.a(e_powf.o)
 .rodata.npio2_hw
                0x0001d968       0x80 C:\fehqt\Proteus/EWL/lib/armv7e-m\libm.a(e_rem_pio2.o)
 .rodata.two_over_pi
                0x0001d9e8      0x108 C:\fehqt\Proteus/EWL/lib/armv7e-m\libm.a(e_rem_pio2.o)
 .rodata.init_jk
                0x0001daf0       0x10 C:\fehqt\Proteus/EWL/lib/armv7e-m\libm.a(k_rem_pio2.o)
 .rodata.PIo2   0x0001db00       0x40 C:\fehqt\Proteus/EWL/lib/armv7e-m\libm.a(k_rem_pio2.o)
 .rodata.atanlo
                0x0001db40       0x10 C:\fehqt\Proteus/EWL/lib/armv7e-m\libm.a(s_atanf.o)
 .rodata.atanhi
                0x0001db50       0x10 C:\fehqt\Proteus/EWL/lib/armv7e-m\libm.a(s_atanf.o)
 .rodata.str1.1
                0x0001db60        0x1 C:\fehqt\Proteus/EWL/lib/armv7e-m\libc.a(printformat_.o)
 .rodata.__aeabi_ctype_table_C
                0x0001db61      0x101 C:\fehqt\Proteus/EWL/lib/armv7e-m\libc.a(ctype_aeabi.o)
                0x0001db61                __aeabi_ctype_table_C
 *(.glue_7)
 .glue_7        0x00000000        0x0 linker stubs
 *(.glue_7t)
 .glue_7t       0x00000000        0x0 linker stubs
 *(.eh_frame)
 *(.init)
 *(.fini)
                0x0001dc64                . = ALIGN (0x4)
 *fill*         0x0001dc62        0x2 00
                0x0001dc64                _etext = .

.vfp11_veneer   0x0001dc64        0x0
 .vfp11_veneer  0x00000000        0x0 linker stubs

.v4_bx          0x0001dc64        0x0
 .v4_bx         0x00000000        0x0 linker stubs

.ARM.extab
 *(.ARM.extab* .gnu.linkonce.armextab.*)

.ARM            0x0001dc64        0x0
                0x0001dc64                __exidx_start = .
 *(.ARM.exidx*)
                0x0001dc64                __exidx_end = .

.ctors          0x0001dc64        0x0
                0x0001dc64                __CTOR_LIST__ = .
 *crtbegin.o(.ctors)
 *(EXCLUDE_FILE(*crtend.o) .ctors)
 *(SORT(.ctors.*))
 *(.ctors)
                0x0001dc64                __CTOR_END__ = .

.dtors          0x0001dc64        0x0
                0x0001dc64                __DTOR_LIST__ = .
 *crtbegin.o(.dtors)
 *(EXCLUDE_FILE(*crtend.o) .dtors)
 *(SORT(.dtors.*))
 *(.dtors)
                0x0001dc64                __DTOR_END__ = .

.preinit_array  0x0001dc64        0x0
                0x0001dc64                PROVIDE (__preinit_array_start, .)
 *(.preinit_array*)
                0x0001dc64                PROVIDE (__preinit_array_end, .)

.init_array     0x0001dc64       0x20
                0x0001dc64                PROVIDE (__init_array_start, .)
 *(SORT(.init_array.*))
 *(.init_array*)
 .init_array    0x0001dc64        0x4 ..\main.o
 .init_array    0x0001dc68        0x4 FEHProteus.o
 .init_array    0x0001dc6c        0x4 Libraries\FEHBuzzer.o
 .init_array    0x0001dc70        0x4 Libraries\FEHLCD.o
 .init_array    0x0001dc74        0x4 Libraries\FEHAccel.o
 .init_array    0x0001dc78        0x4 Libraries\FEHBattery.o
 .init_array    0x0001dc7c        0x4 Libraries\FEHRPS.o
 .init_array    0x0001dc80        0x4 Libraries\FEHSD.o
                0x0001dc84                PROVIDE (__init_array_end, .)

.fini_array     0x0001dc84        0x0
                0x0001dc84                PROVIDE (__fini_array_start, .)
 *(SORT(.fini_array.*))
 *(.fini_array*)
                0x0001dc84                PROVIDE (__fini_array_end, .)
                0x0001dc84                ___ROM_AT = .

.data           0x1fff0400      0xd1c load address 0x0001dc84
                0x1fff0400                . = ALIGN (0x4)
                0x1fff0400                _sdata = .
 *(.data)
 *(.data*)
 .data._ZL4Stat
                0x1fff0400        0x1 Drivers\SDHC.o
 *fill*         0x1fff0401        0x3 00
 .data.image    0x1fff0404      0x750 Libraries\FEHLCD.o
                0x1fff0404                image
 .data.logo     0x1fff0b54      0x3e8 Libraries\FEHLCD.o
                0x1fff0b54                logo
 .data._ZN6FEHLCD8fontDataE
                0x1fff0f3c      0x1e0 Libraries\FEHLCD.o
                0x1fff0f3c                FEHLCD::fontData
                0x1fff111c                . = ALIGN (0x4)
                0x1fff111c                _edata = .
                0x00000d1c                ___data_size = (_edata - _sdata)
                0x0001e9a0                ___m_data2_ROMStart = (___ROM_AT + SIZEOF (.data))

.user_data2     0x20000000        0x0 load address 0x0001e9a0
                0x20000000                . = ALIGN (0x4)
                0x20000000                ___m_data2_RAMStart = .
 *(.data2)
                0x20000000                ___m_data2_RAMEnd = .
                0x20000000                . = ALIGN (0x4)
                0x00000000                ___m_data2_ROMSize = (___m_data2_RAMEnd - ___m_data2_RAMStart)
                0x20000000                . = ALIGN (0x4)

.bss            0x1fff111c      0x860 load address 0x0001e9a0
                0x1fff111c                __START_BSS = .
                0x1fff111c                PROVIDE (__bss_start__, __START_BSS)
 *(.bss)
 *(.bss*)
 .bss.Robot     0x1fff111c       0x10 ..\main.o
                0x1fff111c                Robot
 .bss.cdsControl
                0x1fff112c        0x4 ..\main.o
                0x1fff112c                cdsControl
 .bss.redControl
                0x1fff1130        0x4 ..\main.o
                0x1fff1130                redControl
 .bss.startX    0x1fff1134        0x4 ..\main.o
                0x1fff1134                startX
 .bss.startY    0x1fff1138        0x4 ..\main.o
                0x1fff1138                startY
 .bss.fuelType  0x1fff113c        0x4 ..\main.o
                0x1fff113c                fuelType
 .bss.crankPosition
                0x1fff1140        0x4 ..\main.o
                0x1fff1140                crankPosition
 .bss.motorFL   0x1fff1144        0x8 ..\main.o
                0x1fff1144                motorFL
 .bss.motorFR   0x1fff114c        0x8 ..\main.o
                0x1fff114c                motorFR
 .bss.motorBL   0x1fff1154        0x8 ..\main.o
                0x1fff1154                motorBL
 .bss.motorBR   0x1fff115c        0x8 ..\main.o
                0x1fff115c                motorBR
 .bss.cds       0x1fff1164        0x4 ..\main.o
                0x1fff1164                cds
 .bss.cdsRed    0x1fff1168        0x4 ..\main.o
                0x1fff1168                cdsRed
 .bss.crankyBoi
                0x1fff116c        0xc ..\main.o
                0x1fff116c                crankyBoi
 .bss.forkLift  0x1fff1178        0xc ..\main.o
                0x1fff1178                forkLift
 .bss._ZL4argv  0x1fff1184        0x4 Startup\__arm_start.o
 .bss.MasterTransmission
                0x1fff1188        0x1 Drivers\i2c.o
                0x1fff1188                MasterTransmission
 .bss.SlaveID   0x1fff1189        0x1 Drivers\i2c.o
                0x1fff1189                SlaveID
 *fill*         0x1fff118a        0x2 00
 .bss._ZL5FatFs
                0x1fff118c        0x4 Drivers\ff.o
 .bss._ZL4Fsid  0x1fff1190        0x2 Drivers\ff.o
 .bss._ZL7CurrVol
                0x1fff1192        0x1 Drivers\ff.o
 *fill*         0x1fff1193        0x1 00
 .bss.SDHC_Card
                0x1fff1194       0x14 Drivers\SDHC.o
                0x1fff1194                SDHC_Card
 .bss.SDHC_Init
                0x1fff11a8        0x4 Drivers\SDHC.o
                0x1fff11a8                SDHC_Init
 .bss.SDHC_Info
                0x1fff11ac      0x204 Drivers\SDHC.o
                0x1fff11ac                SDHC_Info
 .bss.SDHC_Device
                0x1fff13b0        0x8 Drivers\SDHC.o
                0x1fff13b0                SDHC_Device
 .bss.Propeller
                0x1fff13b8        0x4 FEHProteus.o
                0x1fff13b8                Propeller
 .bss.CoreClockKHz
                0x1fff13bc        0x4 FEHProteus.o
                0x1fff13bc                CoreClockKHz
 .bss.CoreClockMHz
                0x1fff13c0        0x4 FEHProteus.o
                0x1fff13c0                CoreClockMHz
 .bss.PeripheralClockKHz
                0x1fff13c4        0x4 FEHProteus.o
                0x1fff13c4                PeripheralClockKHz
 .bss._ZN14AnalogInputPin17Master_Adc_ConfigE
                0x1fff13c8       0x10 Libraries\FEHIO.o
                0x1fff13c8                AnalogInputPin::Master_Adc_Config
 .bss._ZN14AnalogInputPin18Encoder_Adc_ConfigE
                0x1fff13d8       0x10 Libraries\FEHIO.o
                0x1fff13d8                AnalogInputPin::Encoder_Adc_Config
 .bss.interrupt_counts
                0x1fff13e8       0x80 Libraries\FEHIO.o
                0x1fff13e8                interrupt_counts
 .bss._ZN13AnalogEncoder7pinListE
                0x1fff1468        0x4 Libraries\FEHIO.o
                0x1fff1468                AnalogEncoder::pinList
 .bss.__interrupt_counter
                0x1fff146c        0x4 Libraries\FEHIO.o
                0x1fff146c                __interrupt_counter
 .bss.Buzzer    0x1fff1470        0x4 Libraries\FEHBuzzer.o
                0x1fff1470                Buzzer
 .bss.LCD       0x1fff1474       0x44 Libraries\FEHLCD.o
                0x1fff1474                LCD
 .bss.initialized
                0x1fff14b8        0x1 Libraries\FEHLCD.o
                0x1fff14b8                initialized
 *fill*         0x1fff14b9        0x3 00
 .bss.Accel     0x1fff14bc        0x4 Libraries\FEHAccel.o
                0x1fff14bc                Accel
 .bss.Battery   0x1fff14c0        0x4 Libraries\FEHBattery.o
                0x1fff14c0                Battery
 .bss.XBeeDataProcess
                0x1fff14c4        0x4 Drivers\FEHXBee.o
                0x1fff14c4                XBeeDataProcess
 .bss._xbeebuffer
                0x1fff14c8       0x10 Drivers\FEHXBee.o
                0x1fff14c8                _xbeebuffer
 .bss._xbeebufferindex
                0x1fff14d8        0x1 Drivers\FEHXBee.o
                0x1fff14d8                _xbeebufferindex
 .bss._xbeestate
                0x1fff14d9        0x1 Drivers\FEHXBee.o
                0x1fff14d9                _xbeestate
 .bss._xbeebytereceived
                0x1fff14da        0x1 Drivers\FEHXBee.o
                0x1fff14da                _xbeebytereceived
 .bss._xbeebyte
                0x1fff14db        0x1 Drivers\FEHXBee.o
                0x1fff14db                _xbeebyte
 .bss.RPS       0x1fff14dc        0x8 Libraries\FEHRPS.o
                0x1fff14dc                RPS
 .bss._enabled  0x1fff14e4        0x1 Libraries\FEHRPS.o
                0x1fff14e4                _enabled
 *fill*         0x1fff14e5        0x3 00
 .bss._RPS_x    0x1fff14e8        0x4 Libraries\FEHRPS.o
                0x1fff14e8                _RPS_x
 .bss._RPS_y    0x1fff14ec        0x4 Libraries\FEHRPS.o
                0x1fff14ec                _RPS_y
 .bss._RPS_heading
                0x1fff14f0        0x4 Libraries\FEHRPS.o
                0x1fff14f0                _RPS_heading
 .bss._RPS_objective
                0x1fff14f4        0x4 Libraries\FEHRPS.o
                0x1fff14f4                _RPS_objective
 .bss._RPS_time
                0x1fff14f8        0x1 Libraries\FEHRPS.o
                0x1fff14f8                _RPS_time
 .bss._RPS_stop
                0x1fff14f9        0x1 Libraries\FEHRPS.o
                0x1fff14f9                _RPS_stop
 .bss._RPS_foundpacket
                0x1fff14fa        0x1 Libraries\FEHRPS.o
                0x1fff14fa                _RPS_foundpacket
 *fill*         0x1fff14fb        0x1 00
 .bss.SD        0x1fff14fc        0x4 Libraries\FEHSD.o
                0x1fff14fc                SD
 .bss.logfil    0x1fff1500      0x228 Libraries\FEHSD.o
                0x1fff1500                logfil
 .bss._ZL9FATFS_Obj
                0x1fff1728      0x234 Libraries\FEHSD.o
 .bss.f_res     0x1fff195c        0x1 Libraries\FEHSD.o
                0x1fff195c                f_res
 *fill*         0x1fff195d        0x3 00
 .bss.__stdio_exit
                0x1fff1960        0x4 C:\fehqt\Proteus/EWL/lib/armv7e-m\libc.a(exit.o)
                0x1fff1960                __stdio_exit
 .bss.__console_exit
                0x1fff1964        0x4 C:\fehqt\Proteus/EWL/lib/armv7e-m\libc.a(exit.o)
                0x1fff1964                __console_exit
 .bss.__S_romp  0x1fff1968        0xc C:\fehqt\Proteus/EWL/lib/armv7e-m\librt.a(ROMCopy.o)
 .bss.__global_destructor_chain
                0x1fff1974        0x4 C:\fehqt\Proteus/EWL/lib/armv7e-m\librt.a(__arm_eabi_init.o)
                0x1fff1974                __global_destructor_chain
 *(COMMON)
 COMMON         0x1fff1978        0x4 C:\fehqt\Proteus/EWL/lib/armv7e-m\libc.a(errno.o)
                0x1fff1978                errno
                0x1fff197c                . = ALIGN (0x4)
                0x1fff197c                __END_BSS = .
                0x1fff197c                PROVIDE (__bss_end__, __END_BSS)

._user_heap_stack
                0x1fff197c     0x1000 load address 0x0001f200
                0x1fff197c                . = ALIGN (0x4)
                0x1fff197c                PROVIDE (end, .)
                0x1fff197c                PROVIDE (_end, .)
                0x1fff197c                __heap_addr = .
                0x1fff217c                . = (. + __heap_size)
 *fill*         0x1fff197c      0x800 00
                0x1fff297c                . = (. + __stack_size)
 *fill*         0x1fff217c      0x800 00
                0x1fff297c                . = ALIGN (0x4)
                0x0001e9a0                _romp_at = ((___ROM_AT + SIZEOF (.data)) + SIZEOF (.user_data2))

.romp           0x20000000       0x24 load address 0x0001e9a0
                0x0001e9a0                __S_romp = _romp_at
                0x20000000        0x4 LONG 0x1dc84 ___ROM_AT
                0x20000004        0x4 LONG 0x1fff0400 _sdata
                0x20000008        0x4 LONG 0xd1c ___data_size
                0x2000000c        0x4 LONG 0x1e9a0 ___m_data2_ROMStart
                0x20000010        0x4 LONG 0x20000000 ___m_data2_RAMStart
                0x20000014        0x4 LONG 0x0 ___m_data2_ROMSize
                0x20000018        0x4 LONG 0x0
                0x2000001c        0x4 LONG 0x0
                0x20000020        0x4 LONG 0x0

.ARM.attributes
                0x00000000       0x33
 *(.ARM.attributes)
 .ARM.attributes
                0x00000000       0x33 ..\main.o
 .ARM.attributes
                0x00000033       0x33 Startup\__arm_start.o
 .ARM.attributes
                0x00000066       0x33 Startup\__arm_end.o
 .ARM.attributes
                0x00000099       0x33 Startup\kinetis_sysinit.o
 .ARM.attributes
                0x000000cc       0x33 Libraries\FEHMotor.o
 .ARM.attributes
                0x000000ff       0x33 Drivers\i2c.o
 .ARM.attributes
                0x00000132       0x33 Drivers\spi.o
 .ARM.attributes
                0x00000165       0x33 Drivers\uart.o
 .ARM.attributes
                0x00000198       0x33 Drivers\ff.o
 .ARM.attributes
                0x000001cb       0x33 Drivers\SDHC.o
 .ARM.attributes
                0x000001fe       0x33 Drivers\lptmr.o
 .ARM.attributes
                0x00000231       0x33 FEHProteus.o
 .ARM.attributes
                0x00000264       0x33 Drivers\FEHPropeller.o
 .ARM.attributes
                0x00000297       0x33 Libraries\FEHUtility.o
 .ARM.attributes
                0x000002ca       0x33 Libraries\FEHIO.o
 .ARM.attributes
                0x000002fd       0x33 Drivers\adc16.o
 .ARM.attributes
                0x00000330       0x33 Libraries\FEHBuzzer.o
 .ARM.attributes
                0x00000363       0x33 Libraries\FEHServo.o
 .ARM.attributes
                0x00000396       0x33 Libraries\FEHLCD.o
 .ARM.attributes
                0x000003c9       0x33 Libraries\FEHAccel.o
 .ARM.attributes
                0x000003fc       0x33 Libraries\FEHBattery.o
 .ARM.attributes
                0x0000042f       0x33 Drivers\FEHXBee.o
 .ARM.attributes
                0x00000462       0x33 Libraries\FEHRPS.o
 .ARM.attributes
                0x00000495       0x33 Libraries\FEHSD.o
 .ARM.attributes
                0x000004c8       0x33 C:\fehqt\Proteus/EWL/lib/armv7e-m\libm.a(fmaxf.o)
 .ARM.attributes
                0x000004fb       0x33 C:\fehqt\Proteus/EWL/lib/armv7e-m\libm.a(math_api.o)
 .ARM.attributes
                0x0000052e       0x33 C:\fehqt\Proteus/EWL/lib/armv7e-m\libm.a(s_cos.o)
 .ARM.attributes
                0x00000561       0x33 C:\fehqt\Proteus/EWL/lib/armv7e-m\libm.a(s_sin.o)
 .ARM.attributes
                0x00000594       0x33 C:\fehqt\Proteus/EWL/lib/armv7e-m\libm.a(w_atan2f.o)
 .ARM.attributes
                0x000005c7       0x33 C:\fehqt\Proteus/EWL/lib/armv7e-m\libm.a(w_powf.o)
 .ARM.attributes
                0x000005fa       0x33 C:\fehqt\Proteus/EWL/lib/armv7e-m\libm.a(w_sqrtf.o)
 .ARM.attributes
                0x0000062d       0x33 C:\fehqt\Proteus/EWL/lib/armv7e-m\libm.a(e_atan2f.o)
 .ARM.attributes
                0x00000660       0x33 C:\fehqt\Proteus/EWL/lib/armv7e-m\libm.a(e_powf.o)
 .ARM.attributes
                0x00000693       0x33 C:\fehqt\Proteus/EWL/lib/armv7e-m\libm.a(e_rem_pio2.o)
 .ARM.attributes
                0x000006c6       0x33 C:\fehqt\Proteus/EWL/lib/armv7e-m\libm.a(e_sqrtf.o)
 .ARM.attributes
                0x000006f9       0x33 C:\fehqt\Proteus/EWL/lib/armv7e-m\libm.a(k_cos.o)
 .ARM.attributes
                0x0000072c       0x33 C:\fehqt\Proteus/EWL/lib/armv7e-m\libm.a(k_rem_pio2.o)
 .ARM.attributes
                0x0000075f       0x33 C:\fehqt\Proteus/EWL/lib/armv7e-m\libm.a(k_sin.o)
 .ARM.attributes
                0x00000792       0x33 C:\fehqt\Proteus/EWL/lib/armv7e-m\libm.a(s_atanf.o)
 .ARM.attributes
                0x000007c5       0x33 C:\fehqt\Proteus/EWL/lib/armv7e-m\libm.a(s_floor.o)
 .ARM.attributes
                0x000007f8       0x33 C:\fehqt\Proteus/EWL/lib/armv7e-m\libm.a(s_scalbnf.o)
 .ARM.attributes
                0x0000082b       0x33 C:\fehqt\Proteus/EWL/lib/armv7e-m\libm.a(scalbn.o)
 .ARM.attributes
                0x0000085e       0x33 C:\fehqt\Proteus/EWL/lib/armv7e-m\libm.a(s_frexp.o)
 .ARM.attributes
                0x00000891       0x33 C:\fehqt\Proteus/EWL/lib/armv7e-m\libm.a(s_ldexp.o)
 .ARM.attributes
                0x000008c4       0x33 C:\fehqt\Proteus/EWL/lib/armv7e-m\libc.a(errno.o)
 .ARM.attributes
                0x000008f7       0x33 C:\fehqt\Proteus/EWL/lib/armv7e-m\libc.a(sprintf.o)
 .ARM.attributes
                0x0000092a       0x33 C:\fehqt\Proteus/EWL/lib/armv7e-m\libc.a(vsnprintf.o)
 .ARM.attributes
                0x0000095d       0x33 C:\fehqt\Proteus/EWL/lib/armv7e-m\libc.a(exit.o)
 .ARM.attributes
                0x00000990       0x33 C:\fehqt\Proteus/EWL/lib/armv7e-m\libc.a(memcpy.o)
 .ARM.attributes
                0x000009c3       0x33 C:\fehqt\Proteus/EWL/lib/armv7e-m\libc.a(memset.o)
 .ARM.attributes
                0x000009f6       0x33 C:\fehqt\Proteus/EWL/lib/armv7e-m\libc.a(strcpy.o)
 .ARM.attributes
                0x00000a29       0x33 C:\fehqt\Proteus/EWL/lib/armv7e-m\libc.a(strlen.o)
 .ARM.attributes
                0x00000a5c       0x33 C:\fehqt\Proteus/EWL/lib/armv7e-m\libc.a(printformat_.o)
 .ARM.attributes
                0x00000a8f       0x33 C:\fehqt\Proteus/EWL/lib/armv7e-m\libc.a(scanformat_.o)
 .ARM.attributes
                0x00000ac2       0x33 C:\fehqt\Proteus/EWL/lib/armv7e-m\libc.a(ctype_aeabi.o)
 .ARM.attributes
                0x00000af5       0x33 C:\fehqt\Proteus/EWL/lib/armv7e-m\libc.a(__strtoul.o)
 .ARM.attributes
                0x00000b28       0x33 C:\fehqt\Proteus/EWL/lib/armv7e-m\libc.a(__filll_mem.o)
 .ARM.attributes
                0x00000b5b       0x33 C:\fehqt\Proteus/EWL/lib/armv7e-m\libc.a(memchr.o)
 .ARM.attributes
                0x00000b8e       0x33 C:\fehqt\Proteus/EWL/lib/armv7e-m\libc.a(strchr.o)
 .ARM.attributes
                0x00000bc1       0x1e c:/fehqt/proteus/gcc/bin/../lib/gcc/arm-none-eabi/4.6.2/armv7e-m\libgcc.a(_arm_addsubdf3.o)
 .ARM.attributes
                0x00000bdf       0x1e c:/fehqt/proteus/gcc/bin/../lib/gcc/arm-none-eabi/4.6.2/armv7e-m\libgcc.a(_arm_muldivdf3.o)
 .ARM.attributes
                0x00000bfd       0x1e c:/fehqt/proteus/gcc/bin/../lib/gcc/arm-none-eabi/4.6.2/armv7e-m\libgcc.a(_arm_cmpdf2.o)
 .ARM.attributes
                0x00000c1b       0x1e c:/fehqt/proteus/gcc/bin/../lib/gcc/arm-none-eabi/4.6.2/armv7e-m\libgcc.a(_arm_fixdfsi.o)
 .ARM.attributes
                0x00000c39       0x1e c:/fehqt/proteus/gcc/bin/../lib/gcc/arm-none-eabi/4.6.2/armv7e-m\libgcc.a(_arm_fixunsdfsi.o)
 .ARM.attributes
                0x00000c57       0x1e c:/fehqt/proteus/gcc/bin/../lib/gcc/arm-none-eabi/4.6.2/armv7e-m\libgcc.a(_arm_truncdfsf2.o)
 .ARM.attributes
                0x00000c75       0x1e c:/fehqt/proteus/gcc/bin/../lib/gcc/arm-none-eabi/4.6.2/armv7e-m\libgcc.a(_arm_addsubsf3.o)
 .ARM.attributes
                0x00000c93       0x1e c:/fehqt/proteus/gcc/bin/../lib/gcc/arm-none-eabi/4.6.2/armv7e-m\libgcc.a(_arm_muldivsf3.o)
 .ARM.attributes
                0x00000cb1       0x1e c:/fehqt/proteus/gcc/bin/../lib/gcc/arm-none-eabi/4.6.2/armv7e-m\libgcc.a(_arm_cmpsf2.o)
 .ARM.attributes
                0x00000ccf       0x1e c:/fehqt/proteus/gcc/bin/../lib/gcc/arm-none-eabi/4.6.2/armv7e-m\libgcc.a(_arm_fixsfsi.o)
 .ARM.attributes
                0x00000ced       0x33 C:\fehqt\Proteus/EWL/lib/armv7e-m\librt.a(gcc_ctor_dtor.o)
 .ARM.attributes
                0x00000d20       0x33 C:\fehqt\Proteus/EWL/lib/armv7e-m\librt.a(ROMCopy.o)
 .ARM.attributes
                0x00000d53       0x33 C:\fehqt\Proteus/EWL/lib/armv7e-m\librt.a(__arm_eabi_init.o)
OUTPUT(../untitled.elf elf32-littlearm)

.debug_info     0x00000000    0x17f6a
 .debug_info    0x00000000     0x26ed ..\main.o
 .debug_info    0x000026ed     0x12c5 Startup\__arm_start.o
 .debug_info    0x000039b2       0x58 Startup\__arm_end.o
 .debug_info    0x00003a0a      0x57d Startup\kinetis_sysinit.o
 .debug_info    0x00003f87      0x335 Libraries\FEHMotor.o
 .debug_info    0x000042bc      0x250 Drivers\i2c.o
 .debug_info    0x0000450c      0x6cf Drivers\spi.o
 .debug_info    0x00004bdb      0x59c Drivers\uart.o
 .debug_info    0x00005177     0x1da0 Drivers\ff.o
 .debug_info    0x00006f17      0xf1d Drivers\SDHC.o
 .debug_info    0x00007e34      0x2de Drivers\lptmr.o
 .debug_info    0x00008112      0x1a7 FEHProteus.o
 .debug_info    0x000082b9      0x722 Drivers\FEHPropeller.o
 .debug_info    0x000089db      0x36c Libraries\FEHUtility.o
 .debug_info    0x00008d47     0x1c6a Libraries\FEHIO.o
 .debug_info    0x0000a9b1      0x4ab Drivers\adc16.o
 .debug_info    0x0000ae5c      0xa42 Libraries\FEHBuzzer.o
 .debug_info    0x0000b89e     0x1500 Libraries\FEHServo.o
 .debug_info    0x0000cd9e     0x2c25 Libraries\FEHLCD.o
 .debug_info    0x0000f9c3      0x26a Libraries\FEHAccel.o
 .debug_info    0x0000fc2d      0x3a9 Libraries\FEHBattery.o
 .debug_info    0x0000ffd6      0xac3 Drivers\FEHXBee.o
 .debug_info    0x00010a99     0x19c7 Libraries\FEHRPS.o
 .debug_info    0x00012460     0x1242 Libraries\FEHSD.o
 .debug_info    0x000136a2       0xc8 C:\fehqt\Proteus/EWL/lib/armv7e-m\libm.a(fmaxf.o)
 .debug_info    0x0001376a      0x32c C:\fehqt\Proteus/EWL/lib/armv7e-m\libm.a(math_api.o)
 .debug_info    0x00013a96      0x19d C:\fehqt\Proteus/EWL/lib/armv7e-m\libm.a(s_cos.o)
 .debug_info    0x00013c33      0x19d C:\fehqt\Proteus/EWL/lib/armv7e-m\libm.a(s_sin.o)
 .debug_info    0x00013dd0       0xc6 C:\fehqt\Proteus/EWL/lib/armv7e-m\libm.a(w_atan2f.o)
 .debug_info    0x00013e96       0xc7 C:\fehqt\Proteus/EWL/lib/armv7e-m\libm.a(w_powf.o)
 .debug_info    0x00013f5d       0xba C:\fehqt\Proteus/EWL/lib/armv7e-m\libm.a(w_sqrtf.o)
 .debug_info    0x00014017      0x205 C:\fehqt\Proteus/EWL/lib/armv7e-m\libm.a(e_atan2f.o)
 .debug_info    0x0001421c      0x4fa C:\fehqt\Proteus/EWL/lib/armv7e-m\libm.a(e_powf.o)
 .debug_info    0x00014716      0x345 C:\fehqt\Proteus/EWL/lib/armv7e-m\libm.a(e_rem_pio2.o)
 .debug_info    0x00014a5b      0x1d5 C:\fehqt\Proteus/EWL/lib/armv7e-m\libm.a(e_sqrtf.o)
 .debug_info    0x00014c30      0x235 C:\fehqt\Proteus/EWL/lib/armv7e-m\libm.a(k_cos.o)
 .debug_info    0x00014e65      0x31b C:\fehqt\Proteus/EWL/lib/armv7e-m\libm.a(k_rem_pio2.o)
 .debug_info    0x00015180      0x22a C:\fehqt\Proteus/EWL/lib/armv7e-m\libm.a(k_sin.o)
 .debug_info    0x000153aa      0x1eb C:\fehqt\Proteus/EWL/lib/armv7e-m\libm.a(s_atanf.o)
 .debug_info    0x00015595      0x1b1 C:\fehqt\Proteus/EWL/lib/armv7e-m\libm.a(s_floor.o)
 .debug_info    0x00015746      0x18f C:\fehqt\Proteus/EWL/lib/armv7e-m\libm.a(s_scalbnf.o)
 .debug_info    0x000158d5       0xfa C:\fehqt\Proteus/EWL/lib/armv7e-m\libm.a(scalbn.o)
 .debug_info    0x000159cf      0x1a9 C:\fehqt\Proteus/EWL/lib/armv7e-m\libm.a(s_frexp.o)
 .debug_info    0x00015b78      0x1ea C:\fehqt\Proteus/EWL/lib/armv7e-m\libm.a(s_ldexp.o)
 .debug_info    0x00015d62       0xa5 C:\fehqt\Proteus/EWL/lib/armv7e-m\libc.a(errno.o)
 .debug_info    0x00015e07      0x11f C:\fehqt\Proteus/EWL/lib/armv7e-m\libc.a(sprintf.o)
 .debug_info    0x00015f26      0x206 C:\fehqt\Proteus/EWL/lib/armv7e-m\libc.a(vsnprintf.o)
 .debug_info    0x0001612c      0x103 C:\fehqt\Proteus/EWL/lib/armv7e-m\libc.a(exit.o)
 .debug_info    0x0001622f      0x113 C:\fehqt\Proteus/EWL/lib/armv7e-m\libc.a(memcpy.o)
 .debug_info    0x00016342       0xf4 C:\fehqt\Proteus/EWL/lib/armv7e-m\libc.a(memset.o)
 .debug_info    0x00016436      0x10a C:\fehqt\Proteus/EWL/lib/armv7e-m\libc.a(strcpy.o)
 .debug_info    0x00016540       0xf3 C:\fehqt\Proteus/EWL/lib/armv7e-m\libc.a(strlen.o)
 .debug_info    0x00016633      0x512 C:\fehqt\Proteus/EWL/lib/armv7e-m\libc.a(printformat_.o)
 .debug_info    0x00016b45      0x564 C:\fehqt\Proteus/EWL/lib/armv7e-m\libc.a(scanformat_.o)
 .debug_info    0x000170a9      0x32a C:\fehqt\Proteus/EWL/lib/armv7e-m\libc.a(ctype_aeabi.o)
 .debug_info    0x000173d3      0x1d7 C:\fehqt\Proteus/EWL/lib/armv7e-m\libc.a(__strtoul.o)
 .debug_info    0x000175aa      0x13d C:\fehqt\Proteus/EWL/lib/armv7e-m\libc.a(__filll_mem.o)
 .debug_info    0x000176e7      0x129 C:\fehqt\Proteus/EWL/lib/armv7e-m\libc.a(memchr.o)
 .debug_info    0x00017810      0x110 C:\fehqt\Proteus/EWL/lib/armv7e-m\libc.a(strchr.o)
 .debug_info    0x00017920      0x1c0 C:\fehqt\Proteus/EWL/lib/armv7e-m\librt.a(gcc_ctor_dtor.o)
 .debug_info    0x00017ae0      0x1b8 C:\fehqt\Proteus/EWL/lib/armv7e-m\librt.a(ROMCopy.o)
 .debug_info    0x00017c98      0x2d2 C:\fehqt\Proteus/EWL/lib/armv7e-m\librt.a(__arm_eabi_init.o)

.debug_abbrev   0x00000000     0x4f2f
 .debug_abbrev  0x00000000      0x3fa ..\main.o
 .debug_abbrev  0x000003fa      0x28f Startup\__arm_start.o
 .debug_abbrev  0x00000689       0x45 Startup\__arm_end.o
 .debug_abbrev  0x000006ce      0x18a Startup\kinetis_sysinit.o
 .debug_abbrev  0x00000858      0x18c Libraries\FEHMotor.o
 .debug_abbrev  0x000009e4       0xfc Drivers\i2c.o
 .debug_abbrev  0x00000ae0      0x18b Drivers\spi.o
 .debug_abbrev  0x00000c6b      0x15f Drivers\uart.o
 .debug_abbrev  0x00000dca      0x18f Drivers\ff.o
 .debug_abbrev  0x00000f59      0x223 Drivers\SDHC.o
 .debug_abbrev  0x0000117c       0xd2 Drivers\lptmr.o
 .debug_abbrev  0x0000124e      0x101 FEHProteus.o
 .debug_abbrev  0x0000134f      0x1c6 Drivers\FEHPropeller.o
 .debug_abbrev  0x00001515      0x154 Libraries\FEHUtility.o
 .debug_abbrev  0x00001669      0x448 Libraries\FEHIO.o
 .debug_abbrev  0x00001ab1      0x12a Drivers\adc16.o
 .debug_abbrev  0x00001bdb      0x1da Libraries\FEHBuzzer.o
 .debug_abbrev  0x00001db5      0x312 Libraries\FEHServo.o
 .debug_abbrev  0x000020c7      0x38c Libraries\FEHLCD.o
 .debug_abbrev  0x00002453      0x13b Libraries\FEHAccel.o
 .debug_abbrev  0x0000258e      0x1cb Libraries\FEHBattery.o
 .debug_abbrev  0x00002759      0x231 Drivers\FEHXBee.o
 .debug_abbrev  0x0000298a      0x37f Libraries\FEHRPS.o
 .debug_abbrev  0x00002d09      0x33a Libraries\FEHSD.o
 .debug_abbrev  0x00003043       0x5d C:\fehqt\Proteus/EWL/lib/armv7e-m\libm.a(fmaxf.o)
 .debug_abbrev  0x000030a0      0x136 C:\fehqt\Proteus/EWL/lib/armv7e-m\libm.a(math_api.o)
 .debug_abbrev  0x000031d6       0xd9 C:\fehqt\Proteus/EWL/lib/armv7e-m\libm.a(s_cos.o)
 .debug_abbrev  0x000032af       0xd9 C:\fehqt\Proteus/EWL/lib/armv7e-m\libm.a(s_sin.o)
 .debug_abbrev  0x00003388       0x5d C:\fehqt\Proteus/EWL/lib/armv7e-m\libm.a(w_atan2f.o)
 .debug_abbrev  0x000033e5       0x5d C:\fehqt\Proteus/EWL/lib/armv7e-m\libm.a(w_powf.o)
 .debug_abbrev  0x00003442       0x5d C:\fehqt\Proteus/EWL/lib/armv7e-m\libm.a(w_sqrtf.o)
 .debug_abbrev  0x0000349f       0xe3 C:\fehqt\Proteus/EWL/lib/armv7e-m\libm.a(e_atan2f.o)
 .debug_abbrev  0x00003582      0x13a C:\fehqt\Proteus/EWL/lib/armv7e-m\libm.a(e_powf.o)
 .debug_abbrev  0x000036bc      0x100 C:\fehqt\Proteus/EWL/lib/armv7e-m\libm.a(e_rem_pio2.o)
 .debug_abbrev  0x000037bc       0xe3 C:\fehqt\Proteus/EWL/lib/armv7e-m\libm.a(e_sqrtf.o)
 .debug_abbrev  0x0000389f       0xd0 C:\fehqt\Proteus/EWL/lib/armv7e-m\libm.a(k_cos.o)
 .debug_abbrev  0x0000396f       0xf7 C:\fehqt\Proteus/EWL/lib/armv7e-m\libm.a(k_rem_pio2.o)
 .debug_abbrev  0x00003a66       0xee C:\fehqt\Proteus/EWL/lib/armv7e-m\libm.a(k_sin.o)
 .debug_abbrev  0x00003b54       0xe4 C:\fehqt\Proteus/EWL/lib/armv7e-m\libm.a(s_atanf.o)
 .debug_abbrev  0x00003c38       0xc3 C:\fehqt\Proteus/EWL/lib/armv7e-m\libm.a(s_floor.o)
 .debug_abbrev  0x00003cfb       0xb4 C:\fehqt\Proteus/EWL/lib/armv7e-m\libm.a(s_scalbnf.o)
 .debug_abbrev  0x00003daf       0x88 C:\fehqt\Proteus/EWL/lib/armv7e-m\libm.a(scalbn.o)
 .debug_abbrev  0x00003e37       0xd2 C:\fehqt\Proteus/EWL/lib/armv7e-m\libm.a(s_frexp.o)
 .debug_abbrev  0x00003f09       0xd2 C:\fehqt\Proteus/EWL/lib/armv7e-m\libm.a(s_ldexp.o)
 .debug_abbrev  0x00003fdb       0x48 C:\fehqt\Proteus/EWL/lib/armv7e-m\libc.a(errno.o)
 .debug_abbrev  0x00004023       0xb5 C:\fehqt\Proteus/EWL/lib/armv7e-m\libc.a(sprintf.o)
 .debug_abbrev  0x000040d8       0xf4 C:\fehqt\Proteus/EWL/lib/armv7e-m\libc.a(vsnprintf.o)
 .debug_abbrev  0x000041cc       0x8f C:\fehqt\Proteus/EWL/lib/armv7e-m\libc.a(exit.o)
 .debug_abbrev  0x0000425b       0x97 C:\fehqt\Proteus/EWL/lib/armv7e-m\libc.a(memcpy.o)
 .debug_abbrev  0x000042f2       0x66 C:\fehqt\Proteus/EWL/lib/armv7e-m\libc.a(memset.o)
 .debug_abbrev  0x00004358       0x7c C:\fehqt\Proteus/EWL/lib/armv7e-m\libc.a(strcpy.o)
 .debug_abbrev  0x000043d4       0x7e C:\fehqt\Proteus/EWL/lib/armv7e-m\libc.a(strlen.o)
 .debug_abbrev  0x00004452      0x204 C:\fehqt\Proteus/EWL/lib/armv7e-m\libc.a(printformat_.o)
 .debug_abbrev  0x00004656      0x1fb C:\fehqt\Proteus/EWL/lib/armv7e-m\libc.a(scanformat_.o)
 .debug_abbrev  0x00004851       0x9a C:\fehqt\Proteus/EWL/lib/armv7e-m\libc.a(ctype_aeabi.o)
 .debug_abbrev  0x000048eb       0xc6 C:\fehqt\Proteus/EWL/lib/armv7e-m\libc.a(__strtoul.o)
 .debug_abbrev  0x000049b1       0x8b C:\fehqt\Proteus/EWL/lib/armv7e-m\libc.a(__filll_mem.o)
 .debug_abbrev  0x00004a3c       0x99 C:\fehqt\Proteus/EWL/lib/armv7e-m\libc.a(memchr.o)
 .debug_abbrev  0x00004ad5       0x8d C:\fehqt\Proteus/EWL/lib/armv7e-m\libc.a(strchr.o)
 .debug_abbrev  0x00004b62       0x9d C:\fehqt\Proteus/EWL/lib/armv7e-m\librt.a(gcc_ctor_dtor.o)
 .debug_abbrev  0x00004bff      0x160 C:\fehqt\Proteus/EWL/lib/armv7e-m\librt.a(ROMCopy.o)
 .debug_abbrev  0x00004d5f      0x1d0 C:\fehqt\Proteus/EWL/lib/armv7e-m\librt.a(__arm_eabi_init.o)

.debug_loc      0x00000000     0x8e1f
 .debug_loc     0x00000000      0x968 ..\main.o
 .debug_loc     0x00000968       0xb0 Startup\__arm_start.o
 .debug_loc     0x00000a18       0x38 Startup\__arm_end.o
 .debug_loc     0x00000a50       0x84 Startup\kinetis_sysinit.o
 .debug_loc     0x00000ad4       0xe0 Libraries\FEHMotor.o
 .debug_loc     0x00000bb4       0xe0 Drivers\i2c.o
 .debug_loc     0x00000c94      0x19c Drivers\spi.o
 .debug_loc     0x00000e30       0xe0 Drivers\uart.o
 .debug_loc     0x00000f10      0xa96 Drivers\ff.o
 .debug_loc     0x000019a6      0x370 Drivers\SDHC.o
 .debug_loc     0x00001d16       0x38 Drivers\lptmr.o
 .debug_loc     0x00001d4e       0x64 FEHProteus.o
 .debug_loc     0x00001db2      0x118 Drivers\FEHPropeller.o
 .debug_loc     0x00001eca      0x1a8 Libraries\FEHUtility.o
 .debug_loc     0x00002072      0x8d6 Libraries\FEHIO.o
 .debug_loc     0x00002948       0xa8 Drivers\adc16.o
 .debug_loc     0x000029f0      0x304 Libraries\FEHBuzzer.o
 .debug_loc     0x00002cf4      0x1fa Libraries\FEHServo.o
 .debug_loc     0x00002eee     0x1147 Libraries\FEHLCD.o
 .debug_loc     0x00004035      0x144 Libraries\FEHAccel.o
 .debug_loc     0x00004179       0xd4 Libraries\FEHBattery.o
 .debug_loc     0x0000424d      0x1c0 Drivers\FEHXBee.o
 .debug_loc     0x0000440d      0x3e8 Libraries\FEHRPS.o
 .debug_loc     0x000047f5      0x188 Libraries\FEHSD.o
 .debug_loc     0x0000497d       0x5c C:\fehqt\Proteus/EWL/lib/armv7e-m\libm.a(fmaxf.o)
 .debug_loc     0x000049d9      0x27c C:\fehqt\Proteus/EWL/lib/armv7e-m\libm.a(math_api.o)
 .debug_loc     0x00004c55       0xee C:\fehqt\Proteus/EWL/lib/armv7e-m\libm.a(s_cos.o)
 .debug_loc     0x00004d43       0xee C:\fehqt\Proteus/EWL/lib/armv7e-m\libm.a(s_sin.o)
 .debug_loc     0x00004e31       0x26 C:\fehqt\Proteus/EWL/lib/armv7e-m\libm.a(w_atan2f.o)
 .debug_loc     0x00004e57       0x26 C:\fehqt\Proteus/EWL/lib/armv7e-m\libm.a(w_powf.o)
 .debug_loc     0x00004e7d       0x13 C:\fehqt\Proteus/EWL/lib/armv7e-m\libm.a(w_sqrtf.o)
 .debug_loc     0x00004e90      0x29f C:\fehqt\Proteus/EWL/lib/armv7e-m\libm.a(e_atan2f.o)
 .debug_loc     0x0000512f      0x6d0 C:\fehqt\Proteus/EWL/lib/armv7e-m\libm.a(e_powf.o)
 .debug_loc     0x000057ff      0x2ae C:\fehqt\Proteus/EWL/lib/armv7e-m\libm.a(e_rem_pio2.o)
 .debug_loc     0x00005aad      0x110 C:\fehqt\Proteus/EWL/lib/armv7e-m\libm.a(e_sqrtf.o)
 .debug_loc     0x00005bbd       0xff C:\fehqt\Proteus/EWL/lib/armv7e-m\libm.a(k_cos.o)
 .debug_loc     0x00005cbc      0x5da C:\fehqt\Proteus/EWL/lib/armv7e-m\libm.a(k_rem_pio2.o)
 .debug_loc     0x00006296       0xbc C:\fehqt\Proteus/EWL/lib/armv7e-m\libm.a(k_sin.o)
 .debug_loc     0x00006352      0x1c0 C:\fehqt\Proteus/EWL/lib/armv7e-m\libm.a(s_atanf.o)
 .debug_loc     0x00006512      0x108 C:\fehqt\Proteus/EWL/lib/armv7e-m\libm.a(s_floor.o)
 .debug_loc     0x0000661a       0xe5 C:\fehqt\Proteus/EWL/lib/armv7e-m\libm.a(s_scalbnf.o)
 .debug_loc     0x000066ff       0x6e C:\fehqt\Proteus/EWL/lib/armv7e-m\libm.a(scalbn.o)
 .debug_loc     0x0000676d       0xb7 C:\fehqt\Proteus/EWL/lib/armv7e-m\libm.a(s_frexp.o)
 .debug_loc     0x00006824      0x130 C:\fehqt\Proteus/EWL/lib/armv7e-m\libm.a(s_ldexp.o)
 .debug_loc     0x00006954       0x3f C:\fehqt\Proteus/EWL/lib/armv7e-m\libc.a(sprintf.o)
 .debug_loc     0x00006993      0x105 C:\fehqt\Proteus/EWL/lib/armv7e-m\libc.a(vsnprintf.o)
 .debug_loc     0x00006a98       0x3e C:\fehqt\Proteus/EWL/lib/armv7e-m\libc.a(exit.o)
 .debug_loc     0x00006ad6       0x46 C:\fehqt\Proteus/EWL/lib/armv7e-m\libc.a(memcpy.o)
 .debug_loc     0x00006b1c       0x64 C:\fehqt\Proteus/EWL/lib/armv7e-m\libc.a(memset.o)
 .debug_loc     0x00006b80       0x20 C:\fehqt\Proteus/EWL/lib/armv7e-m\libc.a(strcpy.o)
 .debug_loc     0x00006ba0       0x31 C:\fehqt\Proteus/EWL/lib/armv7e-m\libc.a(strlen.o)
 .debug_loc     0x00006bd1     0x106f C:\fehqt\Proteus/EWL/lib/armv7e-m\libc.a(printformat_.o)
 .debug_loc     0x00007c40      0x8cb C:\fehqt\Proteus/EWL/lib/armv7e-m\libc.a(scanformat_.o)
 .debug_loc     0x0000850b      0x18e C:\fehqt\Proteus/EWL/lib/armv7e-m\libc.a(ctype_aeabi.o)
 .debug_loc     0x00008699      0x2ad C:\fehqt\Proteus/EWL/lib/armv7e-m\libc.a(__strtoul.o)
 .debug_loc     0x00008946      0x12c C:\fehqt\Proteus/EWL/lib/armv7e-m\libc.a(__filll_mem.o)
 .debug_loc     0x00008a72       0x82 C:\fehqt\Proteus/EWL/lib/armv7e-m\libc.a(memchr.o)
 .debug_loc     0x00008af4       0x78 C:\fehqt\Proteus/EWL/lib/armv7e-m\libc.a(strchr.o)
 .debug_loc     0x00008b6c       0xbe C:\fehqt\Proteus/EWL/lib/armv7e-m\librt.a(gcc_ctor_dtor.o)
 .debug_loc     0x00008c2a       0x9b C:\fehqt\Proteus/EWL/lib/armv7e-m\librt.a(ROMCopy.o)
 .debug_loc     0x00008cc5      0x15a C:\fehqt\Proteus/EWL/lib/armv7e-m\librt.a(__arm_eabi_init.o)

.debug_aranges  0x00000000     0x12a0
 .debug_aranges
                0x00000000      0x178 ..\main.o
 .debug_aranges
                0x00000178       0x48 Startup\__arm_start.o
 .debug_aranges
                0x000001c0       0x20 Startup\__arm_end.o
 .debug_aranges
                0x000001e0       0x30 Startup\kinetis_sysinit.o
 .debug_aranges
                0x00000210       0x38 Libraries\FEHMotor.o
 .debug_aranges
                0x00000248       0x38 Drivers\i2c.o
 .debug_aranges
                0x00000280       0x58 Drivers\spi.o
 .debug_aranges
                0x000002d8       0x38 Drivers\uart.o
 .debug_aranges
                0x00000310      0x198 Drivers\ff.o
 .debug_aranges
                0x000004a8       0x98 Drivers\SDHC.o
 .debug_aranges
                0x00000540       0x20 Drivers\lptmr.o
 .debug_aranges
                0x00000560       0x28 FEHProteus.o
 .debug_aranges
                0x00000588       0x40 Drivers\FEHPropeller.o
 .debug_aranges
                0x000005c8       0x58 Libraries\FEHUtility.o
 .debug_aranges
                0x00000620      0x160 Libraries\FEHIO.o
 .debug_aranges
                0x00000780       0x30 Drivers\adc16.o
 .debug_aranges
                0x000007b0       0x88 Libraries\FEHBuzzer.o
 .debug_aranges
                0x00000838       0x60 Libraries\FEHServo.o
 .debug_aranges
                0x00000898      0x290 Libraries\FEHLCD.o
 .debug_aranges
                0x00000b28       0x48 Libraries\FEHAccel.o
 .debug_aranges
                0x00000b70       0x38 Libraries\FEHBattery.o
 .debug_aranges
                0x00000ba8       0x58 Drivers\FEHXBee.o
 .debug_aranges
                0x00000c00       0xa8 Libraries\FEHRPS.o
 .debug_aranges
                0x00000ca8       0x50 Libraries\FEHSD.o
 .debug_aranges
                0x00000cf8       0x20 C:\fehqt\Proteus/EWL/lib/armv7e-m\libm.a(fmaxf.o)
 .debug_aranges
                0x00000d18       0x60 C:\fehqt\Proteus/EWL/lib/armv7e-m\libm.a(math_api.o)
 .debug_aranges
                0x00000d78       0x20 C:\fehqt\Proteus/EWL/lib/armv7e-m\libm.a(s_cos.o)
 .debug_aranges
                0x00000d98       0x20 C:\fehqt\Proteus/EWL/lib/armv7e-m\libm.a(s_sin.o)
 .debug_aranges
                0x00000db8       0x20 C:\fehqt\Proteus/EWL/lib/armv7e-m\libm.a(w_atan2f.o)
 .debug_aranges
                0x00000dd8       0x20 C:\fehqt\Proteus/EWL/lib/armv7e-m\libm.a(w_powf.o)
 .debug_aranges
                0x00000df8       0x20 C:\fehqt\Proteus/EWL/lib/armv7e-m\libm.a(w_sqrtf.o)
 .debug_aranges
                0x00000e18       0x20 C:\fehqt\Proteus/EWL/lib/armv7e-m\libm.a(e_atan2f.o)
 .debug_aranges
                0x00000e38       0x20 C:\fehqt\Proteus/EWL/lib/armv7e-m\libm.a(e_powf.o)
 .debug_aranges
                0x00000e58       0x20 C:\fehqt\Proteus/EWL/lib/armv7e-m\libm.a(e_rem_pio2.o)
 .debug_aranges
                0x00000e78       0x20 C:\fehqt\Proteus/EWL/lib/armv7e-m\libm.a(e_sqrtf.o)
 .debug_aranges
                0x00000e98       0x20 C:\fehqt\Proteus/EWL/lib/armv7e-m\libm.a(k_cos.o)
 .debug_aranges
                0x00000eb8       0x20 C:\fehqt\Proteus/EWL/lib/armv7e-m\libm.a(k_rem_pio2.o)
 .debug_aranges
                0x00000ed8       0x20 C:\fehqt\Proteus/EWL/lib/armv7e-m\libm.a(k_sin.o)
 .debug_aranges
                0x00000ef8       0x20 C:\fehqt\Proteus/EWL/lib/armv7e-m\libm.a(s_atanf.o)
 .debug_aranges
                0x00000f18       0x20 C:\fehqt\Proteus/EWL/lib/armv7e-m\libm.a(s_floor.o)
 .debug_aranges
                0x00000f38       0x20 C:\fehqt\Proteus/EWL/lib/armv7e-m\libm.a(s_scalbnf.o)
 .debug_aranges
                0x00000f58       0x20 C:\fehqt\Proteus/EWL/lib/armv7e-m\libm.a(scalbn.o)
 .debug_aranges
                0x00000f78       0x20 C:\fehqt\Proteus/EWL/lib/armv7e-m\libm.a(s_frexp.o)
 .debug_aranges
                0x00000f98       0x20 C:\fehqt\Proteus/EWL/lib/armv7e-m\libm.a(s_ldexp.o)
 .debug_aranges
                0x00000fb8       0x20 C:\fehqt\Proteus/EWL/lib/armv7e-m\libc.a(sprintf.o)
 .debug_aranges
                0x00000fd8       0x28 C:\fehqt\Proteus/EWL/lib/armv7e-m\libc.a(vsnprintf.o)
 .debug_aranges
                0x00001000       0x20 C:\fehqt\Proteus/EWL/lib/armv7e-m\libc.a(exit.o)
 .debug_aranges
                0x00001020       0x20 C:\fehqt\Proteus/EWL/lib/armv7e-m\libc.a(memcpy.o)
 .debug_aranges
                0x00001040       0x20 C:\fehqt\Proteus/EWL/lib/armv7e-m\libc.a(memset.o)
 .debug_aranges
                0x00001060       0x20 C:\fehqt\Proteus/EWL/lib/armv7e-m\libc.a(strcpy.o)
 .debug_aranges
                0x00001080       0x20 C:\fehqt\Proteus/EWL/lib/armv7e-m\libc.a(strlen.o)
 .debug_aranges
                0x000010a0       0x28 C:\fehqt\Proteus/EWL/lib/armv7e-m\libc.a(printformat_.o)
 .debug_aranges
                0x000010c8       0x20 C:\fehqt\Proteus/EWL/lib/armv7e-m\libc.a(scanformat_.o)
 .debug_aranges
                0x000010e8       0x88 C:\fehqt\Proteus/EWL/lib/armv7e-m\libc.a(ctype_aeabi.o)
 .debug_aranges
                0x00001170       0x20 C:\fehqt\Proteus/EWL/lib/armv7e-m\libc.a(__strtoul.o)
 .debug_aranges
                0x00001190       0x20 C:\fehqt\Proteus/EWL/lib/armv7e-m\libc.a(__filll_mem.o)
 .debug_aranges
                0x000011b0       0x20 C:\fehqt\Proteus/EWL/lib/armv7e-m\libc.a(memchr.o)
 .debug_aranges
                0x000011d0       0x20 C:\fehqt\Proteus/EWL/lib/armv7e-m\libc.a(strchr.o)
 .debug_aranges
                0x000011f0       0x28 C:\fehqt\Proteus/EWL/lib/armv7e-m\librt.a(gcc_ctor_dtor.o)
 .debug_aranges
                0x00001218       0x30 C:\fehqt\Proteus/EWL/lib/armv7e-m\librt.a(ROMCopy.o)
 .debug_aranges
                0x00001248       0x58 C:\fehqt\Proteus/EWL/lib/armv7e-m\librt.a(__arm_eabi_init.o)

.debug_line     0x00000000     0x959a
 .debug_line    0x00000000      0xa59 ..\main.o
 .debug_line    0x00000a59      0x3ad Startup\__arm_start.o
 .debug_line    0x00000e06      0x21a Startup\__arm_end.o
 .debug_line    0x00001020      0x283 Startup\kinetis_sysinit.o
 .debug_line    0x000012a3      0x237 Libraries\FEHMotor.o
 .debug_line    0x000014da      0x2ad Drivers\i2c.o
 .debug_line    0x00001787      0x295 Drivers\spi.o
 .debug_line    0x00001a1c      0x212 Drivers\uart.o
 .debug_line    0x00001c2e     0x1114 Drivers\ff.o
 .debug_line    0x00002d42      0x678 Drivers\SDHC.o
 .debug_line    0x000033ba      0x1c0 Drivers\lptmr.o
 .debug_line    0x0000357a      0x1da FEHProteus.o
 .debug_line    0x00003754      0x264 Drivers\FEHPropeller.o
 .debug_line    0x000039b8      0x282 Libraries\FEHUtility.o
 .debug_line    0x00003c3a      0x6ee Libraries\FEHIO.o
 .debug_line    0x00004328      0x20f Drivers\adc16.o
 .debug_line    0x00004537      0x2df Libraries\FEHBuzzer.o
 .debug_line    0x00004816      0x545 Libraries\FEHServo.o
 .debug_line    0x00004d5b     0x1151 Libraries\FEHLCD.o
 .debug_line    0x00005eac      0x23f Libraries\FEHAccel.o
 .debug_line    0x000060eb      0x218 Libraries\FEHBattery.o
 .debug_line    0x00006303      0x349 Drivers\FEHXBee.o
 .debug_line    0x0000664c      0x6fa Libraries\FEHRPS.o
 .debug_line    0x00006d46      0x334 Libraries\FEHSD.o
 .debug_line    0x0000707a       0x77 C:\fehqt\Proteus/EWL/lib/armv7e-m\libm.a(fmaxf.o)
 .debug_line    0x000070f1      0x178 C:\fehqt\Proteus/EWL/lib/armv7e-m\libm.a(math_api.o)
 .debug_line    0x00007269       0xcd C:\fehqt\Proteus/EWL/lib/armv7e-m\libm.a(s_cos.o)
 .debug_line    0x00007336       0xc4 C:\fehqt\Proteus/EWL/lib/armv7e-m\libm.a(s_sin.o)
 .debug_line    0x000073fa       0x78 C:\fehqt\Proteus/EWL/lib/armv7e-m\libm.a(w_atan2f.o)
 .debug_line    0x00007472       0x76 C:\fehqt\Proteus/EWL/lib/armv7e-m\libm.a(w_powf.o)
 .debug_line    0x000074e8       0x77 C:\fehqt\Proteus/EWL/lib/armv7e-m\libm.a(w_sqrtf.o)
 .debug_line    0x0000755f      0x10c C:\fehqt\Proteus/EWL/lib/armv7e-m\libm.a(e_atan2f.o)
 .debug_line    0x0000766b      0x1f0 C:\fehqt\Proteus/EWL/lib/armv7e-m\libm.a(e_powf.o)
 .debug_line    0x0000785b      0x124 C:\fehqt\Proteus/EWL/lib/armv7e-m\libm.a(e_rem_pio2.o)
 .debug_line    0x0000797f       0xf0 C:\fehqt\Proteus/EWL/lib/armv7e-m\libm.a(e_sqrtf.o)
 .debug_line    0x00007a6f       0xbf C:\fehqt\Proteus/EWL/lib/armv7e-m\libm.a(k_cos.o)
 .debug_line    0x00007b2e      0x341 C:\fehqt\Proteus/EWL/lib/armv7e-m\libm.a(k_rem_pio2.o)
 .debug_line    0x00007e6f       0xb6 C:\fehqt\Proteus/EWL/lib/armv7e-m\libm.a(k_sin.o)
 .debug_line    0x00007f25       0xe6 C:\fehqt\Proteus/EWL/lib/armv7e-m\libm.a(s_atanf.o)
 .debug_line    0x0000800b       0xd0 C:\fehqt\Proteus/EWL/lib/armv7e-m\libm.a(s_floor.o)
 .debug_line    0x000080db       0xc7 C:\fehqt\Proteus/EWL/lib/armv7e-m\libm.a(s_scalbnf.o)