Archive member included because of file (symbol)

O:\fehqt\Proteus/EWL/lib/armv7e-m\libc.a(sprintf.o)
                              Libraries\FEHLCD.o (sprintf)
O:\fehqt\Proteus/EWL/lib/armv7e-m\libc.a(vsnprintf.o)
                              O:\fehqt\Proteus/EWL/lib/armv7e-m\libc.a(sprintf.o) (vsnprintf)
O:\fehqt\Proteus/EWL/lib/armv7e-m\libc.a(exit.o)
                              Startup\__arm_start.o (exit)
O:\fehqt\Proteus/EWL/lib/armv7e-m\libc.a(memcpy.o)
                              O:\fehqt\Proteus/EWL/lib/armv7e-m\libc.a(vsnprintf.o) (memcpy)
O:\fehqt\Proteus/EWL/lib/armv7e-m\libc.a(memset.o)
                              Startup\__arm_start.o (memset)
O:\fehqt\Proteus/EWL/lib/armv7e-m\libc.a(strcmp.o)
                              Libraries\FEHLCD.o (strcmp)
O:\fehqt\Proteus/EWL/lib/armv7e-m\libc.a(strcpy.o)
                              Libraries\FEHLCD.o (strcpy)
O:\fehqt\Proteus/EWL/lib/armv7e-m\libc.a(strlen.o)
                              Libraries\FEHLCD.o (strlen)
O:\fehqt\Proteus/EWL/lib/armv7e-m\libc.a(printformat_.o)
                              (__pformatter_)
O:\fehqt\Proteus/EWL/lib/armv7e-m\libc.a(scanformat_.o)
                              (__sformatter)
O:\fehqt\Proteus/EWL/lib/armv7e-m\libc.a(ctype_aeabi.o)
                              O:\fehqt\Proteus/EWL/lib/armv7e-m\libc.a(scanformat_.o) (isspace)
O:\fehqt\Proteus/EWL/lib/armv7e-m\libc.a(__strtoul.o)
                              O:\fehqt\Proteus/EWL/lib/armv7e-m\libc.a(scanformat_.o) (__strtoul)
O:\fehqt\Proteus/EWL/lib/armv7e-m\libc.a(__filll_mem.o)
                              O:\fehqt\Proteus/EWL/lib/armv7e-m\libc.a(memset.o) (__fill_mem)
O:\fehqt\Proteus/EWL/lib/armv7e-m\libc.a(memchr.o)
                              O:\fehqt\Proteus/EWL/lib/armv7e-m\libc.a(printformat_.o) (memchr)
O:\fehqt\Proteus/EWL/lib/armv7e-m\libc.a(strchr.o)
                              O:\fehqt\Proteus/EWL/lib/armv7e-m\libc.a(printformat_.o) (strchr)
o:/fehqt/proteus/gcc/bin/../lib/gcc/arm-none-eabi/4.6.2/armv7e-m\libgcc.a(_arm_addsubdf3.o)
                              Libraries\FEHLCD.o (__aeabi_dsub)
o:/fehqt/proteus/gcc/bin/../lib/gcc/arm-none-eabi/4.6.2/armv7e-m\libgcc.a(_arm_muldivdf3.o)
                              Libraries\FEHMotor.o (__aeabi_dmul)
o:/fehqt/proteus/gcc/bin/../lib/gcc/arm-none-eabi/4.6.2/armv7e-m\libgcc.a(_arm_cmpdf2.o)
                              ..\main.o (__aeabi_dcmplt)
o:/fehqt/proteus/gcc/bin/../lib/gcc/arm-none-eabi/4.6.2/armv7e-m\libgcc.a(_arm_fixdfsi.o)
                              Libraries\FEHMotor.o (__aeabi_d2iz)
o:/fehqt/proteus/gcc/bin/../lib/gcc/arm-none-eabi/4.6.2/armv7e-m\libgcc.a(_arm_fixunsdfsi.o)
                              Libraries\FEHUtility.o (__aeabi_d2uiz)
o:/fehqt/proteus/gcc/bin/../lib/gcc/arm-none-eabi/4.6.2/armv7e-m\libgcc.a(_arm_truncdfsf2.o)
                              Libraries\FEHMotor.o (__aeabi_d2f)
o:/fehqt/proteus/gcc/bin/../lib/gcc/arm-none-eabi/4.6.2/armv7e-m\libgcc.a(_arm_addsubsf3.o)
                              Libraries\FEHLCD.o (__aeabi_fsub)
o:/fehqt/proteus/gcc/bin/../lib/gcc/arm-none-eabi/4.6.2/armv7e-m\libgcc.a(_arm_muldivsf3.o)
                              Drivers\mcg.o (__aeabi_fmul)
o:/fehqt/proteus/gcc/bin/../lib/gcc/arm-none-eabi/4.6.2/armv7e-m\libgcc.a(_arm_cmpsf2.o)
                              Libraries\FEHServo.o (__aeabi_fcmpeq)
o:/fehqt/proteus/gcc/bin/../lib/gcc/arm-none-eabi/4.6.2/armv7e-m\libgcc.a(_arm_fixsfsi.o)
                              Libraries\FEHLCD.o (__aeabi_f2iz)
o:/fehqt/proteus/gcc/bin/../lib/gcc/arm-none-eabi/4.6.2/armv7e-m\libgcc.a(_arm_fixunssfsi.o)
                              Drivers\mcg.o (__aeabi_f2uiz)
O:\fehqt\Proteus/EWL/lib/armv7e-m\librt.a(gcc_ctor_dtor.o)
                              Startup\__arm_start.o (__init_cpp)
O:\fehqt\Proteus/EWL/lib/armv7e-m\librt.a(ROMCopy.o)
                              Startup\__arm_start.o (__copy_rom_sections_to_ram)
O:\fehqt\Proteus/EWL/lib/armv7e-m\librt.a(__arm_eabi_init.o)
                              O:\fehqt\Proteus/EWL/lib/armv7e-m\libc.a(exit.o) (__destroy_global_chain)
O:\fehqt\Proteus/EWL/lib/armv7e-m\librt.a(New.o)
                              Libraries\FEHIO.o (operator new(unsigned int))
o:/fehqt/proteus/gcc/bin/../lib/gcc/arm-none-eabi/4.6.2/../../../../arm-none-eabi/lib/armv7e-m\libsupc++.a(class_type_info.o)
                              O:\fehqt\Proteus/EWL/lib/armv7e-m\librt.a(New.o) (vtable for __cxxabiv1::__class_type_info)
o:/fehqt/proteus/gcc/bin/../lib/gcc/arm-none-eabi/4.6.2/../../../../arm-none-eabi/lib/armv7e-m\libsupc++.a(eh_alloc.o)
                              O:\fehqt\Proteus/EWL/lib/armv7e-m\librt.a(New.o) (__cxa_allocate_exception)
o:/fehqt/proteus/gcc/bin/../lib/gcc/arm-none-eabi/4.6.2/../../../../arm-none-eabi/lib/armv7e-m\libsupc++.a(eh_arm.o)
                              O:\fehqt\Proteus/EWL/lib/armv7e-m\librt.a(New.o) (__cxa_end_cleanup)
[...]
Memory Configuration

Name             Origin             Length             Attributes
m_interrupts     0x0000c000         0x00000400         xr
m_cfmprotrom     0x0000c400         0x00000010         xr
m_text           0x0000c410         0x00073bf0         xr
m_data           0x1fff0400         0x0000fc00         xrw
m_data2          0x20000000         0x00010000         xrw
*default*        0x00000000         0xffffffff

Linker script and memory map

LOAD ..\main.o
LOAD Startup\__arm_start.o
LOAD Startup\__arm_end.o
LOAD Startup\kinetis_sysinit.o
LOAD Libraries\FEHMotor.o
LOAD Drivers\mcg.o
LOAD Drivers\i2c.o
LOAD Drivers\spi.o
LOAD Drivers\uart.o
LOAD Drivers\ff.o
LOAD Drivers\SDHC.o
LOAD Drivers\lptmr.o
LOAD FEHProteus.o
LOAD Drivers\FEHPropeller.o
LOAD Libraries\FEHUtility.o
LOAD Libraries\FEHIO.o
LOAD Drivers\adc16.o
LOAD Libraries\FEHBuzzer.o
LOAD Libraries\FEHServo.o
LOAD Libraries\FEHLCD.o
LOAD Libraries\FEHAccel.o
LOAD Libraries\FEHBattery.o
LOAD Drivers\FEHXBee.o
LOAD Libraries\FEHRPS.o
LOAD Libraries\FEHSD.o
                0x00013ce4                __pformatter = __pformatter_
                [0x000140dc]                __sformatter = __sformatter
LOAD O:\fehqt\Proteus/EWL/lib/armv7e-m\libstdc++.a
LOAD O:\fehqt\Proteus/EWL/lib/armv7e-m\libm.a
START GROUP
LOAD O:\fehqt\Proteus/EWL/lib/armv7e-m\libc.a
LOAD O:\fehqt\Proteus/EWL/lib/armv7e-m\libc++.a
LOAD O:\fehqt\Proteus/EWL/lib/armv7e-m\libm.a
LOAD o:/fehqt/proteus/gcc/bin/../lib/gcc/arm-none-eabi/4.6.2/armv7e-m\libgcc.a
LOAD O:\fehqt\Proteus/EWL/lib/armv7e-m\librt.a
LOAD o:/fehqt/proteus/gcc/bin/../lib/gcc/arm-none-eabi/4.6.2/../../../../arm-none-eabi/lib/armv7e-m\libsupc++.a
END GROUP
                0x20000000                _estack = 0x20000000
                0x20000000                __SP_INIT = _estack
                0x00000800                __heap_size = 0x800
                0x00000800                __stack_size = 0x800

.interrupts     0x0000c000      0x1e0
                0x0000c000                __vector_table = .
                0x0000c000                . = ALIGN (0x4)
 *(.vectortable)
 .vectortable   0x0000c000      0x1e0 Startup\kinetis_sysinit.o
                0x0000c1e0                . = ALIGN (0x4)

.cfmprotect     0x0000c400        0x0
                0x0000c400                . = ALIGN (0x4)
 *(.cfmconfig)
                0x0000c400                . = ALIGN (0x4)

.text           0x0000c410     0x8ca8
                0x0000c410                . = ALIGN (0x4)
 *(.text)
 .text          0x0000c410      0x370 o:/fehqt/proteus/gcc/bin/../lib/gcc/arm-none-eabi/4.6.2/armv7e-m\libgcc.a(_arm_addsubdf3.o)
                0x0000c410                __aeabi_drsub
                0x0000c418                __aeabi_dsub
                0x0000c418                __subdf3
                0x0000c41c                __aeabi_dadd
                0x0000c41c                __adddf3
                0x0000c694                __floatunsidf
                0x0000c694                __aeabi_ui2d
                0x0000c6b4                __floatsidf
                0x0000c6b4                __aeabi_i2d
                0x0000c6d8                __aeabi_f2d
                0x0000c6d8                __extendsfdf2
                0x0000c714                __floatundidf
                0x0000c714                __aeabi_ul2d
                0x0000c724                __floatdidf
                0x0000c724                __aeabi_l2d
 .text          0x0000c780      0x424 o:/fehqt/proteus/gcc/bin/../lib/gcc/arm-none-eabi/4.6.2/armv7e-m\libgcc.a(_arm_muldivdf3.o)
                0x0000c780                __aeabi_dmul
                0x0000c780                __muldf3
                0x0000c9d4                __divdf3
                0x0000c9d4                __aeabi_ddiv
 .text          0x0000cba4      0x110 o:/fehqt/proteus/gcc/bin/../lib/gcc/arm-none-eabi/4.6.2/armv7e-m\libgcc.a(_arm_cmpdf2.o)
                0x0000cba4                __gtdf2
                0x0000cba4                __gedf2
                0x0000cbac                __ltdf2
                0x0000cbac                __ledf2
                0x0000cbb4                __nedf2
                0x0000cbb4                __eqdf2
                0x0000cbb4                __cmpdf2
                0x0000cc30                __aeabi_cdrcmple
                0x0000cc40                __aeabi_cdcmpeq
                0x0000cc40                __aeabi_cdcmple
                0x0000cc50                __aeabi_dcmpeq
                0x0000cc64                __aeabi_dcmplt
                0x0000cc78                __aeabi_dcmple
                0x0000cc8c                __aeabi_dcmpge
                0x0000cca0                __aeabi_dcmpgt
 .text          0x0000ccb4       0x50 o:/fehqt/proteus/gcc/bin/../lib/gcc/arm-none-eabi/4.6.2/armv7e-m\libgcc.a(_arm_fixdfsi.o)
                0x0000ccb4                __aeabi_d2iz
                0x0000ccb4                __fixdfsi
 .text          0x0000cd04       0x40 o:/fehqt/proteus/gcc/bin/../lib/gcc/arm-none-eabi/4.6.2/armv7e-m\libgcc.a(_arm_fixunsdfsi.o)
                0x0000cd04                __aeabi_d2uiz
                0x0000cd04                __fixunsdfsi
 .text          0x0000cd44       0xa0 o:/fehqt/proteus/gcc/bin/../lib/gcc/arm-none-eabi/4.6.2/armv7e-m\libgcc.a(_arm_truncdfsf2.o)
                0x0000cd44                __truncdfsf2
                0x0000cd44                __aeabi_d2f
 .text          0x0000cde4      0x21c o:/fehqt/proteus/gcc/bin/../lib/gcc/arm-none-eabi/4.6.2/armv7e-m\libgcc.a(_arm_addsubsf3.o)
                0x0000cde4                __aeabi_frsub
                0x0000cdec                __subsf3
                0x0000cdec                __aeabi_fsub
                0x0000cdf0                __aeabi_fadd
                0x0000cdf0                __addsf3
                0x0000cf50                __aeabi_ui2f
                0x0000cf50                __floatunsisf
                0x0000cf58                __aeabi_i2f
                0x0000cf58                __floatsisf
                0x0000cf74                __aeabi_ul2f
                0x0000cf74                __floatundisf
                0x0000cf84                __aeabi_l2f
                0x0000cf84                __floatdisf
 .text          0x0000d000      0x2a0 o:/fehqt/proteus/gcc/bin/../lib/gcc/arm-none-eabi/4.6.2/armv7e-m\libgcc.a(_arm_muldivsf3.o)
                0x0000d000                __mulsf3
                0x0000d000                __aeabi_fmul
                0x0000d168                __aeabi_fdiv
                0x0000d168                __divsf3
 .text          0x0000d2a0       0xec o:/fehqt/proteus/gcc/bin/../lib/gcc/arm-none-eabi/4.6.2/armv7e-m\libgcc.a(_arm_cmpsf2.o)
                0x0000d2a0                __gesf2
                0x0000d2a0                __gtsf2
                0x0000d2a8                __lesf2
                0x0000d2a8                __ltsf2
                0x0000d2b0                __nesf2
                0x0000d2b0                __eqsf2
                0x0000d2b0                __cmpsf2
                0x0000d310                __aeabi_cfrcmple
                0x0000d318                __aeabi_cfcmpeq
                0x0000d318                __aeabi_cfcmple
                0x0000d328                __aeabi_fcmpeq
                0x0000d33c                __aeabi_fcmplt
                0x0000d350                __aeabi_fcmple
                0x0000d364                __aeabi_fcmpge
                0x0000d378                __aeabi_fcmpgt
 *(.text*)
 .text._Z12move_forwardii
                0x0000d38c       0xdc ..\main.o
                0x0000d38c                move_forward(int, int)
 .text._Z10turn_rightii
                0x0000d468       0xe0 ..\main.o
                0x0000d468                turn_right(int, int)
 .text._Z9turn_leftii
                0x0000d548       0xe0 ..\main.o
                0x0000d548                turn_left(int, int)
 .text.main     0x0000d628      0x18c ..\main.o
                0x0000d628                main
 .text._Z41__static_initialization_and_destruction_0ii
                0x0000d7b4       0x6c ..\main.o
 .text._GLOBAL__sub_I_right_encoder
                0x0000d820       0x14 ..\main.o
 .text.zero_fill_bss
                0x0000d834       0x34 Startup\__arm_start.o
 .text.__thumb_startup
                0x0000d868       0x34 Startup\__arm_start.o
                0x0000d868                __thumb_startup
 .text.InitFEHProteus
                0x0000d89c      0x15c Startup\__arm_start.o
                0x0000d89c                InitFEHProteus
 .text.pll_init_bl
                0x0000d9f8      0x130 Startup\__arm_start.o
 .text.InitPowerButton
                0x0000db28       0x90 Startup\__arm_start.o
                0x0000db28                InitPowerButton
 .text._ExitProcess
                0x0000dbb8        0xc Startup\__arm_end.o
                0x0000dbb8                _ExitProcess
 .text.Default_Handler
                0x0000dbc4        0xc Startup\kinetis_sysinit.o
                0x0000dbc4                BusFault_Handler()
                0x0000dbc4                HardFault_Handler()
                0x0000dbc4                SysTick_Handler()
                0x0000dbc4                PendSV_Handler()
                0x0000dbc4                DebugMonitor_Handler()
                0x0000dbc4                MemManage_Handler()
                0x0000dbc4                NMI_Handler()
                0x0000dbc4                SVC_Handler()
                0x0000dbc4                Default_Handler
                0x0000dbc4                UsageFault_Handler()
 .text.__init_hardware
                0x0000dbd0       0x44 Startup\kinetis_sysinit.o
                0x0000dbd0                __init_hardware
 .text._Z8PortDISRv
                0x0000dc14       0x64 Startup\kinetis_sysinit.o
                0x0000dc14                PortDISR()
 .text._ZN8FEHMotorC2ENS_12FEHMotorPortEf
                0x0000dc78       0xb0 Libraries\FEHMotor.o
                0x0000dc78                FEHMotor::FEHMotor(FEHMotor::FEHMotorPort, float)
                0x0000dc78                FEHMotor::FEHMotor(FEHMotor::FEHMotorPort, float)
 .text._ZN8FEHMotor4StopEv
                0x0000dd28       0x3c Libraries\FEHMotor.o
                0x0000dd28                FEHMotor::Stop()
 .text._ZN8FEHMotor8SetPowerEi
                0x0000dd64       0x60 Libraries\FEHMotor.o
                0x0000dd64                FEHMotor::SetPower(int)
 *fill*         0x0000ddc4        0x4 00
 .text._ZN8FEHMotor10SetPercentEf
                0x0000ddc8      0x158 Libraries\FEHMotor.o
                0x0000ddc8                FEHMotor::SetPercent(float)
 .text._Z21IIC_StartTransmissionhh
                0x0000df20       0x98 Drivers\i2c.o
                0x0000df20                IIC_StartTransmission(unsigned char, unsigned char)
 .text._Z5Pausev
                0x0000dfb8       0x34 Drivers\i2c.o
                0x0000dfb8                Pause()
 .text._Z21MMA8451QWriteRegisterhh
                0x0000dfec      0x12c Drivers\i2c.o
                0x0000dfec                MMA8451QWriteRegister(unsigned char, unsigned char)
 .text._Z12SPI_SendCharh
                0x0000e118       0x1c Drivers\spi.o
                0x0000e118                SPI_SendChar(unsigned char)
 .text._Z16SPI_WriteCommandhh
                0x0000e134       0x34 Drivers\spi.o
                0x0000e134                SPI_WriteCommand(unsigned char, unsigned char)
 .text._Z11SPI_GetCharv
                0x0000e168       0x14 Drivers\spi.o
                0x0000e168                SPI_GetChar()
 .text._Z15SPI_ReadCommandh
                0x0000e17c       0x3c Drivers\spi.o
                0x0000e17c                SPI_ReadCommand(unsigned char)
 .text._Z13SPI_CS_Assertv
                0x0000e1b8       0x24 Drivers\spi.o
                0x0000e1b8                SPI_CS_Assert()
 .text._Z15SPI_CS_Deassertv
                0x0000e1dc       0x24 Drivers\spi.o
                0x0000e1dc                SPI_CS_Deassert()
 .text._Z12SPI_Transferh
                0x0000e200       0x88 Drivers\spi.o
                0x0000e200                SPI_Transfer(unsigned char)
 .text._Z8SPI_Initv
                0x0000e288       0xe8 Drivers\spi.o
                0x0000e288                SPI_Init()
 .text._Z9uart_initPV11UART_MemMapii
                0x0000e370      0x20c Drivers\uart.o
                0x0000e370                uart_init(UART_MemMap volatile*, int, int)
 .text._Z12uart_getcharPV11UART_MemMap
                0x0000e57c       0x34 Drivers\uart.o
                0x0000e57c                uart_getchar(UART_MemMap volatile*)
 .text._Z12uart_putcharPV11UART_MemMapc
                0x0000e5b0       0x38 Drivers\uart.o
                0x0000e5b0                uart_putchar(UART_MemMap volatile*, char)
 .text._ZL7mem_setPvij
                0x0000e5e8       0x44 Drivers\ff.o
 .text._ZL11move_windowP5FATFSm
                0x0000e62c       0xf0 Drivers\ff.o
 .text._ZL4syncP5FATFS
                0x0000e71c      0x188 Drivers\ff.o
 .text._ZL8validateP5FATFSt
                0x0000e8a4       0x54 Drivers\ff.o
 .text._Z6f_syncP3FIL
                0x0000e8f8      0x1c0 Drivers\ff.o
                0x0000e8f8                f_sync(FIL*)
 .text._Z7f_closeP3FIL
                0x0000eab8       0x2c Drivers\ff.o
                0x0000eab8                f_close(FIL*)
 .text._ZL17SDHC_set_baudratemm
                0x0000eae4      0x14c Drivers\SDHC.o
 .text._Z9SDHC_initP17esdhc_info_structPK17esdhc_init_struct
                0x0000ec30      0x1c4 Drivers\SDHC.o
                0x0000ec30                SDHC_init(esdhc_info_struct*, esdhc_init_struct const*)
 .text._ZL15SDHC_is_runningv
                0x0000edf4       0x28 Drivers\SDHC.o
 .text._ZL16SDHC_status_waitm
                0x0000ee1c       0x38 Drivers\SDHC.o
 .text._ZL17SDHC_send_commandP20esdhc_command_struct
                0x0000ee54      0x2a0 Drivers\SDHC.o
 .text._Z10SDHC_ioctlmPv
                0x0000f0f4      0x978 Drivers\SDHC.o
                0x0000f0f4                SDHC_ioctl(unsigned long, void*)
 .text._ZL14rcvr_datablockPhm
                0x0000fa6c      0x134 Drivers\SDHC.o
 .text._Z9disk_readhPhmh
                0x0000fba0      0x13c Drivers\SDHC.o
                0x0000fba0                disk_read(unsigned char, unsigned char*, unsigned long, unsigned char)
 .text._ZL14xmit_datablockPKhm
                0x0000fcdc       0xe0 Drivers\SDHC.o
 .text._Z10disk_writehPKhmh
                0x0000fdbc      0x1cc Drivers\SDHC.o
                0x0000fdbc                disk_write(unsigned char, unsigned char const*, unsigned long, unsigned char)
 .text._Z10disk_ioctlhhPv
                0x0000ff88      0x128 Drivers\SDHC.o
                0x0000ff88                disk_ioctl(unsigned char, unsigned char, void*)
 .text._Z11disk_statush
                0x000100b0       0x30 Drivers\SDHC.o
                0x000100b0                disk_status(unsigned char)
 .text._Z13time_delay_msm
                0x000100e0       0xa4 Drivers\lptmr.o
                0x000100e0                time_delay_ms(unsigned long)
 .text._Z41__static_initialization_and_destruction_0ii
                0x00010184       0x30 FEHProteus.o
 .text._GLOBAL__sub_I_Propeller
                0x000101b4       0x14 FEHProteus.o
 .text._ZN12FEHPropellerC2Ev
                0x000101c8       0x20 Drivers\FEHPropeller.o
                0x000101c8                FEHPropeller::FEHPropeller()
                0x000101c8                FEHPropeller::FEHPropeller()
 .text._ZN12FEHPropeller10InitializeEv
                0x000101e8       0x94 Drivers\FEHPropeller.o
                0x000101e8                FEHPropeller::Initialize()
 .text._ZN12FEHPropeller12SetMotorRateEhhh
                0x0001027c       0x78 Drivers\FEHPropeller.o
                0x0001027c                FEHPropeller::SetMotorRate(unsigned char, unsigned char, unsigned char)
 .text._ZL5Delaymjj
                0x000102f4       0xc4 Libraries\FEHUtility.o
 .text._Z5Sleepi
                0x000103b8       0x34 Libraries\FEHUtility.o
                0x000103b8                Sleep(int)
 *fill*         0x000103ec        0x4 00
 .text._Z5Sleepd
                0x000103f0       0x58 Libraries\FEHUtility.o
                0x000103f0                Sleep(double)
 .text._ZN14DigitalEncoderC2EN5FEHIO8FEHIOPinE
                0x00010448       0x2c Libraries\FEHIO.o
                0x00010448                DigitalEncoder::DigitalEncoder(FEHIO::FEHIOPin)
                0x00010448                DigitalEncoder::DigitalEncoder(FEHIO::FEHIOPin)
 .text._Z10enable_irqi
                0x00010474      0x1cc Libraries\FEHIO.o
                0x00010474                enable_irq(int)
 .text._ZN14DigitalEncoder10InitializeEN5FEHIO8FEHIOPinENS0_21FEHIOInterruptTriggerE
                0x00010640      0x224 Libraries\FEHIO.o
                0x00010640                DigitalEncoder::Initialize(FEHIO::FEHIOPin, FEHIO::FEHIOInterruptTrigger)
 .text._Z9portB_isrv
                0x00010864       0xd4 Libraries\FEHIO.o
                0x00010864                portB_isr()
 .text._Z9portC_isrv
                0x00010938       0xd8 Libraries\FEHIO.o
                0x00010938                portC_isr()
 .text._Z9portA_isrv
                0x00010a10       0xd8 Libraries\FEHIO.o
                0x00010a10                portA_isr()
 .text._Z9portE_isrv
                0x00010ae8       0xd0 Libraries\FEHIO.o
                0x00010ae8                portE_isr()
 .text._ZN14DigitalEncoder6CountsEv
                0x00010bb8       0x28 Libraries\FEHIO.o
                0x00010bb8                DigitalEncoder::Counts()
 .text._ZN14DigitalEncoder11ResetCountsEv
                0x00010be0       0x28 Libraries\FEHIO.o
                0x00010be0                DigitalEncoder::ResetCounts()
 .text._ZN14AnalogInputPinC2EN5FEHIO8FEHIOPinE
                0x00010c08       0x20 Libraries\FEHIO.o
                0x00010c08                AnalogInputPin::AnalogInputPin(FEHIO::FEHIOPin)
                0x00010c08                AnalogInputPin::AnalogInputPin(FEHIO::FEHIOPin)
 .text._ZN13AnalogEncoder12EncoderValueEv
                0x00010c28       0xe4 Libraries\FEHIO.o
                0x00010c28                AnalogEncoder::EncoderValue()
 .text._ZN14AnalogInputPin8InitADCsEv
                0x00010d0c      0x120 Libraries\FEHIO.o
                0x00010d0c                AnalogInputPin::InitADCs()
 .text._Z8pit0_isrv
                0x00010e2c       0x34 Libraries\FEHIO.o
                0x00010e2c                pit0_isr()
 .text._ZN13AnalogEncoder4InitEv
                0x00010e60       0x64 Libraries\FEHIO.o
                0x00010e60                AnalogEncoder::Init()
 .text._ZN13AnalogEncoder14SetCounterInitEj
                0x00010ec4       0x20 Libraries\FEHIO.o
                0x00010ec4                AnalogEncoder::SetCounterInit(unsigned int)
 .text._ZN13AnalogEncoder10ProcessIntEv
                0x00010ee4       0x80 Libraries\FEHIO.o
                0x00010ee4                AnalogEncoder::ProcessInt()
 .text._ZN13AnalogEncoder14ProcessIntSelfEv
                0x00010f64       0x80 Libraries\FEHIO.o
                0x00010f64                AnalogEncoder::ProcessIntSelf()
 .text._Z7ADC_CalPV10ADC_MemMap
                0x00010fe4      0x14c Drivers\adc16.o
                0x00010fe4                ADC_Cal(ADC_MemMap volatile*)
 .text._Z14ADC_Config_AltPV10ADC_MemMapP7adc_cfg
                0x00011130       0x6c Drivers\adc16.o
                0x00011130                ADC_Config_Alt(ADC_MemMap volatile*, adc_cfg*)
 .text._ZN9FEHBuzzerC2Ev
                0x0001119c       0x18 Libraries\FEHBuzzer.o
                0x0001119c                FEHBuzzer::FEHBuzzer()
                0x0001119c                FEHBuzzer::FEHBuzzer()
 .text._Z41__static_initialization_and_destruction_0ii
                0x000111b4       0x30 Libraries\FEHBuzzer.o
 .text._GLOBAL__sub_I_Buzzer
                0x000111e4       0x14 Libraries\FEHBuzzer.o
 .text._ZN6FEHLCD11_InitializeEv
                0x000111f8      0x5dc Libraries\FEHLCD.o
                0x000111f8                FEHLCD::_Initialize()
 .text._ZN6FEHLCDC2Ev
                0x000117d4       0x64 Libraries\FEHLCD.o
                0x000117d4                FEHLCD::FEHLCD()
                0x000117d4                FEHLCD::FEHLCD()
 .text._ZN6FEHLCD10InitializeEv
                0x00011838       0x38 Libraries\FEHLCD.o
                0x00011838                FEHLCD::Initialize()
 .text._ZN6FEHLCD10PrintImageEii
                0x00011870      0x100 Libraries\FEHLCD.o
                0x00011870                FEHLCD::PrintImage(int, int)
 .text._ZN6FEHLCD9PrintLogoEii
                0x00011970      0x100 Libraries\FEHLCD.o
                0x00011970                FEHLCD::PrintLogo(int, int)
 .text._ZN6FEHLCD22ConvertFEHColorTo24BitENS_11FEHLCDColorE
                0x00011a70       0x80 Libraries\FEHLCD.o
                0x00011a70                FEHLCD::ConvertFEHColorTo24Bit(FEHLCD::FEHLCDColor)
 .text._ZN6FEHLCD24Convert24BitColorTo16BitEj
                0x00011af0       0x40 Libraries\FEHLCD.o
                0x00011af0                FEHLCD::Convert24BitColorTo16Bit(unsigned int)
 .text._ZN6FEHLCD22ConvertRGBColorTo16BitEhhh
                0x00011b30       0x44 Libraries\FEHLCD.o
                0x00011b30                FEHLCD::ConvertRGBColorTo16Bit(unsigned char, unsigned char, unsigned char)
 .text._ZN6FEHLCD5ClearENS_11FEHLCDColorE
                0x00011b74       0x28 Libraries\FEHLCD.o
                0x00011b74                FEHLCD::Clear(FEHLCD::FEHLCDColor)
 .text._ZN6FEHLCD5ClearEj
                0x00011b9c       0x2c Libraries\FEHLCD.o
                0x00011b9c                FEHLCD::Clear(unsigned int)
 .text._ZN6FEHLCD18SetBackgroundColorENS_11FEHLCDColorE
                0x00011bc8       0x28 Libraries\FEHLCD.o
                0x00011bc8                FEHLCD::SetBackgroundColor(FEHLCD::FEHLCDColor)
 .text._ZN6FEHLCD18SetBackgroundColorEj
                0x00011bf0       0x28 Libraries\FEHLCD.o
                0x00011bf0                FEHLCD::SetBackgroundColor(unsigned int)
 .text._ZN6FEHLCD12SetFontColorENS_11FEHLCDColorE
                0x00011c18       0x28 Libraries\FEHLCD.o
                0x00011c18                FEHLCD::SetFontColor(FEHLCD::FEHLCDColor)
 .text._ZN6FEHLCD12SetFontColorEj
                0x00011c40       0x28 Libraries\FEHLCD.o
                0x00011c40                FEHLCD::SetFontColor(unsigned int)
 .text._ZN6FEHLCD7WriteAtEPKcii
                0x00011c68       0x58 Libraries\FEHLCD.o
                0x00011c68                FEHLCD::WriteAt(char const*, int, int)
 .text._ZN6FEHLCD11TS_SPI_InitEv
                0x00011cc0       0xa8 Libraries\FEHLCD.o
                0x00011cc0                FEHLCD::TS_SPI_Init()
 .text._ZN6FEHLCD5TouchEPfS0_
                0x00011d68      0x240 Libraries\FEHLCD.o
                0x00011d68                FEHLCD::Touch(float*, float*)
 .text._ZN6FEHLCD3absEi
                0x00011fa8       0x28 Libraries\FEHLCD.o
                0x00011fa8                FEHLCD::abs(int)
 .text._ZN6FEHLCD5WriteEPKc
                0x00011fd0       0x5c Libraries\FEHLCD.o
                0x00011fd0                FEHLCD::Write(char const*)
 .text._ZN6FEHLCD5WriteEi
                0x0001202c       0x34 Libraries\FEHLCD.o
                0x0001202c                FEHLCD::Write(int)
 .text._ZN6FEHLCD9WriteLineEPKc
                0x00012060       0x28 Libraries\FEHLCD.o
                0x00012060                FEHLCD::WriteLine(char const*)
 .text._ZN6FEHLCD9WriteLineEi
                0x00012088       0x28 Libraries\FEHLCD.o
                0x00012088                FEHLCD::WriteLine(int)
 .text._ZN6FEHLCD10WriteIndexEh
                0x000120b0      0x288 Libraries\FEHLCD.o
                0x000120b0                FEHLCD::WriteIndex(unsigned char)
 .text._ZN6FEHLCD14WriteParameterEh
                0x00012338      0x254 Libraries\FEHLCD.o
                0x00012338                FEHLCD::WriteParameter(unsigned char)
 .text._ZN6FEHLCD6_ClearEv
                0x0001258c      0x228 Libraries\FEHLCD.o
                0x0001258c                FEHLCD::_Clear()
 .text._ZN6FEHLCD8NextLineEv
                0x000127b4       0x30 Libraries\FEHLCD.o
                0x000127b4                FEHLCD::NextLine()
 .text._ZN6FEHLCD9CheckLineEv
                0x000127e4       0x2c Libraries\FEHLCD.o
                0x000127e4                FEHLCD::CheckLine()
 .text._ZN6FEHLCD8NextCharEv
                0x00012810       0x34 Libraries\FEHLCD.o
                0x00012810                FEHLCD::NextChar()
 .text._ZN6FEHLCD13SetDrawRegionEiiii
                0x00012844      0x10c Libraries\FEHLCD.o
                0x00012844                FEHLCD::SetDrawRegion(int, int, int, int)
 .text._ZN6FEHLCD9WriteCharEiic
                0x00012950       0x40 Libraries\FEHLCD.o
                0x00012950                FEHLCD::WriteChar(int, int, char)
 .text._ZN6FEHLCD11WriteCharAtEiic
                0x00012990      0x278 Libraries\FEHLCD.o
                0x00012990                FEHLCD::WriteCharAt(int, int, char)
 .text._ZN6FEHLCD11RepeatColorEv
                0x00012c08       0xbc Libraries\FEHLCD.o
                0x00012c08                FEHLCD::RepeatColor()
 .text._ZN6FEHLCD10_ForePixelEv
                0x00012cc4      0x160 Libraries\FEHLCD.o
                0x00012cc4                FEHLCD::_ForePixel()
 .text._ZN6FEHLCD10_BackPixelEv
                0x00012e24      0x160 Libraries\FEHLCD.o
                0x00012e24                FEHLCD::_BackPixel()
 .text._ZN6FEHLCD22SetRegisterColorValuesEv
                0x00012f84      0x4c0 Libraries\FEHLCD.o
                0x00012f84                FEHLCD::SetRegisterColorValues()
 .text._Z41__static_initialization_and_destruction_0ii
                0x00013444       0x30 Libraries\FEHLCD.o
 .text._GLOBAL__sub_I_image
                0x00013474       0x14 Libraries\FEHLCD.o
 .text._ZN8FEHAccelC2Ev
                0x00013488       0x8c Libraries\FEHAccel.o
                0x00013488                FEHAccel::FEHAccel()
                0x00013488                FEHAccel::FEHAccel()
 .text._Z41__static_initialization_and_destruction_0ii
                0x00013514       0x30 Libraries\FEHAccel.o
 .text._GLOBAL__sub_I_Accel
                0x00013544       0x14 Libraries\FEHAccel.o
 .text._ZN10FEHBatteryC2EN5FEHIO8FEHIOPinE
                0x00013558       0x24 Libraries\FEHBattery.o
                0x00013558                FEHBattery::FEHBattery(FEHIO::FEHIOPin)
                0x00013558                FEHBattery::FEHBattery(FEHIO::FEHIOPin)
 .text._Z41__static_initialization_and_destruction_0ii
                0x0001357c       0x34 Libraries\FEHBattery.o
 .text._GLOBAL__sub_I_Battery
                0x000135b0       0x14 Libraries\FEHBattery.o
 .text._ZN7FEHXBeeC2Ev
                0x000135c4       0x20 Drivers\FEHXBee.o
                0x000135c4                FEHXBee::FEHXBee()
                0x000135c4                FEHXBee::FEHXBee()
 .text._ZN7FEHXBee17SetPacketCallBackEPFvPhhE
                0x000135e4       0x20 Drivers\FEHXBee.o
                0x000135e4                FEHXBee::SetPacketCallBack(void (*)(unsigned char*, unsigned char))
 .text._Z9UART0_ISRv
                0x00013604      0x174 Drivers\FEHXBee.o
                0x00013604                UART0_ISR()
 .text._ZN6FEHRPSC2Ev
                0x00013778       0x88 Libraries\FEHRPS.o
                0x00013778                FEHRPS::FEHRPS()
                0x00013778                FEHRPS::FEHRPS()
 .text._Z14RPSDataProcessPhh
                0x00013800      0x18c Libraries\FEHRPS.o
                0x00013800                RPSDataProcess(unsigned char*, unsigned char)
 .text._Z41__static_initialization_and_destruction_0ii
                0x0001398c       0x30 Libraries\FEHRPS.o
 .text._GLOBAL__sub_I_RPS
                0x000139bc       0x14 Libraries\FEHRPS.o
 .text._ZN5FEHSDC2Ev
                0x000139d0       0x24 Libraries\FEHSD.o
                0x000139d0                FEHSD::FEHSD()
                0x000139d0                FEHSD::FEHSD()
 .text._ZN5FEHSD8CloseLogEv
                0x000139f4       0x38 Libraries\FEHSD.o
                0x000139f4                FEHSD::CloseLog()
 .text._Z41__static_initialization_and_destruction_0ii
                0x00013a2c       0x30 Libraries\FEHSD.o
 .text._GLOBAL__sub_I_SD
                0x00013a5c       0x14 Libraries\FEHSD.o
 .text.sprintf  0x00013a70       0x1c O:\fehqt\Proteus/EWL/lib/armv7e-m\libc.a(sprintf.o)
                0x00013a70                sprintf
 .text.__StringWrite
                0x00013a8c       0x28 O:\fehqt\Proteus/EWL/lib/armv7e-m\libc.a(vsnprintf.o)
                0x00013a8c                __StringWrite
 .text.vsnprintf
                0x00013ab4       0x34 O:\fehqt\Proteus/EWL/lib/armv7e-m\libc.a(vsnprintf.o)
                0x00013ab4                vsnprintf
 .text.exit     0x00013ae8       0x38 O:\fehqt\Proteus/EWL/lib/armv7e-m\libc.a(exit.o)
                0x00013ae8                exit
 .text.memcpy   0x00013b20       0x12 O:\fehqt\Proteus/EWL/lib/armv7e-m\libc.a(memcpy.o)
                0x00013b20                memcpy
 .text.memset   0x00013b32        0xc O:\fehqt\Proteus/EWL/lib/armv7e-m\libc.a(memset.o)
                0x00013b32                memset
 .text.strlen   0x00013b3e       0x10 O:\fehqt\Proteus/EWL/lib/armv7e-m\libc.a(strlen.o)
                0x00013b3e                strlen
 .text.long2str.isra.0
                0x00013b4e      0x196 O:\fehqt\Proteus/EWL/lib/armv7e-m\libc.a(printformat_.o)
 .text.__pformatter_
                0x00013ce4      0x3f8 O:\fehqt\Proteus/EWL/lib/armv7e-m\libc.a(printformat_.o)
                0x00013ce4                __pformatter_
 .text.__sformatter
                0x000140dc      0x74e O:\fehqt\Proteus/EWL/lib/armv7e-m\libc.a(scanformat_.o)
                0x000140dc                __sformatter
 *fill*         0x0001482a        0x2 00
 .text.isalpha  0x0001482c       0x1c O:\fehqt\Proteus/EWL/lib/armv7e-m\libc.a(ctype_aeabi.o)
                0x0001482c                isalpha
 .text.isspace  0x00014848       0x1c O:\fehqt\Proteus/EWL/lib/armv7e-m\libc.a(ctype_aeabi.o)
                0x00014848                isspace
 .text.toupper  0x00014864        0xc O:\fehqt\Proteus/EWL/lib/armv7e-m\libc.a(ctype_aeabi.o)
                0x00014864                toupper
 .text.__strtoul
                0x00014870      0x1dc O:\fehqt\Proteus/EWL/lib/armv7e-m\libc.a(__strtoul.o)
                0x00014870                __strtoul
 .text.__fill_mem
                0x00014a4c       0x76 O:\fehqt\Proteus/EWL/lib/armv7e-m\libc.a(__filll_mem.o)
                0x00014a4c                __fill_mem
 .text.memchr   0x00014ac2       0x1a O:\fehqt\Proteus/EWL/lib/armv7e-m\libc.a(memchr.o)
                0x00014ac2                memchr
 .text.strchr   0x00014adc       0x1c O:\fehqt\Proteus/EWL/lib/armv7e-m\libc.a(strchr.o)
                0x00014adc                strchr
 .text.__init_cpp
                0x00014af8       0x4c O:\fehqt\Proteus/EWL/lib/armv7e-m\librt.a(gcc_ctor_dtor.o)
                0x00014af8                __init_cpp
 .text.__fini_cpp
                0x00014b44       0x34 O:\fehqt\Proteus/EWL/lib/armv7e-m\librt.a(gcc_ctor_dtor.o)
                0x00014b44                __fini_cpp
 .text.__copy_rom_section
                0x00014b78       0x44 O:\fehqt\Proteus/EWL/lib/armv7e-m\librt.a(ROMCopy.o)
                0x00014b78                __copy_rom_section
 .text.__copy_rom_sections_to_ram
                0x00014bbc       0x34 O:\fehqt\Proteus/EWL/lib/armv7e-m\librt.a(ROMCopy.o)
                0x00014bbc                __copy_rom_sections_to_ram
 .text.__destroy_global_chain
                0x00014bf0       0x1c O:\fehqt\Proteus/EWL/lib/armv7e-m\librt.a(__arm_eabi_init.o)
                0x00014bf0                __destroy_global_chain
 .text.__init_registers
                0x00014c0c       0x20 O:\fehqt\Proteus/EWL/lib/armv7e-m\librt.a(__arm_eabi_init.o)
                0x00014c0c                __init_registers
 .text.__init_user
                0x00014c2c        0x4 O:\fehqt\Proteus/EWL/lib/armv7e-m\librt.a(__arm_eabi_init.o)
                0x00014c2c                __init_user
 *(.rodata)
 .rodata        0x00014c30       0x84 ..\main.o
 .rodata        0x00014cb4       0x78 Libraries\FEHIO.o
 .rodata        0x00014d2c       0x34 Libraries\FEHLCD.o
 *(.rodata*)
 .rodata.K60_SDHC0_init
                0x00014d60        0xc Drivers\SDHC.o
                0x00014d60                K60_SDHC0_init
 .rodata._ZL21ESDHC_COMMAND_XFERTYP
                0x00014d6c      0x100 Drivers\SDHC.o
 .rodata._ZL9GPIOPorts
                0x00014e6c       0x20 Libraries\FEHIO.o
 .rodata._ZL10ADCNumbers
                0x00014e8c       0x24 Libraries\FEHIO.o
 .rodata._ZL14GPIOPinNumbers
                0x00014eb0       0x80 Libraries\FEHIO.o
 .rodata._ZL16AnalogPinNumbers
                0x00014f30       0x84 Libraries\FEHIO.o
 .rodata.str1.1
                0x00014fb4        0x1 O:\fehqt\Proteus/EWL/lib/armv7e-m\libc.a(printformat_.o)
 .rodata.__aeabi_ctype_table_C
                0x00014fb5      0x101 O:\fehqt\Proteus/EWL/lib/armv7e-m\libc.a(ctype_aeabi.o)
                0x00014fb5                __aeabi_ctype_table_C
 *(.glue_7)
 .glue_7        0x00000000        0x0 linker stubs
 *(.glue_7t)
 .glue_7t       0x00000000        0x0 linker stubs
 *(.eh_frame)
 *(.init)
 *(.fini)
                0x000150b8                . = ALIGN (0x4)
 *fill*         0x000150b6        0x2 00
                0x000150b8                _etext = .

.vfp11_veneer   0x000150b8        0x0
 .vfp11_veneer  0x00000000        0x0 linker stubs

.v4_bx          0x000150b8        0x0
 .v4_bx         0x00000000        0x0 linker stubs

.ARM.extab
 *(.ARM.extab* .gnu.linkonce.armextab.*)

.ARM            0x000150b8        0x0
                0x000150b8                __exidx_start = .
 *(.ARM.exidx*)
                0x000150b8                __exidx_end = .

.ctors          0x000150b8        0x0
                0x000150b8                __CTOR_LIST__ = .
 *crtbegin.o(.ctors)
 *(EXCLUDE_FILE(*crtend.o) .ctors)
 *(SORT(.ctors.*))
 *(.ctors)
                0x000150b8                __CTOR_END__ = .

.dtors          0x000150b8        0x0
                0x000150b8                __DTOR_LIST__ = .
 *crtbegin.o(.dtors)
 *(EXCLUDE_FILE(*crtend.o) .dtors)
 *(SORT(.dtors.*))
 *(.dtors)
                0x000150b8                __DTOR_END__ = .

.preinit_array  0x000150b8        0x0
                0x000150b8                PROVIDE (__preinit_array_start, .)
 *(.preinit_array*)
                0x000150b8                PROVIDE (__preinit_array_end, .)

.init_array     0x000150b8       0x20
                0x000150b8                PROVIDE (__init_array_start, .)
 *(SORT(.init_array.*))
 *(.init_array*)
 .init_array    0x000150b8        0x4 ..\main.o
 .init_array    0x000150bc        0x4 FEHProteus.o
 .init_array    0x000150c0        0x4 Libraries\FEHBuzzer.o
 .init_array    0x000150c4        0x4 Libraries\FEHLCD.o
 .init_array    0x000150c8        0x4 Libraries\FEHAccel.o
 .init_array    0x000150cc        0x4 Libraries\FEHBattery.o
 .init_array    0x000150d0        0x4 Libraries\FEHRPS.o
 .init_array    0x000150d4        0x4 Libraries\FEHSD.o
                0x000150d8                PROVIDE (__init_array_end, .)

.fini_array     0x000150d8        0x0
                0x000150d8                PROVIDE (__fini_array_start, .)
 *(SORT(.fini_array.*))
 *(.fini_array*)
                0x000150d8                PROVIDE (__fini_array_end, .)
                0x000150d8                ___ROM_AT = .

.data           0x1fff0400      0xd1c load address 0x000150d8
                0x1fff0400                . = ALIGN (0x4)
                0x1fff0400                _sdata = .
 *(.data)
 *(.data*)
 .data._ZL4Stat
                0x1fff0400        0x1 Drivers\SDHC.o
 *fill*         0x1fff0401        0x3 00
 .data.image    0x1fff0404      0x750 Libraries\FEHLCD.o
                0x1fff0404                image
 .data.logo     0x1fff0b54      0x3e8 Libraries\FEHLCD.o
                0x1fff0b54                logo
 .data._ZN6FEHLCD8fontDataE
                0x1fff0f3c      0x1e0 Libraries\FEHLCD.o
                0x1fff0f3c                FEHLCD::fontData
                0x1fff111c                . = ALIGN (0x4)
                0x1fff111c                _edata = .
                0x00000d1c                ___data_size = (_edata - _sdata)
                0x00015df4                ___m_data2_ROMStart = (___ROM_AT + SIZEOF (.data))

.user_data2     0x20000000        0x0 load address 0x00015df4
                0x20000000                . = ALIGN (0x4)
                0x20000000                ___m_data2_RAMStart = .
 *(.data2)
                0x20000000                ___m_data2_RAMEnd = .
                0x20000000                . = ALIGN (0x4)
                0x00000000                ___m_data2_ROMSize = (___m_data2_RAMEnd - ___m_data2_RAMStart)
                0x20000000                . = ALIGN (0x4)

.bss            0x1fff111c      0x5c8 load address 0x00015df4
                0x1fff111c                __START_BSS = .
                0x1fff111c                PROVIDE (__bss_start__, __START_BSS)
 *(.bss)
 *(.bss*)
 .bss.right_encoder
                0x1fff111c        0x4 ..\main.o
                0x1fff111c                right_encoder
 .bss.left_encoder
                0x1fff1120        0x4 ..\main.o
                0x1fff1120                left_encoder
 .bss.right_motor
                0x1fff1124        0x8 ..\main.o
                0x1fff1124                right_motor
 .bss.left_motor
                0x1fff112c        0x8 ..\main.o
                0x1fff112c                left_motor
 .bss._ZL4argv  0x1fff1134        0x4 Startup\__arm_start.o
 .bss.MasterTransmission
                0x1fff1138        0x1 Drivers\i2c.o
                0x1fff1138                MasterTransmission
 .bss.SlaveID   0x1fff1139        0x1 Drivers\i2c.o
                0x1fff1139                SlaveID
 *fill*         0x1fff113a        0x2 00
 .bss.SDHC_Card
                0x1fff113c       0x14 Drivers\SDHC.o
                0x1fff113c                SDHC_Card
 .bss.SDHC_Info
                0x1fff1150      0x204 Drivers\SDHC.o
                0x1fff1150                SDHC_Info
 .bss.SDHC_Device
                0x1fff1354        0x8 Drivers\SDHC.o
                0x1fff1354                SDHC_Device
 .bss.Propeller
                0x1fff135c        0x4 FEHProteus.o
                0x1fff135c                Propeller
 .bss.CoreClockKHz
                0x1fff1360        0x4 FEHProteus.o
                0x1fff1360                CoreClockKHz
 .bss.CoreClockMHz
                0x1fff1364        0x4 FEHProteus.o
                0x1fff1364                CoreClockMHz
 .bss.PeripheralClockKHz
                0x1fff1368        0x4 FEHProteus.o
                0x1fff1368                PeripheralClockKHz
 .bss._ZN14AnalogInputPin17Master_Adc_ConfigE
                0x1fff136c       0x10 Libraries\FEHIO.o
                0x1fff136c                AnalogInputPin::Master_Adc_Config
 .bss._ZN14AnalogInputPin18Encoder_Adc_ConfigE
                0x1fff137c       0x10 Libraries\FEHIO.o
                0x1fff137c                AnalogInputPin::Encoder_Adc_Config
 .bss.interrupt_counts
                0x1fff138c       0x80 Libraries\FEHIO.o
                0x1fff138c                interrupt_counts
 .bss._ZN13AnalogEncoder7pinListE
                0x1fff140c        0x4 Libraries\FEHIO.o
                0x1fff140c                AnalogEncoder::pinList
 .bss.__interrupt_counter
                0x1fff1410        0x4 Libraries\FEHIO.o
                0x1fff1410                __interrupt_counter
 .bss.Buzzer    0x1fff1414        0x4 Libraries\FEHBuzzer.o
                0x1fff1414                Buzzer
 .bss.LCD       0x1fff1418       0x44 Libraries\FEHLCD.o
                0x1fff1418                LCD
 .bss.initialized
                0x1fff145c        0x1 Libraries\FEHLCD.o
                0x1fff145c                initialized
 *fill*         0x1fff145d        0x3 00
 .bss.Accel     0x1fff1460        0x4 Libraries\FEHAccel.o
                0x1fff1460                Accel
 .bss.Battery   0x1fff1464        0x4 Libraries\FEHBattery.o
                0x1fff1464                Battery
 .bss.XBeeDataProcess
                0x1fff1468        0x4 Drivers\FEHXBee.o
                0x1fff1468                XBeeDataProcess
 .bss._xbeebuffer
                0x1fff146c       0x10 Drivers\FEHXBee.o
                0x1fff146c                _xbeebuffer
 .bss._xbeebufferindex
                0x1fff147c        0x1 Drivers\FEHXBee.o
                0x1fff147c                _xbeebufferindex
 .bss._xbeestate
                0x1fff147d        0x1 Drivers\FEHXBee.o
                0x1fff147d                _xbeestate
 .bss._xbeebytereceived
                0x1fff147e        0x1 Drivers\FEHXBee.o
                0x1fff147e                _xbeebytereceived
 .bss._xbeebyte
                0x1fff147f        0x1 Drivers\FEHXBee.o
                0x1fff147f                _xbeebyte
 .bss.RPS       0x1fff1480        0x8 Libraries\FEHRPS.o
                0x1fff1480                RPS
 .bss._enabled  0x1fff1488        0x1 Libraries\FEHRPS.o
                0x1fff1488                _enabled
 *fill*         0x1fff1489        0x3 00
 .bss._RPS_x    0x1fff148c        0x4 Libraries\FEHRPS.o
                0x1fff148c                _RPS_x
 .bss._RPS_y    0x1fff1490        0x4 Libraries\FEHRPS.o
                0x1fff1490                _RPS_y
 .bss._RPS_heading
                0x1fff1494        0x4 Libraries\FEHRPS.o
                0x1fff1494                _RPS_heading
 .bss._RPS_objective
                0x1fff1498        0x4 Libraries\FEHRPS.o
                0x1fff1498                _RPS_objective
 .bss._RPS_time
                0x1fff149c        0x1 Libraries\FEHRPS.o
                0x1fff149c                _RPS_time
 .bss._RPS_stop
                0x1fff149d        0x1 Libraries\FEHRPS.o
                0x1fff149d                _RPS_stop
 .bss._RPS_foundpacket
                0x1fff149e        0x1 Libraries\FEHRPS.o
                0x1fff149e                _RPS_foundpacket
 *fill*         0x1fff149f        0x1 00
 .bss.SD        0x1fff14a0        0x4 Libraries\FEHSD.o
                0x1fff14a0                SD
 .bss.logfil    0x1fff14a4      0x228 Libraries\FEHSD.o
                0x1fff14a4                logfil
 .bss.__stdio_exit
                0x1fff16cc        0x4 O:\fehqt\Proteus/EWL/lib/armv7e-m\libc.a(exit.o)
                0x1fff16cc                __stdio_exit
 .bss.__console_exit
                0x1fff16d0        0x4 O:\fehqt\Proteus/EWL/lib/armv7e-m\libc.a(exit.o)
                0x1fff16d0                __console_exit
 .bss.__S_romp  0x1fff16d4        0xc O:\fehqt\Proteus/EWL/lib/armv7e-m\librt.a(ROMCopy.o)
 .bss.__global_destructor_chain
                0x1fff16e0        0x4 O:\fehqt\Proteus/EWL/lib/armv7e-m\librt.a(__arm_eabi_init.o)
                0x1fff16e0                __global_destructor_chain
 *(COMMON)
                0x1fff16e4                . = ALIGN (0x4)
                0x1fff16e4                __END_BSS = .
                0x1fff16e4                PROVIDE (__bss_end__, __END_BSS)

._user_heap_stack
                0x1fff16e4     0x1000 load address 0x000163bc
                0x1fff16e4                . = ALIGN (0x4)
                0x1fff16e4                PROVIDE (end, .)
                0x1fff16e4                PROVIDE (_end, .)
                0x1fff16e4                __heap_addr = .
                0x1fff1ee4                . = (. + __heap_size)
 *fill*         0x1fff16e4      0x800 00
                0x1fff26e4                . = (. + __stack_size)
 *fill*         0x1fff1ee4      0x800 00
                0x1fff26e4                . = ALIGN (0x4)
                0x00015df4                _romp_at = ((___ROM_AT + SIZEOF (.data)) + SIZEOF (.user_data2))

.romp           0x20000000       0x24 load address 0x00015df4
                0x00015df4                __S_romp = _romp_at
                0x20000000        0x4 LONG 0x150d8 ___ROM_AT
                0x20000004        0x4 LONG 0x1fff0400 _sdata
                0x20000008        0x4 LONG 0xd1c ___data_size
                0x2000000c        0x4 LONG 0x15df4 ___m_data2_ROMStart
                0x20000010        0x4 LONG 0x20000000 ___m_data2_RAMStart
                0x20000014        0x4 LONG 0x0 ___m_data2_ROMSize
                0x20000018        0x4 LONG 0x0
                0x2000001c        0x4 LONG 0x0
                0x20000020        0x4 LONG 0x0

.ARM.attributes
                0x00000000       0x33
 *(.ARM.attributes)
 .ARM.attributes
                0x00000000       0x33 ..\main.o
 .ARM.attributes
                0x00000033       0x33 Startup\__arm_start.o
 .ARM.attributes
                0x00000066       0x33 Startup\__arm_end.o
 .ARM.attributes
                0x00000099       0x33 Startup\kinetis_sysinit.o
 .ARM.attributes
                0x000000cc       0x33 Libraries\FEHMotor.o
 .ARM.attributes
                0x000000ff       0x33 Drivers\i2c.o
 .ARM.attributes
                0x00000132       0x33 Drivers\spi.o
 .ARM.attributes
                0x00000165       0x33 Drivers\uart.o
 .ARM.attributes
                0x00000198       0x33 Drivers\ff.o
 .ARM.attributes
                0x000001cb       0x33 Drivers\SDHC.o
 .ARM.attributes
                0x000001fe       0x33 Drivers\lptmr.o
 .ARM.attributes
                0x00000231       0x33 FEHProteus.o
 .ARM.attributes
                0x00000264       0x33 Drivers\FEHPropeller.o
 .ARM.attributes
                0x00000297       0x33 Libraries\FEHUtility.o
 .ARM.attributes
                0x000002ca       0x33 Libraries\FEHIO.o
 .ARM.attributes
                0x000002fd       0x33 Drivers\adc16.o
 .ARM.attributes
                0x00000330       0x33 Libraries\FEHBuzzer.o
 .ARM.attributes
                0x00000363       0x33 Libraries\FEHLCD.o
 .ARM.attributes
                0x00000396       0x33 Libraries\FEHAccel.o
 .ARM.attributes
                0x000003c9       0x33 Libraries\FEHBattery.o
 .ARM.attributes
                0x000003fc       0x33 Drivers\FEHXBee.o
 .ARM.attributes
                0x0000042f       0x33 Libraries\FEHRPS.o
 .ARM.attributes
                0x00000462       0x33 Libraries\FEHSD.o
 .ARM.attributes
                0x00000495       0x33 O:\fehqt\Proteus/EWL/lib/armv7e-m\libc.a(sprintf.o)
 .ARM.attributes
                0x000004c8       0x33 O:\fehqt\Proteus/EWL/lib/armv7e-m\libc.a(vsnprintf.o)
 .ARM.attributes
                0x000004fb       0x33 O:\fehqt\Proteus/EWL/lib/armv7e-m\libc.a(exit.o)
 .ARM.attributes
                0x0000052e       0x33 O:\fehqt\Proteus/EWL/lib/armv7e-m\libc.a(memcpy.o)
 .ARM.attributes
                0x00000561       0x33 O:\fehqt\Proteus/EWL/lib/armv7e-m\libc.a(memset.o)
 .ARM.attributes
                0x00000594       0x33 O:\fehqt\Proteus/EWL/lib/armv7e-m\libc.a(strlen.o)
 .ARM.attributes
                0x000005c7       0x33 O:\fehqt\Proteus/EWL/lib/armv7e-m\libc.a(printformat_.o)
 .ARM.attributes
                0x000005fa       0x33 O:\fehqt\Proteus/EWL/lib/armv7e-m\libc.a(scanformat_.o)
 .ARM.attributes
                0x0000062d       0x33 O:\fehqt\Proteus/EWL/lib/armv7e-m\libc.a(ctype_aeabi.o)
 .ARM.attributes
                0x00000660       0x33 O:\fehqt\Proteus/EWL/lib/armv7e-m\libc.a(__strtoul.o)
 .ARM.attributes
                0x00000693       0x33 O:\fehqt\Proteus/EWL/lib/armv7e-m\libc.a(__filll_mem.o)
 .ARM.attributes
                0x000006c6       0x33 O:\fehqt\Proteus/EWL/lib/armv7e-m\libc.a(memchr.o)
 .ARM.attributes
                0x000006f9       0x33 O:\fehqt\Proteus/EWL/lib/armv7e-m\libc.a(strchr.o)
 .ARM.attributes
                0x0000072c       0x1e o:/fehqt/proteus/gcc/bin/../lib/gcc/arm-none-eabi/4.6.2/armv7e-m\libgcc.a(_arm_addsubdf3.o)
 .ARM.attributes
                0x0000074a       0x1e o:/fehqt/proteus/gcc/bin/../lib/gcc/arm-none-eabi/4.6.2/armv7e-m\libgcc.a(_arm_muldivdf3.o)
 .ARM.attributes
                0x00000768       0x1e o:/fehqt/proteus/gcc/bin/../lib/gcc/arm-none-eabi/4.6.2/armv7e-m\libgcc.a(_arm_cmpdf2.o)
 .ARM.attributes
                0x00000786       0x1e o:/fehqt/proteus/gcc/bin/../lib/gcc/arm-none-eabi/4.6.2/armv7e-m\libgcc.a(_arm_fixdfsi.o)
 .ARM.attributes
                0x000007a4       0x1e o:/fehqt/proteus/gcc/bin/../lib/gcc/arm-none-eabi/4.6.2/armv7e-m\libgcc.a(_arm_fixunsdfsi.o)
 .ARM.attributes
                0x000007c2       0x1e o:/fehqt/proteus/gcc/bin/../lib/gcc/arm-none-eabi/4.6.2/armv7e-m\libgcc.a(_arm_truncdfsf2.o)
 .ARM.attributes
                0x000007e0       0x1e o:/fehqt/proteus/gcc/bin/../lib/gcc/arm-none-eabi/4.6.2/armv7e-m\libgcc.a(_arm_addsubsf3.o)
 .ARM.attributes
                0x000007fe       0x1e o:/fehqt/proteus/gcc/bin/../lib/gcc/arm-none-eabi/4.6.2/armv7e-m\libgcc.a(_arm_muldivsf3.o)
 .ARM.attributes
                0x0000081c       0x1e o:/fehqt/proteus/gcc/bin/../lib/gcc/arm-none-eabi/4.6.2/armv7e-m\libgcc.a(_arm_cmpsf2.o)
 .ARM.attributes
                0x0000083a       0x33 O:\fehqt\Proteus/EWL/lib/armv7e-m\librt.a(gcc_ctor_dtor.o)
 .ARM.attributes
                0x0000086d       0x33 O:\fehqt\Proteus/EWL/lib/armv7e-m\librt.a(ROMCopy.o)
 .ARM.attributes
                0x000008a0       0x33 O:\fehqt\Proteus/EWL/lib/armv7e-m\librt.a(__arm_eabi_init.o)
OUTPUT(../exp2.elf elf32-littlearm)

.debug_info     0x00000000    0x129a9
 .debug_info    0x00000000      0xedd ..\main.o
 .debug_info    0x00000edd     0x12c5 Startup\__arm_start.o
 .debug_info    0x000021a2       0x58 Startup\__arm_end.o
 .debug_info    0x000021fa      0x57d Startup\kinetis_sysinit.o
 .debug_info    0x00002777      0x335 Libraries\FEHMotor.o
 .debug_info    0x00002aac      0x250 Drivers\i2c.o
 .debug_info    0x00002cfc      0x6cf Drivers\spi.o
 .debug_info    0x000033cb      0x59c Drivers\uart.o
 .debug_info    0x00003967     0x1da0 Drivers\ff.o
 .debug_info    0x00005707      0xf1d Drivers\SDHC.o
 .debug_info    0x00006624      0x2de Drivers\lptmr.o
 .debug_info    0x00006902      0x1a7 FEHProteus.o
 .debug_info    0x00006aa9      0x722 Drivers\FEHPropeller.o
 .debug_info    0x000071cb      0x36c Libraries\FEHUtility.o
 .debug_info    0x00007537     0x1c6a Libraries\FEHIO.o
 .debug_info    0x000091a1      0x4ab Drivers\adc16.o
 .debug_info    0x0000964c      0xa42 Libraries\FEHBuzzer.o
 .debug_info    0x0000a08e     0x2c25 Libraries\FEHLCD.o
 .debug_info    0x0000ccb3      0x26a Libraries\FEHAccel.o
 .debug_info    0x0000cf1d      0x3a9 Libraries\FEHBattery.o
 .debug_info    0x0000d2c6      0xac3 Drivers\FEHXBee.o
 .debug_info    0x0000dd89     0x1985 Libraries\FEHRPS.o
 .debug_info    0x0000f70e     0x1242 Libraries\FEHSD.o
 .debug_info    0x00010950      0x11f O:\fehqt\Proteus/EWL/lib/armv7e-m\libc.a(sprintf.o)
 .debug_info    0x00010a6f      0x206 O:\fehqt\Proteus/EWL/lib/armv7e-m\libc.a(vsnprintf.o)
 .debug_info    0x00010c75      0x103 O:\fehqt\Proteus/EWL/lib/armv7e-m\libc.a(exit.o)
 .debug_info    0x00010d78      0x113 O:\fehqt\Proteus/EWL/lib/armv7e-m\libc.a(memcpy.o)
 .debug_info    0x00010e8b       0xf4 O:\fehqt\Proteus/EWL/lib/armv7e-m\libc.a(memset.o)
 .debug_info    0x00010f7f       0xf3 O:\fehqt\Proteus/EWL/lib/armv7e-m\libc.a(strlen.o)
 .debug_info    0x00011072      0x512 O:\fehqt\Proteus/EWL/lib/armv7e-m\libc.a(printformat_.o)
 .debug_info    0x00011584      0x564 O:\fehqt\Proteus/EWL/lib/armv7e-m\libc.a(scanformat_.o)
 .debug_info    0x00011ae8      0x32a O:\fehqt\Proteus/EWL/lib/armv7e-m\libc.a(ctype_aeabi.o)
 .debug_info    0x00011e12      0x1d7 O:\fehqt\Proteus/EWL/lib/armv7e-m\libc.a(__strtoul.o)
 .debug_info    0x00011fe9      0x13d O:\fehqt\Proteus/EWL/lib/armv7e-m\libc.a(__filll_mem.o)
 .debug_info    0x00012126      0x129 O:\fehqt\Proteus/EWL/lib/armv7e-m\libc.a(memchr.o)
 .debug_info    0x0001224f      0x110 O:\fehqt\Proteus/EWL/lib/armv7e-m\libc.a(strchr.o)
 .debug_info    0x0001235f      0x1c0 O:\fehqt\Proteus/EWL/lib/armv7e-m\librt.a(gcc_ctor_dtor.o)
 .debug_info    0x0001251f      0x1b8 O:\fehqt\Proteus/EWL/lib/armv7e-m\librt.a(ROMCopy.o)
 .debug_info    0x000126d7      0x2d2 O:\fehqt\Proteus/EWL/lib/armv7e-m\librt.a(__arm_eabi_init.o)

.debug_abbrev   0x00000000     0x3a05
 .debug_abbrev  0x00000000      0x23e ..\main.o
 .debug_abbrev  0x0000023e      0x28f Startup\__arm_start.o
 .debug_abbrev  0x000004cd       0x45 Startup\__arm_end.o
 .debug_abbrev  0x00000512      0x18a Startup\kinetis_sysinit.o
 .debug_abbrev  0x0000069c      0x18c Libraries\FEHMotor.o
 .debug_abbrev  0x00000828       0xfc Drivers\i2c.o
 .debug_abbrev  0x00000924      0x18b Drivers\spi.o
 .debug_abbrev  0x00000aaf      0x15f Drivers\uart.o
 .debug_abbrev  0x00000c0e      0x18f Drivers\ff.o
 .debug_abbrev  0x00000d9d      0x223 Drivers\SDHC.o
 .debug_abbrev  0x00000fc0       0xd2 Drivers\lptmr.o
 .debug_abbrev  0x00001092      0x101 FEHProteus.o
 .debug_abbrev  0x00001193      0x1c6 Drivers\FEHPropeller.o
 .debug_abbrev  0x00001359      0x154 Libraries\FEHUtility.o
 .debug_abbrev  0x000014ad      0x448 Libraries\FEHIO.o
 .debug_abbrev  0x000018f5      0x12a Drivers\adc16.o
 .debug_abbrev  0x00001a1f      0x1da Libraries\FEHBuzzer.o
 .debug_abbrev  0x00001bf9      0x38c Libraries\FEHLCD.o
 .debug_abbrev  0x00001f85      0x13b Libraries\FEHAccel.o
 .debug_abbrev  0x000020c0      0x1cb Libraries\FEHBattery.o
 .debug_abbrev  0x0000228b      0x231 Drivers\FEHXBee.o
 .debug_abbrev  0x000024bc      0x37f Libraries\FEHRPS.o
 .debug_abbrev  0x0000283b      0x33a Libraries\FEHSD.o
 .debug_abbrev  0x00002b75       0xb5 O:\fehqt\Proteus/EWL/lib/armv7e-m\libc.a(sprintf.o)
 .debug_abbrev  0x00002c2a       0xf4 O:\fehqt\Proteus/EWL/lib/armv7e-m\libc.a(vsnprintf.o)
 .debug_abbrev  0x00002d1e       0x8f O:\fehqt\Proteus/EWL/lib/armv7e-m\libc.a(exit.o)
 .debug_abbrev  0x00002dad       0x97 O:\fehqt\Proteus/EWL/lib/armv7e-m\libc.a(memcpy.o)
 .debug_abbrev  0x00002e44       0x66 O:\fehqt\Proteus/EWL/lib/armv7e-m\libc.a(memset.o)
 .debug_abbrev  0x00002eaa       0x7e O:\fehqt\Proteus/EWL/lib/armv7e-m\libc.a(strlen.o)
 .debug_abbrev  0x00002f28      0x204 O:\fehqt\Proteus/EWL/lib/armv7e-m\libc.a(printformat_.o)
 .debug_abbrev  0x0000312c      0x1fb O:\fehqt\Proteus/EWL/lib/armv7e-m\libc.a(scanformat_.o)
 .debug_abbrev  0x00003327       0x9a O:\fehqt\Proteus/EWL/lib/armv7e-m\libc.a(ctype_aeabi.o)
 .debug_abbrev  0x000033c1       0xc6 O:\fehqt\Proteus/EWL/lib/armv7e-m\libc.a(__strtoul.o)
 .debug_abbrev  0x00003487       0x8b O:\fehqt\Proteus/EWL/lib/armv7e-m\libc.a(__filll_mem.o)
 .debug_abbrev  0x00003512       0x99 O:\fehqt\Proteus/EWL/lib/armv7e-m\libc.a(memchr.o)
 .debug_abbrev  0x000035ab       0x8d O:\fehqt\Proteus/EWL/lib/armv7e-m\libc.a(strchr.o)
 .debug_abbrev  0x00003638       0x9d O:\fehqt\Proteus/EWL/lib/armv7e-m\librt.a(gcc_ctor_dtor.o)
 .debug_abbrev  0x000036d5      0x160 O:\fehqt\Proteus/EWL/lib/armv7e-m\librt.a(ROMCopy.o)
 .debug_abbrev  0x00003835      0x1d0 O:\fehqt\Proteus/EWL/lib/armv7e-m\librt.a(__arm_eabi_init.o)

.debug_loc      0x00000000     0x63d2
 .debug_loc     0x00000000      0x144 ..\main.o
 .debug_loc     0x00000144       0xb0 Startup\__arm_start.o
 .debug_loc     0x000001f4       0x38 Startup\__arm_end.o
 .debug_loc     0x0000022c       0x84 Startup\kinetis_sysinit.o
 .debug_loc     0x000002b0       0xe0 Libraries\FEHMotor.o
 .debug_loc     0x00000390       0xe0 Drivers\i2c.o
 .debug_loc     0x00000470      0x19c Drivers\spi.o
 .debug_loc     0x0000060c       0xe0 Drivers\uart.o
 .debug_loc     0x000006ec      0xa96 Drivers\ff.o
 .debug_loc     0x00001182      0x370 Drivers\SDHC.o
 .debug_loc     0x000014f2       0x38 Drivers\lptmr.o
 .debug_loc     0x0000152a       0x64 FEHProteus.o
 .debug_loc     0x0000158e      0x118 Drivers\FEHPropeller.o
 .debug_loc     0x000016a6      0x1a8 Libraries\FEHUtility.o
 .debug_loc     0x0000184e      0x8d6 Libraries\FEHIO.o
 .debug_loc     0x00002124       0xa8 Drivers\adc16.o
 .debug_loc     0x000021cc      0x304 Libraries\FEHBuzzer.o
 .debug_loc     0x000024d0     0x1147 Libraries\FEHLCD.o
 .debug_loc     0x00003617      0x144 Libraries\FEHAccel.o
 .debug_loc     0x0000375b       0xd4 Libraries\FEHBattery.o
 .debug_loc     0x0000382f      0x1c0 Drivers\FEHXBee.o
 .debug_loc     0x000039ef      0x3b0 Libraries\FEHRPS.o
 .debug_loc     0x00003d9f      0x188 Libraries\FEHSD.o
 .debug_loc     0x00003f27       0x3f O:\fehqt\Proteus/EWL/lib/armv7e-m\libc.a(sprintf.o)
 .debug_loc     0x00003f66      0x105 O:\fehqt\Proteus/EWL/lib/armv7e-m\libc.a(vsnprintf.o)
 .debug_loc     0x0000406b       0x3e O:\fehqt\Proteus/EWL/lib/armv7e-m\libc.a(exit.o)
 .debug_loc     0x000040a9       0x46 O:\fehqt\Proteus/EWL/lib/armv7e-m\libc.a(memcpy.o)
 .debug_loc     0x000040ef       0x64 O:\fehqt\Proteus/EWL/lib/armv7e-m\libc.a(memset.o)
 .debug_loc     0x00004153       0x31 O:\fehqt\Proteus/EWL/lib/armv7e-m\libc.a(strlen.o)
 .debug_loc     0x00004184     0x106f O:\fehqt\Proteus/EWL/lib/armv7e-m\libc.a(printformat_.o)
 .debug_loc     0x000051f3      0x8cb O:\fehqt\Proteus/EWL/lib/armv7e-m\libc.a(scanformat_.o)
 .debug_loc     0x00005abe      0x18e O:\fehqt\Proteus/EWL/lib/armv7e-m\libc.a(ctype_aeabi.o)
 .debug_loc     0x00005c4c      0x2ad O:\fehqt\Proteus/EWL/lib/armv7e-m\libc.a(__strtoul.o)
 .debug_loc     0x00005ef9      0x12c O:\fehqt\Proteus/EWL/lib/armv7e-m\libc.a(__filll_mem.o)
 .debug_loc     0x00006025       0x82 O:\fehqt\Proteus/EWL/lib/armv7e-m\libc.a(memchr.o)
 .debug_loc     0x000060a7       0x78 O:\fehqt\Proteus/EWL/lib/armv7e-m\libc.a(strchr.o)
 .debug_loc     0x0000611f       0xbe O:\fehqt\Proteus/EWL/lib/armv7e-m\librt.a(gcc_ctor_dtor.o)
 .debug_loc     0x000061dd       0x9b O:\fehqt\Proteus/EWL/lib/armv7e-m\librt.a(ROMCopy.o)
 .debug_loc     0x00006278      0x15a O:\fehqt\Proteus/EWL/lib/armv7e-m\librt.a(__arm_eabi_init.o)

.debug_aranges  0x00000000      0xe28
 .debug_aranges
                0x00000000       0x48 ..\main.o
 .debug_aranges
                0x00000048       0x48 Startup\__arm_start.o
 .debug_aranges
                0x00000090       0x20 Startup\__arm_end.o
 .debug_aranges
                0x000000b0       0x30 Startup\kinetis_sysinit.o
 .debug_aranges
                0x000000e0       0x38 Libraries\FEHMotor.o
 .debug_aranges
                0x00000118       0x38 Drivers\i2c.o
 .debug_aranges
                0x00000150       0x58 Drivers\spi.o
 .debug_aranges
                0x000001a8       0x38 Drivers\uart.o
 .debug_aranges
                0x000001e0      0x198 Drivers\ff.o
 .debug_aranges
                0x00000378       0x98 Drivers\SDHC.o
 .debug_aranges
                0x00000410       0x20 Drivers\lptmr.o
 .debug_aranges
                0x00000430       0x28 FEHProteus.o
 .debug_aranges
                0x00000458       0x40 Drivers\FEHPropeller.o
 .debug_aranges
                0x00000498       0x58 Libraries\FEHUtility.o
 .debug_aranges
                0x000004f0      0x160 Libraries\FEHIO.o
 .debug_aranges
                0x00000650       0x30 Drivers\adc16.o
 .debug_aranges
                0x00000680       0x88 Libraries\FEHBuzzer.o
 .debug_aranges
                0x00000708      0x290 Libraries\FEHLCD.o
 .debug_aranges
                0x00000998       0x48 Libraries\FEHAccel.o
 .debug_aranges
                0x000009e0       0x38 Libraries\FEHBattery.o
 .debug_aranges
                0x00000a18       0x58 Drivers\FEHXBee.o
 .debug_aranges
                0x00000a70       0xa0 Libraries\FEHRPS.o
 .debug_aranges
                0x00000b10       0x50 Libraries\FEHSD.o
 .debug_aranges
                0x00000b60       0x20 O:\fehqt\Proteus/EWL/lib/armv7e-m\libc.a(sprintf.o)
 .debug_aranges
                0x00000b80       0x28 O:\fehqt\Proteus/EWL/lib/armv7e-m\libc.a(vsnprintf.o)
 .debug_aranges
                0x00000ba8       0x20 O:\fehqt\Proteus/EWL/lib/armv7e-m\libc.a(exit.o)
 .debug_aranges
                0x00000bc8       0x20 O:\fehqt\Proteus/EWL/lib/armv7e-m\libc.a(memcpy.o)
 .debug_aranges
                0x00000be8       0x20 O:\fehqt\Proteus/EWL/lib/armv7e-m\libc.a(memset.o)
 .debug_aranges
                0x00000c08       0x20 O:\fehqt\Proteus/EWL/lib/armv7e-m\libc.a(strlen.o)
 .debug_aranges
                0x00000c28       0x28 O:\fehqt\Proteus/EWL/lib/armv7e-m\libc.a(printformat_.o)
 .debug_aranges
                0x00000c50       0x20 O:\fehqt\Proteus/EWL/lib/armv7e-m\libc.a(scanformat_.o)
 .debug_aranges
                0x00000c70       0x88 O:\fehqt\Proteus/EWL/lib/armv7e-m\libc.a(ctype_aeabi.o)
 .debug_aranges
                0x00000cf8       0x20 O:\fehqt\Proteus/EWL/lib/armv7e-m\libc.a(__strtoul.o)
 .debug_aranges
                0x00000d18       0x20 O:\fehqt\Proteus/EWL/lib/armv7e-m\libc.a(__filll_mem.o)
 .debug_aranges
                0x00000d38       0x20 O:\fehqt\Proteus/EWL/lib/armv7e-m\libc.a(memchr.o)
 .debug_aranges
                0x00000d58       0x20 O:\fehqt\Proteus/EWL/lib/armv7e-m\libc.a(strchr.o)
 .debug_aranges
                0x00000d78       0x28 O:\fehqt\Proteus/EWL/lib/armv7e-m\librt.a(gcc_ctor_dtor.o)
 .debug_aranges
                0x00000da0       0x30 O:\fehqt\Proteus/EWL/lib/armv7e-m\librt.a(ROMCopy.o)
 .debug_aranges
                0x00000dd0       0x58 O:\fehqt\Proteus/EWL/lib/armv7e-m\librt.a(__arm_eabi_init.o)

.debug_line     0x00000000     0x74ea
 .debug_line    0x00000000      0x304 ..\main.o
 .debug_line    0x00000304      0x3ad Startup\__arm_start.o
 .debug_line    0x000006b1      0x21a Startup\__arm_end.o
 .debug_line    0x000008cb      0x283 Startup\kinetis_sysinit.o
 .debug_line    0x00000b4e      0x237 Libraries\FEHMotor.o
 .debug_line    0x00000d85      0x2ad Drivers\i2c.o
 .debug_line    0x00001032      0x295 Drivers\spi.o
 .debug_line    0x000012c7      0x212 Drivers\uart.o
 .debug_line    0x000014d9     0x1114 Drivers\ff.o
 .debug_line    0x000025ed      0x678 Drivers\SDHC.o
 .debug_line    0x00002c65      0x1c0 Drivers\lptmr.o
 .debug_line    0x00002e25      0x1da FEHProteus.o
 .debug_line    0x00002fff      0x264 Drivers\FEHPropeller.o
 .debug_line    0x00003263      0x282 Libraries\FEHUtility.o
 .debug_line    0x000034e5      0x6ee Libraries\FEHIO.o
 .debug_line    0x00003bd3      0x20f Drivers\adc16.o
 .debug_line    0x00003de2      0x2df Libraries\FEHBuzzer.o
 .debug_line    0x000040c1     0x1151 Libraries\FEHLCD.o
 .debug_line    0x00005212      0x23f Libraries\FEHAccel.o
 .debug_line    0x00005451      0x218 Libraries\FEHBattery.o
 .debug_line    0x00005669      0x349 Drivers\FEHXBee.o
 .debug_line    0x000059b2      0x6e9 Libraries\FEHRPS.o
 .debug_line    0x0000609b      0x334 Libraries\FEHSD.o
 .debug_line    0x000063cf       0x94 O:\fehqt\Proteus/EWL/lib/armv7e-m\libc.a(sprintf.o)
 .debug_line    0x00006463       0xd2 O:\fehqt\Proteus/EWL/lib/armv7e-m\libc.a(vsnprintf.o)
 .debug_line    0x00006535       0x94 O:\fehqt\Proteus/EWL/lib/armv7e-m\libc.a(exit.o)
 .debug_line    0x000065c9       0x8d O:\fehqt\Proteus/EWL/lib/armv7e-m\libc.a(memcpy.o)
 .debug_line    0x00006656       0x8f O:\fehqt\Proteus/EWL/lib/armv7e-m\libc.a(memset.o)
 .debug_line    0x000066e5       0x89 O:\fehqt\Proteus/EWL/lib/armv7e-m\libc.a(strlen.o)
 .debug_line    0x0000676e      0x2c6 O:\fehqt\Proteus/EWL/lib/armv7e-m\libc.a(printformat_.o)
 .debug_line    0x00006a34      0x2e3 O:\fehqt\Proteus/EWL/lib/armv7e-m\libc.a(scanformat_.o)
 .debug_line    0x00006d17      0x1dd O:\fehqt\Proteus/EWL/lib/armv7e-m\libc.a(ctype_aeabi.o)
 .debug_line    0x00006ef4      0x141 O:\fehqt\Proteus/EWL/lib/armv7e-m\libc.a(__strtoul.o)
 .debug_line    0x00007035      0x121 O:\fehqt\Proteus/EWL/lib/armv7e-m\libc.a(__filll_mem.o)
 .debug_line    0x00007156       0xa3 O:\fehqt\Proteus/EWL/lib/armv7e-m\libc.a(memchr.o)
 .debug_line    0x000071f9       0x84 O:\fehqt\Proteus/EWL/lib/armv7e-m\libc.a(strchr.o)
 .debug_line    0x0000727d       0x94 O:\fehqt\Proteus/EWL/lib/armv7e-m\librt.a(gcc_ctor_dtor.o)
 .debug_line    0x00007311       0xc0 O:\fehqt\Proteus/EWL/lib/armv7e-m\librt.a(ROMCopy.o)
 .debug_line    0x000073d1      0x119 O:\fehqt\Proteus/EWL/lib/armv7e-m\librt.a(__arm_eabi_init.o)

.debug_macinfo  0x00000000   0x836bb7
 .debug_macinfo
                0x00000000    0x6444d ..\main.o
 .debug_macinfo
                0x0006444d    0x647fb Startup\__arm_start.o
 .debug_macinfo
                0x000c8c48     0x3464 Startup\__arm_end.o
 .debug_macinfo
                0x000cc0ac    0x64cce Startup\kinetis_sysinit.o
 .debug_macinfo
                0x00130d7a    0x6305c Libraries\FEHMotor.o
 .debug_macinfo
                0x00193dd6    0x6318f Drivers\i2c.o
 .debug_macinfo
                0x001f6f65    0x62fd6 Drivers\spi.o
 .debug_macinfo
                0x00259f3b    0x62fc7 Drivers\uart.o
 .debug_macinfo
                0x002bcf02     0x4396 Drivers\ff.o
 .debug_macinfo
                0x002c1298    0x6452b Drivers\SDHC.o
 .debug_macinfo
                0x003257c3    0x63036 Drivers\lptmr.o
 .debug_macinfo
                0x003887f9    0x62fdc FEHProteus.o
 .debug_macinfo
                0x003eb7d5    0x63085 Drivers\FEHPropeller.o
 .debug_macinfo
                0x0044e85a    0x62ff1 Libraries\FEHUtility.o
 .debug_macinfo
                0x004b184b    0x64348 Libraries\FEHIO.o
 .debug_macinfo
                0x00515b93    0x63678 Drivers\adc16.o
 .debug_macinfo
                0x0057920b    0x6301e Libraries\FEHBuzzer.o
 .debug_macinfo
                0x005dc229    0x649ab Libraries\FEHLCD.o
 .debug_macinfo
                0x00640bd4    0x631be Libraries\FEHAccel.o
 .debug_macinfo
                0x006a3d92    0x636a3 Libraries\FEHBattery.o
 .debug_macinfo
                0x00707435    0x63d5d Drivers\FEHXBee.o
 .debug_macinfo
                0x0076b192    0x66194 Libraries\FEHRPS.o
 .debug_macinfo
                0x007d1326    0x65891 Libraries\FEHSD.o

.debug_str      0x00000000     0x49ee
 .debug_str     0x00000000      0xdfe ..\main.o
                                0xea2 (size before relaxing)
 .debug_str     0x00000dfe      0x369 Startup\__arm_start.o
                                0xe4f (size before relaxing)
 .debug_str     0x00001167       0x23 Startup\__arm_end.o
                                 0xa3 (size before relaxing)
 .debug_str     0x0000118a      0x1df Startup\kinetis_sysinit.o
                                0x34e (size before relaxing)
 .debug_str     0x00001369       0x2f Libraries\FEHMotor.o
                                0x2c1 (size before relaxing)
 .debug_str     0x00001398      0x11a Drivers\i2c.o
                                0x1ea (size before relaxing)
 .debug_str     0x000014b2      0x18b Drivers\spi.o
                                0x3a3 (size before relaxing)
 .debug_str     0x0000163d      0x188 Drivers\uart.o
                                0x338 (size before relaxing)
 .debug_str     0x000017c5      0x6b5 Drivers\ff.o
                                0x83b (size before relaxing)
 .debug_str     0x00001e7a      0x546 Drivers\SDHC.o
                                0x811 (size before relaxing)
 .debug_str     0x000023c0       0x5a Drivers\lptmr.o
                                0x1f1 (size before relaxing)
 .debug_str     0x0000241a       0x28 FEHProteus.o
                                0x23d (size before relaxing)
 .debug_str     0x00002442       0x1f Drivers\FEHPropeller.o
                                0x37e (size before relaxing)
 .debug_str     0x00002461       0xc0 Libraries\FEHUtility.o
                                0x1c2 (size before relaxing)
 .debug_str     0x00002521      0xe0c Libraries\FEHIO.o
                               0x1293 (size before relaxing)
 .debug_str     0x0000332d       0xd7 Drivers\adc16.o
                                0x282 (size before relaxing)
 .debug_str     0x00003404      0x1ba Libraries\FEHBuzzer.o
                                0x394 (size before relaxing)
 .debug_str     0x000035be      0x471 Libraries\FEHLCD.o
                               0x10f5 (size before relaxing)
 .debug_str     0x00003a2f       0x68 Libraries\FEHAccel.o
                                0x186 (size before relaxing)
 .debug_str     0x00003a97       0x5d Libraries\FEHBattery.o
                                0x347 (size before relaxing)
 .debug_str     0x00003af4      0x1f6 Drivers\FEHXBee.o
                                0x52d (size before relaxing)
 .debug_str     0x00003cea      0x33f Libraries\FEHRPS.o
                               0x14cb (size before relaxing)
 .debug_str     0x00004029       0x75 Libraries\FEHSD.o
                                0xf12 (size before relaxing)
 .debug_str     0x0000409e       0xab O:\fehqt\Proteus/EWL/lib/armv7e-m\libc.a(sprintf.o)
                                0x15a (size before relaxing)
 .debug_str     0x00004149       0x83 O:\fehqt\Proteus/EWL/lib/armv7e-m\libc.a(vsnprintf.o)
                                0x1c3 (size before relaxing)
 .debug_str     0x000041cc       0x2e O:\fehqt\Proteus/EWL/lib/armv7e-m\libc.a(exit.o)
                                0x14e (size before relaxing)
 .debug_str     0x000041fa       0x1c O:\fehqt\Proteus/EWL/lib/armv7e-m\libc.a(memcpy.o)
                                0x138 (size before relaxing)
 .debug_str     0x00004216       0x1c O:\fehqt\Proteus/EWL/lib/armv7e-m\libc.a(memset.o)
                                0x140 (size before relaxing)
 .debug_str     0x00004232       0x24 O:\fehqt\Proteus/EWL/lib/armv7e-m\libc.a(strlen.o)
                                0x140 (size before relaxing)
 .debug_str     0x00004256      0x21a O:\fehqt\Proteus/EWL/lib/armv7e-m\libc.a(printformat_.o)
                                0x3aa (size before relaxing)
 .debug_str     0x00004470      0x17b O:\fehqt\Proteus/EWL/lib/armv7e-m\libc.a(scanformat_.o)
                                0x3f0 (size before relaxing)
 .debug_str     0x000045eb       0x9d O:\fehqt\Proteus/EWL/lib/armv7e-m\libc.a(ctype_aeabi.o)
                                0x1b3 (size before relaxing)
 .debug_str     0x00004688       0x55 O:\fehqt\Proteus/EWL/lib/armv7e-m\libc.a(__strtoul.o)
                                0x1f2 (size before relaxing)
 .debug_str     0x000046dd       0x25 O:\fehqt\Proteus/EWL/lib/armv7e-m\libc.a(__filll_mem.o)
                                0x152 (size before relaxing)
 .debug_str     0x00004702       0x1c O:\fehqt\Proteus/EWL/lib/armv7e-m\libc.a(memchr.o)
                                0x148 (size before relaxing)
 .debug_str     0x0000471e       0x1c O:\fehqt\Proteus/EWL/lib/armv7e-m\libc.a(strchr.o)
                                0x137 (size before relaxing)
 .debug_str     0x0000473a      0x126 O:\fehqt\Proteus/EWL/lib/armv7e-m\librt.a(gcc_ctor_dtor.o)
                                0x185 (size before relaxing)
 .debug_str     0x00004860       0x9b O:\fehqt\Proteus/EWL/lib/armv7e-m\librt.a(ROMCopy.o)
                                0x140 (size before relaxing)
 .debug_str     0x000048fb       0xf3 O:\fehqt\Proteus/EWL/lib/armv7e-m\librt.a(__arm_eabi_init.o)
                                0x1ac (size before relaxing)

.comment        0x00000000       0x79
 .comment       0x00000000       0x79 ..\main.o
                                 0x7a (size before relaxing)
 .comment       0x00000000       0x7a Startup\__arm_start.o
 .comment       0x00000000       0x7a Startup\__arm_end.o
 .comment       0x00000000       0x7a Startup\kinetis_sysinit.o
 .comment       0x00000000       0x7a Libraries\FEHMotor.o
 .comment       0x00000000       0x7a Drivers\i2c.o
 .comment       0x00000000       0x7a Drivers\spi.o
 .comment       0x00000000       0x7a Drivers\uart.o
 .comment       0x00000000       0x7a Drivers\ff.o
 .comment       0x00000000       0x7a Drivers\SDHC.o
 .comment       0x00000000       0x7a Drivers\lptmr.o
 .comment       0x00000000       0x7a FEHProteus.o
 .comment       0x00000000       0x7a Drivers\FEHPropeller.o
 .comment       0x00000000       0x7a Libraries\FEHUtility.o
 .comment       0x00000000       0x7a Libraries\FEHIO.o
 .comment       0x00000000       0x7a Drivers\adc16.o
 .comment       0x00000000       0x7a Libraries\FEHBuzzer.o
 .comment       0x00000000       0x7a Libraries\FEHLCD.o
 .comment       0x00000000       0x7a Libraries\FEHAccel.o
 .comment       0x00000000       0x7a Libraries\FEHBattery.o
 .comment       0x00000000       0x7a Drivers\FEHXBee.o
 .comment       0x00000000       0x7a Libraries\FEHRPS.o
 .comment       0x00000000       0x7a Libraries\FEHSD.o
 .comment       0x00000000       0x7a O:\fehqt\Proteus/EWL/lib/armv7e-m\libc.a(sprintf.o)
 .comment       0x00000000       0x7a O:\fehqt\Proteus/EWL/lib/armv7e-m\libc.a(vsnprintf.o)
 .comment       0x00000000       0x7a O:\fehqt\Proteus/EWL/lib/armv7e-m\libc.a(exit.o)
 .comment       0x00000000       0x7a O:\fehqt\Proteus/EWL/lib/armv7e-m\libc.a(memcpy.o)
 .comment       0x00000000       0x7a O:\fehqt\Proteus/EWL/lib/armv7e-m\libc.a(memset.o)
 .comment       0x00000000       0x7a O:\fehqt\Proteus/EWL/lib/armv7e-m\libc.a(strlen.o)
 .comment       0x00000000       0x7a O:\fehqt\Proteus/EWL/lib/armv7e-m\libc.a(printformat_.o)
 .comment       0x00000000       0x7a O:\fehqt\Proteus/EWL/lib/armv7e-m\libc.a(scanformat_.o)
 .comment       0x00000000       0x7a O:\fehqt\Proteus/EWL/lib/armv7e-m\libc.a(ctype_aeabi.o)
 .comment       0x00000000       0x7a O:\fehqt\Proteus/EWL/lib/armv7e-m\libc.a(__strtoul.o)
 .comment       0x00000000       0x7a O:\fehqt\Proteus/EWL/lib/armv7e-m\libc.a(__filll_mem.o)
 .comment       0x00000000       0x7a O:\fehqt\Proteus/EWL/lib/armv7e-m\libc.a(memchr.o)
 .comment       0x00000000       0x7a O:\fehqt\Proteus/EWL/lib/armv7e-m\libc.a(strchr.o)
 .comment       0x00000000       0x7a O:\fehqt\Proteus/EWL/lib/armv7e-m\librt.a(gcc_ctor_dtor.o)
 .comment       0x00000000       0x7a O:\fehqt\Proteus/EWL/lib/armv7e-m\librt.a(ROMCopy.o)
 .comment       0x00000000       0x7a O:\fehqt\Proteus/EWL/lib/armv7e-m\librt.a(__arm_eabi_init.o)

.debug_frame    0x00000000     0x2940
 .debug_frame   0x00000000       0xd8 ..\main.o
 .debug_frame   0x000000d8       0x98 Startup\__arm_start.o
 .debug_frame   0x00000170       0x2c Startup\__arm_end.o
 .debug_frame   0x0000019c       0x5c Startup\kinetis_sysinit.o
 .debug_frame   0x000001f8       0x94 Libraries\FEHMotor.o
 .debug_frame   0x0000028c       0x88 Drivers\i2c.o
 .debug_frame   0x00000314       0xf8 Drivers\spi.o
 .debug_frame   0x0000040c       0x84 Drivers\uart.o
 .debug_frame   0x00000490      0x5e8 Drivers\ff.o
 .debug_frame   0x00000a78      0x1e8 Drivers\SDHC.o
 .debug_frame   0x00000c60       0x2c Drivers\lptmr.o
 .debug_frame   0x00000c8c       0x4c FEHProteus.o
 .debug_frame   0x00000cd8       0xa8 Drivers\FEHPropeller.o
 .debug_frame   0x00000d80       0xf8 Libraries\FEHUtility.o
 .debug_frame   0x00000e78      0x4e8 Libraries\FEHIO.o
 .debug_frame   0x00001360       0x64 Drivers\adc16.o
 .debug_frame   0x000013c4      0x1c8 Libraries\FEHBuzzer.o
 .debug_frame   0x0000158c      0x9c0 Libraries\FEHLCD.o
 .debug_frame   0x00001f4c       0xd8 Libraries\FEHAccel.o
 .debug_frame   0x00002024       0x8c Libraries\FEHBattery.o
 .debug_frame   0x000020b0       0xfc Drivers\FEHXBee.o
 .debug_frame   0x000021ac      0x210 Libraries\FEHRPS.o
 .debug_frame   0x000023bc       0xf0 Libraries\FEHSD.o
 .debug_frame   0x000024ac       0x34 O:\fehqt\Proteus/EWL/lib/armv7e-m\libc.a(sprintf.o)
 .debug_frame   0x000024e0       0x4c O:\fehqt\Proteus/EWL/lib/armv7e-m\libc.a(vsnprintf.o)
 .debug_frame   0x0000252c       0x28 O:\fehqt\Proteus/EWL/lib/armv7e-m\libc.a(exit.o)
 .debug_frame   0x00002554       0x28 O:\fehqt\Proteus/EWL/lib/armv7e-m\libc.a(memcpy.o)
 .debug_frame   0x0000257c       0x28 O:\fehqt\Proteus/EWL/lib/armv7e-m\libc.a(memset.o)
 .debug_frame   0x000025a4       0x20 O:\fehqt\Proteus/EWL/lib/armv7e-m\libc.a(strlen.o)
 .debug_frame   0x000025c4       0x64 O:\fehqt\Proteus/EWL/lib/armv7e-m\libc.a(printformat_.o)
 .debug_frame   0x00002628       0x3c O:\fehqt\Proteus/EWL/lib/armv7e-m\libc.a(scanformat_.o)
 .debug_frame   0x00002664       0xf0 O:\fehqt\Proteus/EWL/lib/armv7e-m\libc.a(ctype_aeabi.o)
 .debug_frame   0x00002754       0x3c O:\fehqt\Proteus/EWL/lib/armv7e-m\libc.a(__strtoul.o)
 .debug_frame   0x00002790       0x2c O:\fehqt\Proteus/EWL/lib/armv7e-m\libc.a(__filll_mem.o)
 .debug_frame   0x000027bc       0x28 O:\fehqt\Proteus/EWL/lib/armv7e-m\libc.a(memchr.o)
 .debug_frame   0x000027e4       0x20 O:\fehqt\Proteus/EWL/lib/armv7e-m\libc.a(strchr.o)
 .debug_frame   0x00002804       0x48 O:\fehqt\Proteus/EWL/lib/armv7e-m\librt.a(gcc_ctor_dtor.o)
 .debug_frame   0x0000284c       0x48 O:\fehqt\Proteus/EWL/lib/armv7e-m\librt.a(ROMCopy.o)
 .debug_frame   0x00002894       0xac O:\fehqt\Proteus/EWL/lib/armv7e-m\librt.a(__arm_eabi_init.o)
